round 1
round 2
round 3
round 4
round 5
{
  "v0.8": {
    "meanMs": 40.5864,
    "sumRootMedianMs": 324.223,
    "rootMedianMs": [
      36.418,
      36.117,
      66.3,
      54.258,
      19.453,
      22.2,
      70.079,
      19.398
    ],
    "nodesPerRound": 42681,
    "statsPerRound": {
      "counter_updates": 1275,
      "history_paths": 27285,
      "history_updates": 1275,
      "killer_updates": 1275,
      "nnue_cache_hits": 1073,
      "nnue_calls": 35916,
      "nnue_refreshes": 22,
      "nnue_updates": 34821,
      "pvs_probes": 5692,
      "pvs_researches": 153,
      "qnodes": 38444,
      "qstand_cutoffs": 26456,
      "tt_cutoffs": 1088,
      "tt_entries": 2938,
      "tt_hits": 1299,
      "tt_probes": 4237
    },
    "reductionVsOldPct": 0.0
  },
  "control": {
    "meanMs": 47.560125,
    "sumRootMedianMs": 333.07,
    "rootMedianMs": [
      49.086,
      43.007,
      52.593,
      57.72,
      25.772,
      21.405,
      59.12,
      24.367
    ],
    "nodesPerRound": 42681,
    "statsPerRound": {
      "counter_updates": 1275,
      "history_paths": 27285,
      "history_updates": 1275,
      "killer_updates": 1275,
      "nnue_cache_hits": 1073,
      "nnue_calls": 35916,
      "nnue_refreshes": 22,
      "nnue_updates": 34821,
      "pvs_probes": 5692,
      "pvs_researches": 153,
      "q_full_generations": 38444,
      "q_generated_moves": 2364885,
      "qnodes": 38444,
      "qstand_cutoffs": 26456,
      "string_order_keys": 192242,
      "tt_cutoffs": 1088,
      "tt_entries": 2938,
      "tt_hits": 1299,
      "tt_probes": 4237
    },
    "reductionVsOldPct": -2.72867748432406
  },
  "order": {
    "meanMs": 39.659774999999996,
    "sumRootMedianMs": 305.111,
    "rootMedianMs": [
      40.783,
      41.129,
      54.803,
      47.148,
      19.552,
      24.455,
      58.645,
      18.596
    ],
    "nodesPerRound": 42681,
    "statsPerRound": {
      "counter_updates": 1275,
      "history_paths": 27285,
      "history_updates": 1275,
      "integer_order_keys": 192242,
      "killer_updates": 1275,
      "nnue_cache_hits": 1073,
      "nnue_calls": 35916,
      "nnue_refreshes": 22,
      "nnue_updates": 34821,
      "pvs_probes": 5692,
      "pvs_researches": 153,
      "q_full_generations": 38444,
      "q_generated_moves": 2364885,
      "qnodes": 38444,
      "qstand_cutoffs": 26456,
      "tt_cutoffs": 1088,
      "tt_entries": 2938,
      "tt_hits": 1299,
      "tt_probes": 4237
    },
    "reductionVsOldPct": 5.894708271775917
  },
  "direct": {
    "meanMs": 36.4274,
    "sumRootMedianMs": 286.574,
    "rootMedianMs": [
      35.646,
      34.707,
      57.292,
      44.13,
      16.517,
      21.626,
      60.042,
      16.614
    ],
    "nodesPerRound": 42681,
    "statsPerRound": {
      "counter_updates": 1275,
      "history_paths": 27285,
      "history_updates": 1275,
      "killer_updates": 1275,
      "nnue_cache_hits": 1073,
      "nnue_calls": 35916,
      "nnue_refreshes": 22,
      "nnue_updates": 34821,
      "pvs_probes": 5692,
      "pvs_researches": 153,
      "q_full_generations": 2536,
      "q_generated_moves": 52773,
      "q_tactical_generations": 35908,
      "qnodes": 38444,
      "qstand_cutoffs": 26456,
      "string_order_keys": 192242,
      "tt_cutoffs": 1088,
      "tt_entries": 2938,
      "tt_hits": 1299,
      "tt_probes": 4237
    },
    "reductionVsOldPct": 11.612069470703801
  },
  "cycle1": {
    "meanMs": 32.479125,
    "sumRootMedianMs": 250.136,
    "rootMedianMs": [
      29.211,
      30.23,
      39.732,
      45.389,
      15.853,
      22.515,
      47.002,
      20.204
    ],
    "nodesPerRound": 42681,
    "statsPerRound": {
      "counter_updates": 1275,
      "history_paths": 27285,
      "history_updates": 1275,
      "integer_order_keys": 192242,
      "killer_updates": 1275,
      "nnue_cache_hits": 1073,
      "nnue_calls": 35916,
      "nnue_refreshes": 22,
      "nnue_updates": 34821,
      "pvs_probes": 5692,
      "pvs_researches": 153,
      "q_full_generations": 2536,
      "q_generated_moves": 52773,
      "q_tactical_generations": 35908,
      "qnodes": 38444,
      "qstand_cutoffs": 26456,
      "tt_cutoffs": 1088,
      "tt_entries": 2938,
      "tt_hits": 1299,
      "tt_probes": 4237
    },
    "reductionVsOldPct": 22.850630584505115
  }
}
