{"mode":"matches","i":3,"id":"12000-pair-base-2-white","plies":35,"result":{"reason":"checkmate","winner":"black"}}
{"mode":"matches","i":2,"id":"12000-pair-base-2-black","plies":46,"result":{"reason":"checkmate","winner":"white"}}
{"mode":"matches","i":0,"id":"12000-pair-base-1-black","plies":47,"result":{"reason":"checkmate","winner":"black"}}
{"mode":"matches","i":7,"id":"12000-pair-base-4-white","plies":38,"result":{"reason":"checkmate","winner":"black"}}
{"mode":"matches","i":1,"id":"12000-pair-base-1-white","plies":80,"result":{"reason":"checkmate","winner":"white"}}
{"mode":"matches","i":4,"id":"12000-pair-base-3-black","plies":55,"result":{"reason":"checkmate","winner":"black"}}
{"mode":"matches","i":11,"id":"12000-pair-base-6-white","plies":38,"result":{"reason":"checkmate","winner":"white"}}
{"mode":"matches","i":6,"id":"12000-pair-base-4-black","plies":93,"result":{"reason":"checkmate","winner":"white"}}
{"mode":"matches","i":5,"id":"12000-pair-base-3-white","plies":86,"result":{"reason":"checkmate","winner":"white"}}
{"mode":"matches","i":15,"id":"12000-pair-base-8-white","plies":88,"result":{"reason":"checkmate","winner":"black"}}
{"mode":"matches","i":10,"id":"12000-pair-base-6-black","plies":73,"result":{"reason":"checkmate","winner":"black"}}
{"mode":"matches","i":19,"id":"12000-pair-affine-2-white","plies":35,"result":{"reason":"checkmate","winner":"black"}}
{"mode":"matches","i":9,"id":"12000-pair-base-5-white","plies":84,"result":{"reason":"checkmate","winner":"black"}}
{"mode":"matches","i":8,"id":"12000-pair-base-5-black","plies":153,"result":{"reason":"checkmate","winner":"white"}}
{"mode":"matches","i":14,"id":"12000-pair-base-8-black","plies":80,"result":{"reason":"checkmate","winner":"black"}}
{"mode":"matches","i":23,"id":"12000-pair-affine-4-white","plies":60,"result":{"reason":"checkmate","winner":"black"}}
{"mode":"matches","i":18,"id":"12000-pair-affine-2-black","plies":46,"result":{"reason":"checkmate","winner":"white"}}
{"mode":"matches","i":13,"id":"12000-pair-base-7-white","plies":92,"result":{"reason":"checkmate","winner":"black"}}
{"mode":"matches","i":12,"id":"12000-pair-base-7-black","plies":109,"result":{"reason":"checkmate","winner":"white"}}
{"mode":"matches","i":27,"id":"12000-pair-affine-6-white","plies":87,"result":{"reason":"checkmate","winner":"black"}}
{"mode":"matches","i":22,"id":"12000-pair-affine-4-black","plies":47,"result":{"reason":"checkmate","winner":"white"}}
{"mode":"matches","i":17,"id":"12000-pair-affine-1-white","plies":52,"result":{"reason":"checkmate","winner":"white"}}
{"mode":"matches","i":16,"id":"12000-pair-affine-1-black","plies":52,"result":{"reason":"checkmate","winner":"white"}}
{"mode":"matches","i":31,"id":"12000-pair-affine-8-white","plies":82,"result":{"reason":"checkmate","winner":"black"}}
{"mode":"matches","i":26,"id":"12000-pair-affine-6-black","plies":82,"result":{"reason":"checkmate","winner":"white"}}
{"mode":"matches","i":21,"id":"12000-pair-affine-3-white","plies":67,"result":{"reason":"checkmate","winner":"black"}}
{"mode":"matches","i":20,"id":"12000-pair-affine-3-black","plies":71,"result":{"reason":"checkmate","winner":"black"}}
{"mode":"matches","i":25,"id":"12000-pair-affine-5-white","plies":51,"result":{"reason":"checkmate","winner":"white"}}
{"mode":"matches","i":30,"id":"12000-pair-affine-8-black","plies":80,"result":{"reason":"checkmate","winner":"black"}}
{"mode":"matches","i":35,"id":"48000-pair-base-2-white","plies":79,"result":{"reason":"checkmate","winner":"black"}}
{"mode":"matches","i":29,"id":"12000-pair-affine-7-white","plies":115,"result":{"reason":"checkmate","winner":"white"}}
{"mode":"matches","i":24,"id":"12000-pair-affine-5-black","plies":159,"result":{"reason":"checkmate","winner":"white"}}
{"mode":"matches","i":39,"id":"48000-pair-base-4-white","plies":73,"result":{"reason":"checkmate","winner":"white"}}
{"mode":"matches","i":34,"id":"48000-pair-base-2-black","plies":124,"result":{"reason":"checkmate","winner":"white"}}
{"mode":"matches","i":43,"id":"48000-pair-base-6-white","plies":34,"result":{"reason":"checkmate","winner":"white"}}
{"mode":"matches","i":28,"id":"12000-pair-affine-7-black","plies":112,"result":{"reason":"checkmate","winner":"black"}}
{"mode":"matches","i":38,"id":"48000-pair-base-4-black","plies":28,"result":{"reason":"checkmate","winner":"black"}}
{"mode":"matches","i":33,"id":"48000-pair-base-1-white","plies":112,"result":{"reason":"checkmate","winner":"white"}}
{"mode":"matches","i":32,"id":"48000-pair-base-1-black","plies":97,"result":{"reason":"checkmate","winner":"black"}}
{"mode":"matches","i":42,"id":"48000-pair-base-6-black","plies":86,"result":{"reason":"checkmate","winner":"white"}}
{"mode":"matches","i":47,"id":"48000-pair-base-8-white","plies":108,"result":{"reason":"checkmate","winner":"black"}}
{"mode":"matches","i":37,"id":"48000-pair-base-3-white","plies":98,"result":{"reason":"checkmate","winner":"white"}}
{"mode":"matches","i":36,"id":"48000-pair-base-3-black","plies":79,"result":{"reason":"checkmate","winner":"black"}}
{"mode":"matches","i":51,"id":"48000-pair-affine-2-white","plies":79,"result":{"reason":"checkmate","winner":"black"}}
{"mode":"matches","i":46,"id":"48000-pair-base-8-black","plies":94,"result":{"reason":"checkmate","winner":"black"}}
{"mode":"matches","i":41,"id":"48000-pair-base-5-white","plies":78,"result":{"reason":"checkmate","winner":"black"}}
{"mode":"matches","i":55,"id":"48000-pair-affine-4-white","plies":28,"result":{"reason":"checkmate","winner":"black"}}
{"mode":"matches","i":59,"id":"48000-pair-affine-6-white","plies":34,"result":{"reason":"checkmate","winner":"white"}}
{"mode":"matches","i":40,"id":"48000-pair-base-5-black","plies":76,"result":{"reason":"checkmate","winner":"black"}}
{"mode":"matches","i":50,"id":"48000-pair-affine-2-black","plies":92,"result":{"reason":"checkmate","winner":"white"}}
{"mode":"matches","i":63,"id":"48000-pair-affine-8-white","plies":78,"result":{"reason":"checkmate","winner":"black"}}
{"mode":"matches","i":45,"id":"48000-pair-base-7-white","plies":116,"result":{"reason":"checkmate","winner":"black"}}
{"mode":"matches","i":54,"id":"48000-pair-affine-4-black","plies":69,"result":{"reason":"checkmate","winner":"white"}}
{"mode":"matches","i":49,"id":"48000-pair-affine-1-white","plies":37,"result":{"reason":"checkmate","winner":"black"}}
{"mode":"matches","i":44,"id":"48000-pair-base-7-black","plies":107,"result":{"reason":"checkmate","winner":"white"}}
{"mode":"matches","i":48,"id":"48000-pair-affine-1-black","plies":37,"result":{"reason":"checkmate","winner":"black"}}
{"mode":"matches","i":53,"id":"48000-pair-affine-3-white","plies":72,"result":{"reason":"checkmate","winner":"white"}}
{"mode":"matches","i":58,"id":"48000-pair-affine-6-black","plies":114,"result":{"reason":"checkmate","winner":"white"}}
{"mode":"matches","i":52,"id":"48000-pair-affine-3-black","plies":108,"result":{"reason":"checkmate","winner":"white"}}
{"mode":"matches","i":57,"id":"48000-pair-affine-5-white","plies":78,"result":{"reason":"checkmate","winner":"black"}}
{"mode":"matches","i":56,"id":"48000-pair-affine-5-black","plies":70,"result":{"reason":"checkmate","winner":"black"}}
{"mode":"matches","i":62,"id":"48000-pair-affine-8-black","plies":126,"result":{"reason":"checkmate","winner":"black"}}
{"mode":"matches","i":60,"id":"48000-pair-affine-7-black","plies":88,"result":{"reason":"checkmate","winner":"black"}}
{"mode":"matches","i":61,"id":"48000-pair-affine-7-white","plies":160,"result":{"reason":"checkmate","winner":"black"}}
