{"mode":"audit","id":1,"rep":0,"name":"direct","nodes":3448,"complete":true}
{"mode":"audit","id":1,"rep":0,"name":"guarded","nodes":4110,"complete":true}
{"mode":"audit","id":1,"rep":0,"name":"verified","nodes":4189,"complete":true}
{"mode":"audit","id":1,"rep":0,"name":"efficient","nodes":4107,"complete":true}
{"mode":"audit","id":1,"rep":0,"name":"efficient005","nodes":4107,"complete":true}
{"mode":"audit","id":1,"rep":0,"name":"efficient0025","nodes":4107,"complete":true}
{"mode":"audit","id":3,"rep":0,"name":"guarded","nodes":4818,"complete":true}
{"mode":"audit","id":3,"rep":0,"name":"verified","nodes":4818,"complete":true}
{"mode":"audit","id":3,"rep":0,"name":"efficient","nodes":4818,"complete":true}
{"mode":"audit","id":3,"rep":0,"name":"efficient005","nodes":4818,"complete":true}
{"mode":"audit","id":3,"rep":0,"name":"efficient0025","nodes":4818,"complete":true}
{"mode":"audit","id":3,"rep":0,"name":"direct","nodes":4818,"complete":true}
{"mode":"audit","id":5,"rep":0,"name":"efficient","nodes":5175,"complete":true}
{"mode":"audit","id":5,"rep":0,"name":"efficient005","nodes":5175,"complete":true}
{"mode":"audit","id":5,"rep":0,"name":"efficient0025","nodes":5175,"complete":true}
{"mode":"audit","id":5,"rep":0,"name":"direct","nodes":5070,"complete":true}
{"mode":"audit","id":5,"rep":0,"name":"guarded","nodes":5175,"complete":true}
{"mode":"audit","id":5,"rep":0,"name":"verified","nodes":5335,"complete":true}
{"mode":"audit","id":7,"rep":0,"name":"efficient0025","nodes":2579,"complete":true}
{"mode":"audit","id":7,"rep":0,"name":"direct","nodes":2542,"complete":true}
{"mode":"audit","id":7,"rep":0,"name":"guarded","nodes":2579,"complete":true}
{"mode":"audit","id":7,"rep":0,"name":"verified","nodes":2628,"complete":true}
{"mode":"audit","id":7,"rep":0,"name":"efficient","nodes":2579,"complete":true}
{"mode":"audit","id":7,"rep":0,"name":"efficient005","nodes":2579,"complete":true}
{"mode":"audit","id":9,"rep":0,"name":"direct","nodes":6379,"complete":true}
{"mode":"audit","id":9,"rep":0,"name":"guarded","nodes":6393,"complete":true}
{"mode":"audit","id":9,"rep":0,"name":"verified","nodes":6583,"complete":true}
{"mode":"audit","id":9,"rep":0,"name":"efficient","nodes":6426,"complete":true}
{"mode":"audit","id":9,"rep":0,"name":"efficient005","nodes":6426,"complete":true}
{"mode":"audit","id":9,"rep":0,"name":"efficient0025","nodes":6426,"complete":true}
{"mode":"audit","id":11,"rep":0,"name":"guarded","nodes":3568,"complete":true}
{"mode":"audit","id":11,"rep":0,"name":"verified","nodes":3569,"complete":true}
{"mode":"audit","id":11,"rep":0,"name":"efficient","nodes":3568,"complete":true}
{"mode":"audit","id":11,"rep":0,"name":"efficient005","nodes":3568,"complete":true}
{"mode":"audit","id":11,"rep":0,"name":"efficient0025","nodes":3568,"complete":true}
{"mode":"audit","id":11,"rep":0,"name":"direct","nodes":3568,"complete":true}
{"mode":"audit","id":13,"rep":0,"name":"efficient","nodes":77782,"complete":true}
{"mode":"audit","id":13,"rep":0,"name":"efficient005","nodes":77530,"complete":true}
{"mode":"audit","id":13,"rep":0,"name":"efficient0025","nodes":77530,"complete":true}
{"mode":"audit","id":13,"rep":0,"name":"direct","nodes":119699,"complete":true}
{"mode":"audit","id":13,"rep":0,"name":"guarded","nodes":78406,"complete":true}
{"mode":"audit","id":13,"rep":0,"name":"verified","nodes":81287,"complete":true}
{"mode":"audit","id":15,"rep":0,"name":"efficient0025","nodes":3874,"complete":true}
{"mode":"audit","id":15,"rep":0,"name":"direct","nodes":4354,"complete":true}
{"mode":"audit","id":15,"rep":0,"name":"guarded","nodes":4232,"complete":true}
{"mode":"audit","id":15,"rep":0,"name":"verified","nodes":4000,"complete":true}
