{"mode":"audit","id":0,"rep":0,"name":"direct","nodes":5179,"complete":true}
{"mode":"audit","id":0,"rep":0,"name":"guarded","nodes":5378,"complete":true}
{"mode":"audit","id":0,"rep":0,"name":"verified","nodes":5440,"complete":true}
{"mode":"audit","id":0,"rep":0,"name":"efficient","nodes":5378,"complete":true}
{"mode":"audit","id":0,"rep":0,"name":"efficient005","nodes":5378,"complete":true}
{"mode":"audit","id":0,"rep":0,"name":"efficient0025","nodes":5378,"complete":true}
{"mode":"audit","id":2,"rep":0,"name":"direct","nodes":4544,"complete":true}
{"mode":"audit","id":2,"rep":0,"name":"guarded","nodes":4844,"complete":true}
{"mode":"audit","id":2,"rep":0,"name":"verified","nodes":4866,"complete":true}
{"mode":"audit","id":2,"rep":0,"name":"efficient","nodes":4844,"complete":true}
{"mode":"audit","id":2,"rep":0,"name":"efficient005","nodes":4844,"complete":true}
{"mode":"audit","id":2,"rep":0,"name":"efficient0025","nodes":4844,"complete":true}
{"mode":"audit","id":4,"rep":0,"name":"verified","nodes":14397,"complete":true}
{"mode":"audit","id":4,"rep":0,"name":"efficient","nodes":14295,"complete":true}
{"mode":"audit","id":4,"rep":0,"name":"efficient005","nodes":14367,"complete":true}
{"mode":"audit","id":4,"rep":0,"name":"efficient0025","nodes":14367,"complete":true}
{"mode":"audit","id":4,"rep":0,"name":"direct","nodes":13800,"complete":true}
{"mode":"audit","id":4,"rep":0,"name":"guarded","nodes":14233,"complete":true}
{"mode":"audit","id":6,"rep":0,"name":"efficient005","nodes":10139,"complete":true}
{"mode":"audit","id":6,"rep":0,"name":"efficient0025","nodes":10139,"complete":true}
{"mode":"audit","id":6,"rep":0,"name":"direct","nodes":10697,"complete":true}
{"mode":"audit","id":6,"rep":0,"name":"guarded","nodes":10130,"complete":true}
{"mode":"audit","id":6,"rep":0,"name":"verified","nodes":10488,"complete":true}
{"mode":"audit","id":6,"rep":0,"name":"efficient","nodes":10139,"complete":true}
{"mode":"audit","id":8,"rep":0,"name":"direct","nodes":31650,"complete":true}
{"mode":"audit","id":8,"rep":0,"name":"guarded","nodes":50304,"complete":true}
{"mode":"audit","id":8,"rep":0,"name":"verified","nodes":51920,"complete":true}
{"mode":"audit","id":8,"rep":0,"name":"efficient","nodes":50301,"complete":true}
{"mode":"audit","id":8,"rep":0,"name":"efficient005","nodes":49824,"complete":true}
{"mode":"audit","id":8,"rep":0,"name":"efficient0025","nodes":50031,"complete":true}
{"mode":"audit","id":10,"rep":0,"name":"direct","nodes":4681,"complete":true}
{"mode":"audit","id":10,"rep":0,"name":"guarded","nodes":4681,"complete":true}
{"mode":"audit","id":10,"rep":0,"name":"verified","nodes":4704,"complete":true}
{"mode":"audit","id":10,"rep":0,"name":"efficient","nodes":4681,"complete":true}
{"mode":"audit","id":10,"rep":0,"name":"efficient005","nodes":4681,"complete":true}
{"mode":"audit","id":10,"rep":0,"name":"efficient0025","nodes":4681,"complete":true}
{"mode":"audit","id":12,"rep":0,"name":"verified","nodes":3067,"complete":true}
{"mode":"audit","id":12,"rep":0,"name":"efficient","nodes":3059,"complete":true}
{"mode":"audit","id":12,"rep":0,"name":"efficient005","nodes":3059,"complete":true}
{"mode":"audit","id":12,"rep":0,"name":"efficient0025","nodes":3059,"complete":true}
{"mode":"audit","id":12,"rep":0,"name":"direct","nodes":3059,"complete":true}
{"mode":"audit","id":12,"rep":0,"name":"guarded","nodes":3059,"complete":true}
{"mode":"audit","id":14,"rep":0,"name":"efficient005","nodes":5176,"complete":true}
{"mode":"audit","id":14,"rep":0,"name":"efficient0025","nodes":5176,"complete":true}
{"mode":"audit","id":14,"rep":0,"name":"direct","nodes":5128,"complete":true}
{"mode":"audit","id":14,"rep":0,"name":"guarded","nodes":5176,"complete":true}
{"mode":"audit","id":14,"rep":0,"name":"verified","nodes":5298,"complete":true}
{"mode":"audit","id":14,"rep":0,"name":"efficient","nodes":5176,"complete":true}
