collect 2 3269
collect 1 3303
collect 3 2812
collect 0 5444
collect 5 4318
collect 4 7104
collect 6 9579
collect 7 5402
collect 8 9195
collect 9 8198
collect 10 7538
collect 11 6470
collect 14 9154
collect 13 7367
collect 12 8553
collect 15 6833
collect 17 7773
collect 16 9888
collect 19 6211
collect 18 9008
collect 20 4988
collect 21 9477
collect 23 7274
collect 22 10152
collect 26 4259
collect 25 8953
collect 27 5875
collect 24 5726
collect 30 3683
collect 29 4783
collect 28 8682
collect 31 4739
collect 34 2641
collect 33 4065
collect 32 3794
collect 35 6610
collect 37 2583
collect 38 8388
collect 36 4851
collect 39 9087
collect 40 4095
collect 41 7160
collect 42 4311
collect 43 7111
collect 44 7204
collect 45 11317
collect 46 7738
collect 47 9010
collect 49 7023
collect 50 5958
collect 48 5981
collect 51 8320
collect 52 7667
collect 54 5664
collect 53 5146
collect 55 7735
collect 56 2539
collect 58 5027
collect 57 7246
collect 59 6711
collect 62 6037
collect 61 7885
collect 63 6091
collect 60 10236
collect 64 2489
collect 65 3150
collect 67 8109
collect 69 8478
collect 68 5727
collect 66 11415
collect 71 7466
collect 73 4102
collect 70 9790
collect 72 9382
collect 74 5927
collect 75 7203
collect 76 7470
collect 79 10685
collect 78 5664
collect 80 2980
collect 77 6308
collect 81 2354
collect 82 8048
collect 83 8496
collect 85 7880
collect 86 6559
collect 84 8047
collect 87 7872
collect 88 1390
collect 90 5920
collect 89 10130
collect 91 7051
collect 92 6589
collect 93 6429
collect 95 6344
collect 94 6492
collect 97 6611
collect 98 3002
collect 96 5910
collect 99 12143
collect 101 8103
collect 100 7792
collect 102 5419
collect 103 5682
collect 105 5981
collect 104 5421
collect 106 6448
collect 107 11099
collect 109 8546
collect 110 3742
collect 111 11354
collect 108 10021
collect 112 8481
collect 113 4648
collect 114 5428
collect 115 9919
collect 117 2468
collect 116 7943
collect 118 8568
collect 121 9102
collect 119 9654
collect 122 5134
collect 120 10440
collect 124 5753
collect 123 9935
collect 125 7278
collect 126 2510
collect 127 2752
collect 129 3695
collect 128 7008
collect 130 9575
collect 131 12797
collect 133 9105
collect 134 9371
collect 135 5898
collect 136 7020
collect 132 10971
collect 137 3208
collect 139 7109
collect 138 10689
collect 140 10605
collect 141 4911
collect 142 6833
collect 143 5373
collect 145 4294
collect 146 4749
collect 144 6039
collect 147 8966
collect 148 5877
collect 149 7175
collect 151 1790
collect 150 5229
collect 152 8522
collect 153 9054
collect 155 7734
collect 154 10271
collect 157 6519
collect 158 6078
collect 159 6655
collect 156 4940
collect 160 6937
collect 161 7894
collect 162 7445
collect 163 5605
collect 165 3994
collect 166 8146
collect 164 9227
collect 167 8183
collect 169 6749
collect 170 9920
collect 168 6812
collect 172 6104
collect 171 6286
collect 173 11247
collect 174 7221
collect 175 5141
collect 176 4047
collect 177 11199
collect 178 9339
collect 179 6690
collect 181 6696
collect 182 3766
collect 183 2817
collect 180 6150
collect 185 7237
collect 187 8578
collect 184 5971
collect 186 5457
collect 189 5695
collect 188 8326
