{"mode":"fixed","id":0,"rep":0,"name":"base","nodes":5378,"complete":true}
{"mode":"fixed","id":0,"rep":0,"name":"delta","nodes":2825,"complete":true}
{"mode":"fixed","id":0,"rep":0,"name":"direct","nodes":4621,"complete":true}
{"mode":"fixed","id":0,"rep":0,"name":"guarded","nodes":5311,"complete":true}
{"mode":"fixed","id":0,"rep":0,"name":"verified","nodes":5373,"complete":true}
{"mode":"fixed","id":0,"rep":0,"name":"efficient","nodes":5378,"complete":true}
{"mode":"fixed","id":0,"rep":0,"name":"efficient005","nodes":5378,"complete":true}
{"mode":"fixed","id":0,"rep":0,"name":"efficient0025","nodes":5378,"complete":true}
{"mode":"fixed","id":0,"rep":1,"name":"delta","nodes":2825,"complete":true}
{"mode":"fixed","id":0,"rep":1,"name":"direct","nodes":4621,"complete":true}
{"mode":"fixed","id":0,"rep":1,"name":"guarded","nodes":5311,"complete":true}
{"mode":"fixed","id":0,"rep":1,"name":"verified","nodes":5373,"complete":true}
{"mode":"fixed","id":0,"rep":1,"name":"efficient","nodes":5378,"complete":true}
{"mode":"fixed","id":0,"rep":1,"name":"efficient005","nodes":5378,"complete":true}
{"mode":"fixed","id":0,"rep":1,"name":"efficient0025","nodes":5378,"complete":true}
{"mode":"fixed","id":0,"rep":1,"name":"base","nodes":5378,"complete":true}
{"mode":"fixed","id":0,"rep":2,"name":"direct","nodes":4621,"complete":true}
{"mode":"fixed","id":0,"rep":2,"name":"guarded","nodes":5311,"complete":true}
{"mode":"fixed","id":0,"rep":2,"name":"verified","nodes":5373,"complete":true}
{"mode":"fixed","id":0,"rep":2,"name":"efficient","nodes":5378,"complete":true}
{"mode":"fixed","id":0,"rep":2,"name":"efficient005","nodes":5378,"complete":true}
{"mode":"fixed","id":0,"rep":2,"name":"efficient0025","nodes":5378,"complete":true}
{"mode":"fixed","id":0,"rep":2,"name":"base","nodes":5378,"complete":true}
{"mode":"fixed","id":0,"rep":2,"name":"delta","nodes":2825,"complete":true}
{"mode":"fixed","id":1,"rep":0,"name":"delta","nodes":2689,"complete":true}
{"mode":"fixed","id":1,"rep":0,"name":"direct","nodes":3133,"complete":true}
{"mode":"fixed","id":1,"rep":0,"name":"guarded","nodes":4011,"complete":true}
{"mode":"fixed","id":1,"rep":0,"name":"verified","nodes":4095,"complete":true}
{"mode":"fixed","id":1,"rep":0,"name":"efficient","nodes":4089,"complete":true}
{"mode":"fixed","id":1,"rep":0,"name":"efficient005","nodes":4104,"complete":true}
{"mode":"fixed","id":1,"rep":0,"name":"efficient0025","nodes":4105,"complete":true}
{"mode":"fixed","id":1,"rep":0,"name":"base","nodes":4107,"complete":true}
{"mode":"fixed","id":1,"rep":1,"name":"direct","nodes":3133,"complete":true}
{"mode":"fixed","id":1,"rep":1,"name":"guarded","nodes":4011,"complete":true}
{"mode":"fixed","id":1,"rep":1,"name":"verified","nodes":4095,"complete":true}
{"mode":"fixed","id":1,"rep":1,"name":"efficient","nodes":4089,"complete":true}
{"mode":"fixed","id":1,"rep":1,"name":"efficient005","nodes":4104,"complete":true}
{"mode":"fixed","id":1,"rep":1,"name":"efficient0025","nodes":4105,"complete":true}
{"mode":"fixed","id":1,"rep":1,"name":"base","nodes":4107,"complete":true}
{"mode":"fixed","id":1,"rep":1,"name":"delta","nodes":2689,"complete":true}
{"mode":"fixed","id":1,"rep":2,"name":"guarded","nodes":4011,"complete":true}
{"mode":"fixed","id":1,"rep":2,"name":"verified","nodes":4095,"complete":true}
{"mode":"fixed","id":1,"rep":2,"name":"efficient","nodes":4089,"complete":true}
{"mode":"fixed","id":1,"rep":2,"name":"efficient005","nodes":4104,"complete":true}
{"mode":"fixed","id":1,"rep":2,"name":"efficient0025","nodes":4105,"complete":true}
{"mode":"fixed","id":1,"rep":2,"name":"base","nodes":4107,"complete":true}
{"mode":"fixed","id":1,"rep":2,"name":"delta","nodes":2689,"complete":true}
{"mode":"fixed","id":1,"rep":2,"name":"direct","nodes":3133,"complete":true}
{"mode":"fixed","id":2,"rep":0,"name":"direct","nodes":4335,"complete":true}
{"mode":"fixed","id":2,"rep":0,"name":"guarded","nodes":4817,"complete":true}
{"mode":"fixed","id":2,"rep":0,"name":"verified","nodes":4839,"complete":true}
{"mode":"fixed","id":2,"rep":0,"name":"efficient","nodes":4843,"complete":true}
{"mode":"fixed","id":2,"rep":0,"name":"efficient005","nodes":4844,"complete":true}
{"mode":"fixed","id":2,"rep":0,"name":"efficient0025","nodes":4844,"complete":true}
{"mode":"fixed","id":2,"rep":0,"name":"base","nodes":4844,"complete":true}
{"mode":"fixed","id":2,"rep":0,"name":"delta","nodes":3649,"complete":true}
{"mode":"fixed","id":2,"rep":1,"name":"guarded","nodes":4817,"complete":true}
{"mode":"fixed","id":2,"rep":1,"name":"verified","nodes":4839,"complete":true}
{"mode":"fixed","id":2,"rep":1,"name":"efficient","nodes":4843,"complete":true}
{"mode":"fixed","id":2,"rep":1,"name":"efficient005","nodes":4844,"complete":true}
{"mode":"fixed","id":2,"rep":1,"name":"efficient0025","nodes":4844,"complete":true}
{"mode":"fixed","id":2,"rep":1,"name":"base","nodes":4844,"complete":true}
{"mode":"fixed","id":2,"rep":1,"name":"delta","nodes":3649,"complete":true}
{"mode":"fixed","id":2,"rep":1,"name":"direct","nodes":4335,"complete":true}
{"mode":"fixed","id":2,"rep":2,"name":"verified","nodes":4839,"complete":true}
{"mode":"fixed","id":2,"rep":2,"name":"efficient","nodes":4843,"complete":true}
{"mode":"fixed","id":2,"rep":2,"name":"efficient005","nodes":4844,"complete":true}
{"mode":"fixed","id":2,"rep":2,"name":"efficient0025","nodes":4844,"complete":true}
{"mode":"fixed","id":2,"rep":2,"name":"base","nodes":4844,"complete":true}
{"mode":"fixed","id":2,"rep":2,"name":"delta","nodes":3649,"complete":true}
{"mode":"fixed","id":2,"rep":2,"name":"direct","nodes":4335,"complete":true}
{"mode":"fixed","id":2,"rep":2,"name":"guarded","nodes":4817,"complete":true}
{"mode":"fixed","id":3,"rep":0,"name":"guarded","nodes":4818,"complete":true}
{"mode":"fixed","id":3,"rep":0,"name":"verified","nodes":4818,"complete":true}
{"mode":"fixed","id":3,"rep":0,"name":"efficient","nodes":4818,"complete":true}
{"mode":"fixed","id":3,"rep":0,"name":"efficient005","nodes":4818,"complete":true}
{"mode":"fixed","id":3,"rep":0,"name":"efficient0025","nodes":4818,"complete":true}
{"mode":"fixed","id":3,"rep":0,"name":"base","nodes":4818,"complete":true}
{"mode":"fixed","id":3,"rep":0,"name":"delta","nodes":4044,"complete":true}
{"mode":"fixed","id":3,"rep":0,"name":"direct","nodes":4691,"complete":true}
{"mode":"fixed","id":3,"rep":1,"name":"verified","nodes":4818,"complete":true}
{"mode":"fixed","id":3,"rep":1,"name":"efficient","nodes":4818,"complete":true}
{"mode":"fixed","id":3,"rep":1,"name":"efficient005","nodes":4818,"complete":true}
{"mode":"fixed","id":3,"rep":1,"name":"efficient0025","nodes":4818,"complete":true}
{"mode":"fixed","id":3,"rep":1,"name":"base","nodes":4818,"complete":true}
{"mode":"fixed","id":3,"rep":1,"name":"delta","nodes":4044,"complete":true}
{"mode":"fixed","id":3,"rep":1,"name":"direct","nodes":4691,"complete":true}
{"mode":"fixed","id":3,"rep":1,"name":"guarded","nodes":4818,"complete":true}
{"mode":"fixed","id":3,"rep":2,"name":"efficient","nodes":4818,"complete":true}
{"mode":"fixed","id":3,"rep":2,"name":"efficient005","nodes":4818,"complete":true}
{"mode":"fixed","id":3,"rep":2,"name":"efficient0025","nodes":4818,"complete":true}
{"mode":"fixed","id":3,"rep":2,"name":"base","nodes":4818,"complete":true}
{"mode":"fixed","id":3,"rep":2,"name":"delta","nodes":4044,"complete":true}
{"mode":"fixed","id":3,"rep":2,"name":"direct","nodes":4691,"complete":true}
{"mode":"fixed","id":3,"rep":2,"name":"guarded","nodes":4818,"complete":true}
{"mode":"fixed","id":3,"rep":2,"name":"verified","nodes":4818,"complete":true}
{"mode":"fixed","id":4,"rep":0,"name":"verified","nodes":14219,"complete":true}
{"mode":"fixed","id":4,"rep":0,"name":"efficient","nodes":14263,"complete":true}
{"mode":"fixed","id":4,"rep":0,"name":"efficient005","nodes":14362,"complete":true}
{"mode":"fixed","id":4,"rep":0,"name":"efficient0025","nodes":14366,"complete":true}
{"mode":"fixed","id":4,"rep":0,"name":"base","nodes":14367,"complete":true}
{"mode":"fixed","id":4,"rep":0,"name":"delta","nodes":12842,"complete":true}
{"mode":"fixed","id":4,"rep":0,"name":"direct","nodes":12555,"complete":true}
{"mode":"fixed","id":4,"rep":0,"name":"guarded","nodes":14055,"complete":true}
{"mode":"fixed","id":4,"rep":1,"name":"efficient","nodes":14263,"complete":true}
{"mode":"fixed","id":4,"rep":1,"name":"efficient005","nodes":14362,"complete":true}
{"mode":"fixed","id":4,"rep":1,"name":"efficient0025","nodes":14366,"complete":true}
{"mode":"fixed","id":4,"rep":1,"name":"base","nodes":14367,"complete":true}
{"mode":"fixed","id":4,"rep":1,"name":"delta","nodes":12842,"complete":true}
{"mode":"fixed","id":4,"rep":1,"name":"direct","nodes":12555,"complete":true}
{"mode":"fixed","id":4,"rep":1,"name":"guarded","nodes":14055,"complete":true}
{"mode":"fixed","id":4,"rep":1,"name":"verified","nodes":14219,"complete":true}
{"mode":"fixed","id":4,"rep":2,"name":"efficient005","nodes":14362,"complete":true}
{"mode":"fixed","id":4,"rep":2,"name":"efficient0025","nodes":14366,"complete":true}
{"mode":"fixed","id":4,"rep":2,"name":"base","nodes":14367,"complete":true}
{"mode":"fixed","id":4,"rep":2,"name":"delta","nodes":12842,"complete":true}
{"mode":"fixed","id":4,"rep":2,"name":"direct","nodes":12555,"complete":true}
{"mode":"fixed","id":4,"rep":2,"name":"guarded","nodes":14055,"complete":true}
{"mode":"fixed","id":4,"rep":2,"name":"verified","nodes":14219,"complete":true}
{"mode":"fixed","id":4,"rep":2,"name":"efficient","nodes":14263,"complete":true}
{"mode":"fixed","id":5,"rep":0,"name":"efficient","nodes":5093,"complete":true}
{"mode":"fixed","id":5,"rep":0,"name":"efficient005","nodes":5122,"complete":true}
{"mode":"fixed","id":5,"rep":0,"name":"efficient0025","nodes":5171,"complete":true}
{"mode":"fixed","id":5,"rep":0,"name":"base","nodes":5175,"complete":true}
{"mode":"fixed","id":5,"rep":0,"name":"delta","nodes":2021,"complete":true}
{"mode":"fixed","id":5,"rep":0,"name":"direct","nodes":4266,"complete":true}
{"mode":"fixed","id":5,"rep":0,"name":"guarded","nodes":5000,"complete":true}
{"mode":"fixed","id":5,"rep":0,"name":"verified","nodes":5160,"complete":true}
{"mode":"fixed","id":5,"rep":1,"name":"efficient005","nodes":5122,"complete":true}
{"mode":"fixed","id":5,"rep":1,"name":"efficient0025","nodes":5171,"complete":true}
{"mode":"fixed","id":5,"rep":1,"name":"base","nodes":5175,"complete":true}
{"mode":"fixed","id":5,"rep":1,"name":"delta","nodes":2021,"complete":true}
{"mode":"fixed","id":5,"rep":1,"name":"direct","nodes":4266,"complete":true}
{"mode":"fixed","id":5,"rep":1,"name":"guarded","nodes":5000,"complete":true}
{"mode":"fixed","id":5,"rep":1,"name":"verified","nodes":5160,"complete":true}
{"mode":"fixed","id":5,"rep":1,"name":"efficient","nodes":5093,"complete":true}
{"mode":"fixed","id":5,"rep":2,"name":"efficient0025","nodes":5171,"complete":true}
{"mode":"fixed","id":5,"rep":2,"name":"base","nodes":5175,"complete":true}
{"mode":"fixed","id":5,"rep":2,"name":"delta","nodes":2021,"complete":true}
{"mode":"fixed","id":5,"rep":2,"name":"direct","nodes":4266,"complete":true}
{"mode":"fixed","id":5,"rep":2,"name":"guarded","nodes":5000,"complete":true}
{"mode":"fixed","id":5,"rep":2,"name":"verified","nodes":5160,"complete":true}
{"mode":"fixed","id":5,"rep":2,"name":"efficient","nodes":5093,"complete":true}
{"mode":"fixed","id":5,"rep":2,"name":"efficient005","nodes":5122,"complete":true}
{"mode":"fixed","id":6,"rep":0,"name":"efficient005","nodes":10128,"complete":true}
{"mode":"fixed","id":6,"rep":0,"name":"efficient0025","nodes":10137,"complete":true}
{"mode":"fixed","id":6,"rep":0,"name":"base","nodes":10139,"complete":true}
{"mode":"fixed","id":6,"rep":0,"name":"delta","nodes":2883,"complete":true}
{"mode":"fixed","id":6,"rep":0,"name":"direct","nodes":8781,"complete":true}
{"mode":"fixed","id":6,"rep":0,"name":"guarded","nodes":9719,"complete":true}
{"mode":"fixed","id":6,"rep":0,"name":"verified","nodes":10077,"complete":true}
{"mode":"fixed","id":6,"rep":0,"name":"efficient","nodes":10102,"complete":true}
{"mode":"fixed","id":6,"rep":1,"name":"efficient0025","nodes":10137,"complete":true}
{"mode":"fixed","id":6,"rep":1,"name":"base","nodes":10139,"complete":true}
{"mode":"fixed","id":6,"rep":1,"name":"delta","nodes":2883,"complete":true}
{"mode":"fixed","id":6,"rep":1,"name":"direct","nodes":8781,"complete":true}
{"mode":"fixed","id":6,"rep":1,"name":"guarded","nodes":9719,"complete":true}
{"mode":"fixed","id":6,"rep":1,"name":"verified","nodes":10077,"complete":true}
{"mode":"fixed","id":6,"rep":1,"name":"efficient","nodes":10102,"complete":true}
{"mode":"fixed","id":6,"rep":1,"name":"efficient005","nodes":10128,"complete":true}
{"mode":"fixed","id":6,"rep":2,"name":"base","nodes":10139,"complete":true}
{"mode":"fixed","id":6,"rep":2,"name":"delta","nodes":2883,"complete":true}
{"mode":"fixed","id":6,"rep":2,"name":"direct","nodes":8781,"complete":true}
{"mode":"fixed","id":6,"rep":2,"name":"guarded","nodes":9719,"complete":true}
{"mode":"fixed","id":6,"rep":2,"name":"verified","nodes":10077,"complete":true}
{"mode":"fixed","id":6,"rep":2,"name":"efficient","nodes":10102,"complete":true}
{"mode":"fixed","id":6,"rep":2,"name":"efficient005","nodes":10128,"complete":true}
{"mode":"fixed","id":6,"rep":2,"name":"efficient0025","nodes":10137,"complete":true}
{"mode":"fixed","id":7,"rep":0,"name":"efficient0025","nodes":2579,"complete":true}
{"mode":"fixed","id":7,"rep":0,"name":"base","nodes":2579,"complete":true}
{"mode":"fixed","id":7,"rep":0,"name":"delta","nodes":1557,"complete":true}
{"mode":"fixed","id":7,"rep":0,"name":"direct","nodes":2357,"complete":true}
{"mode":"fixed","id":7,"rep":0,"name":"guarded","nodes":2530,"complete":true}
{"mode":"fixed","id":7,"rep":0,"name":"verified","nodes":2579,"complete":true}
{"mode":"fixed","id":7,"rep":0,"name":"efficient","nodes":2576,"complete":true}
{"mode":"fixed","id":7,"rep":0,"name":"efficient005","nodes":2579,"complete":true}
{"mode":"fixed","id":7,"rep":1,"name":"base","nodes":2579,"complete":true}
{"mode":"fixed","id":7,"rep":1,"name":"delta","nodes":1557,"complete":true}
{"mode":"fixed","id":7,"rep":1,"name":"direct","nodes":2357,"complete":true}
{"mode":"fixed","id":7,"rep":1,"name":"guarded","nodes":2530,"complete":true}
{"mode":"fixed","id":7,"rep":1,"name":"verified","nodes":2579,"complete":true}
{"mode":"fixed","id":7,"rep":1,"name":"efficient","nodes":2576,"complete":true}
{"mode":"fixed","id":7,"rep":1,"name":"efficient005","nodes":2579,"complete":true}
{"mode":"fixed","id":7,"rep":1,"name":"efficient0025","nodes":2579,"complete":true}
{"mode":"fixed","id":7,"rep":2,"name":"delta","nodes":1557,"complete":true}
{"mode":"fixed","id":7,"rep":2,"name":"direct","nodes":2357,"complete":true}
{"mode":"fixed","id":7,"rep":2,"name":"guarded","nodes":2530,"complete":true}
{"mode":"fixed","id":7,"rep":2,"name":"verified","nodes":2579,"complete":true}
{"mode":"fixed","id":7,"rep":2,"name":"efficient","nodes":2576,"complete":true}
{"mode":"fixed","id":7,"rep":2,"name":"efficient005","nodes":2579,"complete":true}
{"mode":"fixed","id":7,"rep":2,"name":"efficient0025","nodes":2579,"complete":true}
{"mode":"fixed","id":7,"rep":2,"name":"base","nodes":2579,"complete":true}
{"mode":"fixed","id":8,"rep":0,"name":"base","nodes":50031,"complete":true}
{"mode":"fixed","id":8,"rep":0,"name":"delta","nodes":8158,"complete":true}
{"mode":"fixed","id":8,"rep":0,"name":"direct","nodes":22957,"complete":true}
{"mode":"fixed","id":8,"rep":0,"name":"guarded","nodes":47434,"complete":true}
{"mode":"fixed","id":8,"rep":0,"name":"verified","nodes":49050,"complete":true}
{"mode":"fixed","id":8,"rep":0,"name":"efficient","nodes":49547,"complete":true}
{"mode":"fixed","id":8,"rep":0,"name":"efficient005","nodes":49702,"complete":true}
{"mode":"fixed","id":8,"rep":0,"name":"efficient0025","nodes":49968,"complete":true}
{"mode":"fixed","id":8,"rep":1,"name":"delta","nodes":8158,"complete":true}
{"mode":"fixed","id":8,"rep":1,"name":"direct","nodes":22957,"complete":true}
{"mode":"fixed","id":8,"rep":1,"name":"guarded","nodes":47434,"complete":true}
{"mode":"fixed","id":8,"rep":1,"name":"verified","nodes":49050,"complete":true}
{"mode":"fixed","id":8,"rep":1,"name":"efficient","nodes":49547,"complete":true}
{"mode":"fixed","id":8,"rep":1,"name":"efficient005","nodes":49702,"complete":true}
{"mode":"fixed","id":8,"rep":1,"name":"efficient0025","nodes":49968,"complete":true}
{"mode":"fixed","id":8,"rep":1,"name":"base","nodes":50031,"complete":true}
{"mode":"fixed","id":8,"rep":2,"name":"direct","nodes":22957,"complete":true}
{"mode":"fixed","id":8,"rep":2,"name":"guarded","nodes":47434,"complete":true}
{"mode":"fixed","id":8,"rep":2,"name":"verified","nodes":49050,"complete":true}
{"mode":"fixed","id":8,"rep":2,"name":"efficient","nodes":49547,"complete":true}
{"mode":"fixed","id":8,"rep":2,"name":"efficient005","nodes":49702,"complete":true}
{"mode":"fixed","id":8,"rep":2,"name":"efficient0025","nodes":49968,"complete":true}
{"mode":"fixed","id":8,"rep":2,"name":"base","nodes":50031,"complete":true}
{"mode":"fixed","id":8,"rep":2,"name":"delta","nodes":8158,"complete":true}
{"mode":"fixed","id":9,"rep":0,"name":"delta","nodes":4544,"complete":true}
{"mode":"fixed","id":9,"rep":0,"name":"direct","nodes":5322,"complete":true}
{"mode":"fixed","id":9,"rep":0,"name":"guarded","nodes":6193,"complete":true}
{"mode":"fixed","id":9,"rep":0,"name":"verified","nodes":6383,"complete":true}
{"mode":"fixed","id":9,"rep":0,"name":"efficient","nodes":6407,"complete":true}
{"mode":"fixed","id":9,"rep":0,"name":"efficient005","nodes":6425,"complete":true}
{"mode":"fixed","id":9,"rep":0,"name":"efficient0025","nodes":6426,"complete":true}
{"mode":"fixed","id":9,"rep":0,"name":"base","nodes":6426,"complete":true}
{"mode":"fixed","id":9,"rep":1,"name":"direct","nodes":5322,"complete":true}
{"mode":"fixed","id":9,"rep":1,"name":"guarded","nodes":6193,"complete":true}
{"mode":"fixed","id":9,"rep":1,"name":"verified","nodes":6383,"complete":true}
{"mode":"fixed","id":9,"rep":1,"name":"efficient","nodes":6407,"complete":true}
{"mode":"fixed","id":9,"rep":1,"name":"efficient005","nodes":6425,"complete":true}
{"mode":"fixed","id":9,"rep":1,"name":"efficient0025","nodes":6426,"complete":true}
{"mode":"fixed","id":9,"rep":1,"name":"base","nodes":6426,"complete":true}
{"mode":"fixed","id":9,"rep":1,"name":"delta","nodes":4544,"complete":true}
{"mode":"fixed","id":9,"rep":2,"name":"guarded","nodes":6193,"complete":true}
{"mode":"fixed","id":9,"rep":2,"name":"verified","nodes":6383,"complete":true}
{"mode":"fixed","id":9,"rep":2,"name":"efficient","nodes":6407,"complete":true}
{"mode":"fixed","id":9,"rep":2,"name":"efficient005","nodes":6425,"complete":true}
{"mode":"fixed","id":9,"rep":2,"name":"efficient0025","nodes":6426,"complete":true}
{"mode":"fixed","id":9,"rep":2,"name":"base","nodes":6426,"complete":true}
{"mode":"fixed","id":9,"rep":2,"name":"delta","nodes":4544,"complete":true}
{"mode":"fixed","id":9,"rep":2,"name":"direct","nodes":5322,"complete":true}
{"mode":"fixed","id":10,"rep":0,"name":"direct","nodes":4211,"complete":true}
{"mode":"fixed","id":10,"rep":0,"name":"guarded","nodes":4659,"complete":true}
{"mode":"fixed","id":10,"rep":0,"name":"verified","nodes":4682,"complete":true}
{"mode":"fixed","id":10,"rep":0,"name":"efficient","nodes":4677,"complete":true}
{"mode":"fixed","id":10,"rep":0,"name":"efficient005","nodes":4680,"complete":true}
{"mode":"fixed","id":10,"rep":0,"name":"efficient0025","nodes":4680,"complete":true}
{"mode":"fixed","id":10,"rep":0,"name":"base","nodes":4681,"complete":true}
{"mode":"fixed","id":10,"rep":0,"name":"delta","nodes":4242,"complete":true}
{"mode":"fixed","id":10,"rep":1,"name":"guarded","nodes":4659,"complete":true}
{"mode":"fixed","id":10,"rep":1,"name":"verified","nodes":4682,"complete":true}
{"mode":"fixed","id":10,"rep":1,"name":"efficient","nodes":4677,"complete":true}
{"mode":"fixed","id":10,"rep":1,"name":"efficient005","nodes":4680,"complete":true}
{"mode":"fixed","id":10,"rep":1,"name":"efficient0025","nodes":4680,"complete":true}
{"mode":"fixed","id":10,"rep":1,"name":"base","nodes":4681,"complete":true}
{"mode":"fixed","id":10,"rep":1,"name":"delta","nodes":4242,"complete":true}
{"mode":"fixed","id":10,"rep":1,"name":"direct","nodes":4211,"complete":true}
{"mode":"fixed","id":10,"rep":2,"name":"verified","nodes":4682,"complete":true}
{"mode":"fixed","id":10,"rep":2,"name":"efficient","nodes":4677,"complete":true}
{"mode":"fixed","id":10,"rep":2,"name":"efficient005","nodes":4680,"complete":true}
{"mode":"fixed","id":10,"rep":2,"name":"efficient0025","nodes":4680,"complete":true}
{"mode":"fixed","id":10,"rep":2,"name":"base","nodes":4681,"complete":true}
{"mode":"fixed","id":10,"rep":2,"name":"delta","nodes":4242,"complete":true}
{"mode":"fixed","id":10,"rep":2,"name":"direct","nodes":4211,"complete":true}
{"mode":"fixed","id":10,"rep":2,"name":"guarded","nodes":4659,"complete":true}
{"mode":"fixed","id":11,"rep":0,"name":"guarded","nodes":3567,"complete":true}
{"mode":"fixed","id":11,"rep":0,"name":"verified","nodes":3568,"complete":true}
{"mode":"fixed","id":11,"rep":0,"name":"efficient","nodes":3567,"complete":true}
{"mode":"fixed","id":11,"rep":0,"name":"efficient005","nodes":3568,"complete":true}
{"mode":"fixed","id":11,"rep":0,"name":"efficient0025","nodes":3568,"complete":true}
{"mode":"fixed","id":11,"rep":0,"name":"base","nodes":3568,"complete":true}
{"mode":"fixed","id":11,"rep":0,"name":"delta","nodes":2934,"complete":true}
{"mode":"fixed","id":11,"rep":0,"name":"direct","nodes":3515,"complete":true}
{"mode":"fixed","id":11,"rep":1,"name":"verified","nodes":3568,"complete":true}
{"mode":"fixed","id":11,"rep":1,"name":"efficient","nodes":3567,"complete":true}
{"mode":"fixed","id":11,"rep":1,"name":"efficient005","nodes":3568,"complete":true}
{"mode":"fixed","id":11,"rep":1,"name":"efficient0025","nodes":3568,"complete":true}
{"mode":"fixed","id":11,"rep":1,"name":"base","nodes":3568,"complete":true}
{"mode":"fixed","id":11,"rep":1,"name":"delta","nodes":2934,"complete":true}
{"mode":"fixed","id":11,"rep":1,"name":"direct","nodes":3515,"complete":true}
{"mode":"fixed","id":11,"rep":1,"name":"guarded","nodes":3567,"complete":true}
{"mode":"fixed","id":11,"rep":2,"name":"efficient","nodes":3567,"complete":true}
{"mode":"fixed","id":11,"rep":2,"name":"efficient005","nodes":3568,"complete":true}
{"mode":"fixed","id":11,"rep":2,"name":"efficient0025","nodes":3568,"complete":true}
{"mode":"fixed","id":11,"rep":2,"name":"base","nodes":3568,"complete":true}
{"mode":"fixed","id":11,"rep":2,"name":"delta","nodes":2934,"complete":true}
{"mode":"fixed","id":11,"rep":2,"name":"direct","nodes":3515,"complete":true}
{"mode":"fixed","id":11,"rep":2,"name":"guarded","nodes":3567,"complete":true}
{"mode":"fixed","id":11,"rep":2,"name":"verified","nodes":3568,"complete":true}
{"mode":"fixed","id":12,"rep":0,"name":"verified","nodes":3059,"complete":true}
{"mode":"fixed","id":12,"rep":0,"name":"efficient","nodes":3058,"complete":true}
{"mode":"fixed","id":12,"rep":0,"name":"efficient005","nodes":3059,"complete":true}
{"mode":"fixed","id":12,"rep":0,"name":"efficient0025","nodes":3059,"complete":true}
{"mode":"fixed","id":12,"rep":0,"name":"base","nodes":3059,"complete":true}
{"mode":"fixed","id":12,"rep":0,"name":"delta","nodes":2784,"complete":true}
{"mode":"fixed","id":12,"rep":0,"name":"direct","nodes":2901,"complete":true}
{"mode":"fixed","id":12,"rep":0,"name":"guarded","nodes":3051,"complete":true}
{"mode":"fixed","id":12,"rep":1,"name":"efficient","nodes":3058,"complete":true}
{"mode":"fixed","id":12,"rep":1,"name":"efficient005","nodes":3059,"complete":true}
{"mode":"fixed","id":12,"rep":1,"name":"efficient0025","nodes":3059,"complete":true}
{"mode":"fixed","id":12,"rep":1,"name":"base","nodes":3059,"complete":true}
{"mode":"fixed","id":12,"rep":1,"name":"delta","nodes":2784,"complete":true}
{"mode":"fixed","id":12,"rep":1,"name":"direct","nodes":2901,"complete":true}
{"mode":"fixed","id":12,"rep":1,"name":"guarded","nodes":3051,"complete":true}
{"mode":"fixed","id":12,"rep":1,"name":"verified","nodes":3059,"complete":true}
{"mode":"fixed","id":12,"rep":2,"name":"efficient005","nodes":3059,"complete":true}
{"mode":"fixed","id":12,"rep":2,"name":"efficient0025","nodes":3059,"complete":true}
{"mode":"fixed","id":12,"rep":2,"name":"base","nodes":3059,"complete":true}
{"mode":"fixed","id":12,"rep":2,"name":"delta","nodes":2784,"complete":true}
{"mode":"fixed","id":12,"rep":2,"name":"direct","nodes":2901,"complete":true}
{"mode":"fixed","id":12,"rep":2,"name":"guarded","nodes":3051,"complete":true}
{"mode":"fixed","id":12,"rep":2,"name":"verified","nodes":3059,"complete":true}
{"mode":"fixed","id":12,"rep":2,"name":"efficient","nodes":3058,"complete":true}
{"mode":"fixed","id":13,"rep":0,"name":"efficient","nodes":77160,"complete":true}
{"mode":"fixed","id":13,"rep":0,"name":"efficient005","nodes":77192,"complete":true}
{"mode":"fixed","id":13,"rep":0,"name":"efficient0025","nodes":77401,"complete":true}
{"mode":"fixed","id":13,"rep":0,"name":"base","nodes":77706,"complete":true}
{"mode":"fixed","id":13,"rep":0,"name":"delta","nodes":11107,"complete":true}
{"mode":"fixed","id":13,"rep":0,"name":"direct","nodes":82124,"complete":true}
{"mode":"fixed","id":13,"rep":0,"name":"guarded","nodes":74305,"complete":true}
{"mode":"fixed","id":13,"rep":0,"name":"verified","nodes":77185,"complete":true}
{"mode":"fixed","id":13,"rep":1,"name":"efficient005","nodes":77192,"complete":true}
{"mode":"fixed","id":13,"rep":1,"name":"efficient0025","nodes":77401,"complete":true}
{"mode":"fixed","id":13,"rep":1,"name":"base","nodes":77706,"complete":true}
{"mode":"fixed","id":13,"rep":1,"name":"delta","nodes":11107,"complete":true}
{"mode":"fixed","id":13,"rep":1,"name":"direct","nodes":82124,"complete":true}
{"mode":"fixed","id":13,"rep":1,"name":"guarded","nodes":74305,"complete":true}
{"mode":"fixed","id":13,"rep":1,"name":"verified","nodes":77185,"complete":true}
{"mode":"fixed","id":13,"rep":1,"name":"efficient","nodes":77160,"complete":true}
{"mode":"fixed","id":13,"rep":2,"name":"efficient0025","nodes":77401,"complete":true}
{"mode":"fixed","id":13,"rep":2,"name":"base","nodes":77706,"complete":true}
{"mode":"fixed","id":13,"rep":2,"name":"delta","nodes":11107,"complete":true}
{"mode":"fixed","id":13,"rep":2,"name":"direct","nodes":82124,"complete":true}
{"mode":"fixed","id":13,"rep":2,"name":"guarded","nodes":74305,"complete":true}
{"mode":"fixed","id":13,"rep":2,"name":"verified","nodes":77185,"complete":true}
{"mode":"fixed","id":13,"rep":2,"name":"efficient","nodes":77160,"complete":true}
{"mode":"fixed","id":13,"rep":2,"name":"efficient005","nodes":77192,"complete":true}
{"mode":"fixed","id":14,"rep":0,"name":"efficient005","nodes":5166,"complete":true}
{"mode":"fixed","id":14,"rep":0,"name":"efficient0025","nodes":5176,"complete":true}
{"mode":"fixed","id":14,"rep":0,"name":"base","nodes":5176,"complete":true}
{"mode":"fixed","id":14,"rep":0,"name":"delta","nodes":3547,"complete":true}
{"mode":"fixed","id":14,"rep":0,"name":"direct","nodes":4190,"complete":true}
{"mode":"fixed","id":14,"rep":0,"name":"guarded","nodes":5037,"complete":true}
{"mode":"fixed","id":14,"rep":0,"name":"verified","nodes":5159,"complete":true}
{"mode":"fixed","id":14,"rep":0,"name":"efficient","nodes":5166,"complete":true}
{"mode":"fixed","id":14,"rep":1,"name":"efficient0025","nodes":5176,"complete":true}
{"mode":"fixed","id":14,"rep":1,"name":"base","nodes":5176,"complete":true}
{"mode":"fixed","id":14,"rep":1,"name":"delta","nodes":3547,"complete":true}
{"mode":"fixed","id":14,"rep":1,"name":"direct","nodes":4190,"complete":true}
{"mode":"fixed","id":14,"rep":1,"name":"guarded","nodes":5037,"complete":true}
{"mode":"fixed","id":14,"rep":1,"name":"verified","nodes":5159,"complete":true}
{"mode":"fixed","id":14,"rep":1,"name":"efficient","nodes":5166,"complete":true}
{"mode":"fixed","id":14,"rep":1,"name":"efficient005","nodes":5166,"complete":true}
{"mode":"fixed","id":14,"rep":2,"name":"base","nodes":5176,"complete":true}
{"mode":"fixed","id":14,"rep":2,"name":"delta","nodes":3547,"complete":true}
{"mode":"fixed","id":14,"rep":2,"name":"direct","nodes":4190,"complete":true}
{"mode":"fixed","id":14,"rep":2,"name":"guarded","nodes":5037,"complete":true}
{"mode":"fixed","id":14,"rep":2,"name":"verified","nodes":5159,"complete":true}
{"mode":"fixed","id":14,"rep":2,"name":"efficient","nodes":5166,"complete":true}
{"mode":"fixed","id":14,"rep":2,"name":"efficient005","nodes":5166,"complete":true}
{"mode":"fixed","id":14,"rep":2,"name":"efficient0025","nodes":5176,"complete":true}
{"mode":"fixed","id":15,"rep":0,"name":"efficient0025","nodes":3872,"complete":true}
{"mode":"fixed","id":15,"rep":0,"name":"base","nodes":3874,"complete":true}
{"mode":"fixed","id":15,"rep":0,"name":"delta","nodes":3057,"complete":true}
{"mode":"fixed","id":15,"rep":0,"name":"direct","nodes":3862,"complete":true}
{"mode":"fixed","id":15,"rep":0,"name":"guarded","nodes":4084,"complete":true}
{"mode":"fixed","id":15,"rep":0,"name":"verified","nodes":3919,"complete":true}
{"mode":"fixed","id":15,"rep":0,"name":"efficient","nodes":3840,"complete":true}
{"mode":"fixed","id":15,"rep":0,"name":"efficient005","nodes":3862,"complete":true}
{"mode":"fixed","id":15,"rep":1,"name":"base","nodes":3874,"complete":true}
{"mode":"fixed","id":15,"rep":1,"name":"delta","nodes":3057,"complete":true}
{"mode":"fixed","id":15,"rep":1,"name":"direct","nodes":3862,"complete":true}
{"mode":"fixed","id":15,"rep":1,"name":"guarded","nodes":4084,"complete":true}
{"mode":"fixed","id":15,"rep":1,"name":"verified","nodes":3919,"complete":true}
{"mode":"fixed","id":15,"rep":1,"name":"efficient","nodes":3840,"complete":true}
{"mode":"fixed","id":15,"rep":1,"name":"efficient005","nodes":3862,"complete":true}
{"mode":"fixed","id":15,"rep":1,"name":"efficient0025","nodes":3872,"complete":true}
{"mode":"fixed","id":15,"rep":2,"name":"delta","nodes":3057,"complete":true}
{"mode":"fixed","id":15,"rep":2,"name":"direct","nodes":3862,"complete":true}
{"mode":"fixed","id":15,"rep":2,"name":"guarded","nodes":4084,"complete":true}
{"mode":"fixed","id":15,"rep":2,"name":"verified","nodes":3919,"complete":true}
{"mode":"fixed","id":15,"rep":2,"name":"efficient","nodes":3840,"complete":true}
{"mode":"fixed","id":15,"rep":2,"name":"efficient005","nodes":3862,"complete":true}
{"mode":"fixed","id":15,"rep":2,"name":"efficient0025","nodes":3872,"complete":true}
{"mode":"fixed","id":15,"rep":2,"name":"base","nodes":3874,"complete":true}
{"mode":"fixed","id":16,"rep":0,"name":"base","nodes":4824,"complete":true}
{"mode":"fixed","id":16,"rep":0,"name":"delta","nodes":1574,"complete":true}
{"mode":"fixed","id":16,"rep":0,"name":"direct","nodes":3924,"complete":true}
{"mode":"fixed","id":16,"rep":0,"name":"guarded","nodes":4589,"complete":true}
{"mode":"fixed","id":16,"rep":0,"name":"verified","nodes":4807,"complete":true}
{"mode":"fixed","id":16,"rep":0,"name":"efficient","nodes":4805,"complete":true}
{"mode":"fixed","id":16,"rep":0,"name":"efficient005","nodes":4814,"complete":true}
{"mode":"fixed","id":16,"rep":0,"name":"efficient0025","nodes":4817,"complete":true}
{"mode":"fixed","id":16,"rep":1,"name":"delta","nodes":1574,"complete":true}
{"mode":"fixed","id":16,"rep":1,"name":"direct","nodes":3924,"complete":true}
{"mode":"fixed","id":16,"rep":1,"name":"guarded","nodes":4589,"complete":true}
{"mode":"fixed","id":16,"rep":1,"name":"verified","nodes":4807,"complete":true}
{"mode":"fixed","id":16,"rep":1,"name":"efficient","nodes":4805,"complete":true}
{"mode":"fixed","id":16,"rep":1,"name":"efficient005","nodes":4814,"complete":true}
{"mode":"fixed","id":16,"rep":1,"name":"efficient0025","nodes":4817,"complete":true}
{"mode":"fixed","id":16,"rep":1,"name":"base","nodes":4824,"complete":true}
{"mode":"fixed","id":16,"rep":2,"name":"direct","nodes":3924,"complete":true}
{"mode":"fixed","id":16,"rep":2,"name":"guarded","nodes":4589,"complete":true}
{"mode":"fixed","id":16,"rep":2,"name":"verified","nodes":4807,"complete":true}
{"mode":"fixed","id":16,"rep":2,"name":"efficient","nodes":4805,"complete":true}
{"mode":"fixed","id":16,"rep":2,"name":"efficient005","nodes":4814,"complete":true}
{"mode":"fixed","id":16,"rep":2,"name":"efficient0025","nodes":4817,"complete":true}
{"mode":"fixed","id":16,"rep":2,"name":"base","nodes":4824,"complete":true}
{"mode":"fixed","id":16,"rep":2,"name":"delta","nodes":1574,"complete":true}
{"mode":"fixed","id":17,"rep":0,"name":"delta","nodes":2011,"complete":true}
{"mode":"fixed","id":17,"rep":0,"name":"direct","nodes":3099,"complete":true}
{"mode":"fixed","id":17,"rep":0,"name":"guarded","nodes":3420,"complete":true}
{"mode":"fixed","id":17,"rep":0,"name":"verified","nodes":3561,"complete":true}
{"mode":"fixed","id":17,"rep":0,"name":"efficient","nodes":3689,"complete":true}
{"mode":"fixed","id":17,"rep":0,"name":"efficient005","nodes":3694,"complete":true}
{"mode":"fixed","id":17,"rep":0,"name":"efficient0025","nodes":3694,"complete":true}
{"mode":"fixed","id":17,"rep":0,"name":"base","nodes":3716,"complete":true}
{"mode":"fixed","id":17,"rep":1,"name":"direct","nodes":3099,"complete":true}
{"mode":"fixed","id":17,"rep":1,"name":"guarded","nodes":3420,"complete":true}
{"mode":"fixed","id":17,"rep":1,"name":"verified","nodes":3561,"complete":true}
{"mode":"fixed","id":17,"rep":1,"name":"efficient","nodes":3689,"complete":true}
{"mode":"fixed","id":17,"rep":1,"name":"efficient005","nodes":3694,"complete":true}
{"mode":"fixed","id":17,"rep":1,"name":"efficient0025","nodes":3694,"complete":true}
{"mode":"fixed","id":17,"rep":1,"name":"base","nodes":3716,"complete":true}
{"mode":"fixed","id":17,"rep":1,"name":"delta","nodes":2011,"complete":true}
{"mode":"fixed","id":17,"rep":2,"name":"guarded","nodes":3420,"complete":true}
{"mode":"fixed","id":17,"rep":2,"name":"verified","nodes":3561,"complete":true}
{"mode":"fixed","id":17,"rep":2,"name":"efficient","nodes":3689,"complete":true}
{"mode":"fixed","id":17,"rep":2,"name":"efficient005","nodes":3694,"complete":true}
{"mode":"fixed","id":17,"rep":2,"name":"efficient0025","nodes":3694,"complete":true}
{"mode":"fixed","id":17,"rep":2,"name":"base","nodes":3716,"complete":true}
{"mode":"fixed","id":17,"rep":2,"name":"delta","nodes":2011,"complete":true}
{"mode":"fixed","id":17,"rep":2,"name":"direct","nodes":3099,"complete":true}
{"mode":"fixed","id":18,"rep":0,"name":"direct","nodes":3093,"complete":true}
{"mode":"fixed","id":18,"rep":0,"name":"guarded","nodes":3464,"complete":true}
{"mode":"fixed","id":18,"rep":0,"name":"verified","nodes":3482,"complete":true}
{"mode":"fixed","id":18,"rep":0,"name":"efficient","nodes":3496,"complete":true}
{"mode":"fixed","id":18,"rep":0,"name":"efficient005","nodes":3496,"complete":true}
{"mode":"fixed","id":18,"rep":0,"name":"efficient0025","nodes":3496,"complete":true}
{"mode":"fixed","id":18,"rep":0,"name":"base","nodes":3496,"complete":true}
{"mode":"fixed","id":18,"rep":0,"name":"delta","nodes":2998,"complete":true}
{"mode":"fixed","id":18,"rep":1,"name":"guarded","nodes":3464,"complete":true}
{"mode":"fixed","id":18,"rep":1,"name":"verified","nodes":3482,"complete":true}
{"mode":"fixed","id":18,"rep":1,"name":"efficient","nodes":3496,"complete":true}
{"mode":"fixed","id":18,"rep":1,"name":"efficient005","nodes":3496,"complete":true}
{"mode":"fixed","id":18,"rep":1,"name":"efficient0025","nodes":3496,"complete":true}
{"mode":"fixed","id":18,"rep":1,"name":"base","nodes":3496,"complete":true}
{"mode":"fixed","id":18,"rep":1,"name":"delta","nodes":2998,"complete":true}
{"mode":"fixed","id":18,"rep":1,"name":"direct","nodes":3093,"complete":true}
{"mode":"fixed","id":18,"rep":2,"name":"verified","nodes":3482,"complete":true}
{"mode":"fixed","id":18,"rep":2,"name":"efficient","nodes":3496,"complete":true}
{"mode":"fixed","id":18,"rep":2,"name":"efficient005","nodes":3496,"complete":true}
{"mode":"fixed","id":18,"rep":2,"name":"efficient0025","nodes":3496,"complete":true}
{"mode":"fixed","id":18,"rep":2,"name":"base","nodes":3496,"complete":true}
{"mode":"fixed","id":18,"rep":2,"name":"delta","nodes":2998,"complete":true}
{"mode":"fixed","id":18,"rep":2,"name":"direct","nodes":3093,"complete":true}
{"mode":"fixed","id":18,"rep":2,"name":"guarded","nodes":3464,"complete":true}
{"mode":"fixed","id":19,"rep":0,"name":"guarded","nodes":5799,"complete":true}
{"mode":"fixed","id":19,"rep":0,"name":"verified","nodes":5800,"complete":true}
{"mode":"fixed","id":19,"rep":0,"name":"efficient","nodes":5799,"complete":true}
{"mode":"fixed","id":19,"rep":0,"name":"efficient005","nodes":5800,"complete":true}
{"mode":"fixed","id":19,"rep":0,"name":"efficient0025","nodes":5800,"complete":true}
{"mode":"fixed","id":19,"rep":0,"name":"base","nodes":5800,"complete":true}
{"mode":"fixed","id":19,"rep":0,"name":"delta","nodes":6049,"complete":true}
{"mode":"fixed","id":19,"rep":0,"name":"direct","nodes":5656,"complete":true}
{"mode":"fixed","id":19,"rep":1,"name":"verified","nodes":5800,"complete":true}
{"mode":"fixed","id":19,"rep":1,"name":"efficient","nodes":5799,"complete":true}
{"mode":"fixed","id":19,"rep":1,"name":"efficient005","nodes":5800,"complete":true}
{"mode":"fixed","id":19,"rep":1,"name":"efficient0025","nodes":5800,"complete":true}
{"mode":"fixed","id":19,"rep":1,"name":"base","nodes":5800,"complete":true}
{"mode":"fixed","id":19,"rep":1,"name":"delta","nodes":6049,"complete":true}
{"mode":"fixed","id":19,"rep":1,"name":"direct","nodes":5656,"complete":true}
{"mode":"fixed","id":19,"rep":1,"name":"guarded","nodes":5799,"complete":true}
{"mode":"fixed","id":19,"rep":2,"name":"efficient","nodes":5799,"complete":true}
{"mode":"fixed","id":19,"rep":2,"name":"efficient005","nodes":5800,"complete":true}
{"mode":"fixed","id":19,"rep":2,"name":"efficient0025","nodes":5800,"complete":true}
{"mode":"fixed","id":19,"rep":2,"name":"base","nodes":5800,"complete":true}
{"mode":"fixed","id":19,"rep":2,"name":"delta","nodes":6049,"complete":true}
{"mode":"fixed","id":19,"rep":2,"name":"direct","nodes":5656,"complete":true}
{"mode":"fixed","id":19,"rep":2,"name":"guarded","nodes":5799,"complete":true}
{"mode":"fixed","id":19,"rep":2,"name":"verified","nodes":5800,"complete":true}
{"mode":"fixed","id":20,"rep":0,"name":"verified","nodes":2317,"complete":true}
{"mode":"fixed","id":20,"rep":0,"name":"efficient","nodes":2317,"complete":true}
{"mode":"fixed","id":20,"rep":0,"name":"efficient005","nodes":2320,"complete":true}
{"mode":"fixed","id":20,"rep":0,"name":"efficient0025","nodes":2321,"complete":true}
{"mode":"fixed","id":20,"rep":0,"name":"base","nodes":2321,"complete":true}
{"mode":"fixed","id":20,"rep":0,"name":"delta","nodes":1701,"complete":true}
{"mode":"fixed","id":20,"rep":0,"name":"direct","nodes":2146,"complete":true}
{"mode":"fixed","id":20,"rep":0,"name":"guarded","nodes":2295,"complete":true}
{"mode":"fixed","id":20,"rep":1,"name":"efficient","nodes":2317,"complete":true}
{"mode":"fixed","id":20,"rep":1,"name":"efficient005","nodes":2320,"complete":true}
{"mode":"fixed","id":20,"rep":1,"name":"efficient0025","nodes":2321,"complete":true}
{"mode":"fixed","id":20,"rep":1,"name":"base","nodes":2321,"complete":true}
{"mode":"fixed","id":20,"rep":1,"name":"delta","nodes":1701,"complete":true}
{"mode":"fixed","id":20,"rep":1,"name":"direct","nodes":2146,"complete":true}
{"mode":"fixed","id":20,"rep":1,"name":"guarded","nodes":2295,"complete":true}
{"mode":"fixed","id":20,"rep":1,"name":"verified","nodes":2317,"complete":true}
{"mode":"fixed","id":20,"rep":2,"name":"efficient005","nodes":2320,"complete":true}
{"mode":"fixed","id":20,"rep":2,"name":"efficient0025","nodes":2321,"complete":true}
{"mode":"fixed","id":20,"rep":2,"name":"base","nodes":2321,"complete":true}
{"mode":"fixed","id":20,"rep":2,"name":"delta","nodes":1701,"complete":true}
{"mode":"fixed","id":20,"rep":2,"name":"direct","nodes":2146,"complete":true}
{"mode":"fixed","id":20,"rep":2,"name":"guarded","nodes":2295,"complete":true}
{"mode":"fixed","id":20,"rep":2,"name":"verified","nodes":2317,"complete":true}
{"mode":"fixed","id":20,"rep":2,"name":"efficient","nodes":2317,"complete":true}
{"mode":"fixed","id":21,"rep":0,"name":"efficient","nodes":6793,"complete":true}
{"mode":"fixed","id":21,"rep":0,"name":"efficient005","nodes":6797,"complete":true}
{"mode":"fixed","id":21,"rep":0,"name":"efficient0025","nodes":6797,"complete":true}
{"mode":"fixed","id":21,"rep":0,"name":"base","nodes":6797,"complete":true}
{"mode":"fixed","id":21,"rep":0,"name":"delta","nodes":6822,"complete":true}
{"mode":"fixed","id":21,"rep":0,"name":"direct","nodes":6392,"complete":true}
{"mode":"fixed","id":21,"rep":0,"name":"guarded","nodes":6688,"complete":true}
{"mode":"fixed","id":21,"rep":0,"name":"verified","nodes":6791,"complete":true}
{"mode":"fixed","id":21,"rep":1,"name":"efficient005","nodes":6797,"complete":true}
{"mode":"fixed","id":21,"rep":1,"name":"efficient0025","nodes":6797,"complete":true}
{"mode":"fixed","id":21,"rep":1,"name":"base","nodes":6797,"complete":true}
{"mode":"fixed","id":21,"rep":1,"name":"delta","nodes":6822,"complete":true}
{"mode":"fixed","id":21,"rep":1,"name":"direct","nodes":6392,"complete":true}
{"mode":"fixed","id":21,"rep":1,"name":"guarded","nodes":6688,"complete":true}
{"mode":"fixed","id":21,"rep":1,"name":"verified","nodes":6791,"complete":true}
{"mode":"fixed","id":21,"rep":1,"name":"efficient","nodes":6793,"complete":true}
{"mode":"fixed","id":21,"rep":2,"name":"efficient0025","nodes":6797,"complete":true}
{"mode":"fixed","id":21,"rep":2,"name":"base","nodes":6797,"complete":true}
{"mode":"fixed","id":21,"rep":2,"name":"delta","nodes":6822,"complete":true}
{"mode":"fixed","id":21,"rep":2,"name":"direct","nodes":6392,"complete":true}
{"mode":"fixed","id":21,"rep":2,"name":"guarded","nodes":6688,"complete":true}
{"mode":"fixed","id":21,"rep":2,"name":"verified","nodes":6791,"complete":true}
{"mode":"fixed","id":21,"rep":2,"name":"efficient","nodes":6793,"complete":true}
{"mode":"fixed","id":21,"rep":2,"name":"efficient005","nodes":6797,"complete":true}
{"mode":"fixed","id":22,"rep":0,"name":"efficient005","nodes":4155,"complete":true}
{"mode":"fixed","id":22,"rep":0,"name":"efficient0025","nodes":4155,"complete":true}
{"mode":"fixed","id":22,"rep":0,"name":"base","nodes":4155,"complete":true}
{"mode":"fixed","id":22,"rep":0,"name":"delta","nodes":3727,"complete":true}
{"mode":"fixed","id":22,"rep":0,"name":"direct","nodes":3144,"complete":true}
{"mode":"fixed","id":22,"rep":0,"name":"guarded","nodes":4013,"complete":true}
{"mode":"fixed","id":22,"rep":0,"name":"verified","nodes":4105,"complete":true}
{"mode":"fixed","id":22,"rep":0,"name":"efficient","nodes":4114,"complete":true}
{"mode":"fixed","id":22,"rep":1,"name":"efficient0025","nodes":4155,"complete":true}
{"mode":"fixed","id":22,"rep":1,"name":"base","nodes":4155,"complete":true}
{"mode":"fixed","id":22,"rep":1,"name":"delta","nodes":3727,"complete":true}
{"mode":"fixed","id":22,"rep":1,"name":"direct","nodes":3144,"complete":true}
{"mode":"fixed","id":22,"rep":1,"name":"guarded","nodes":4013,"complete":true}
{"mode":"fixed","id":22,"rep":1,"name":"verified","nodes":4105,"complete":true}
{"mode":"fixed","id":22,"rep":1,"name":"efficient","nodes":4114,"complete":true}
{"mode":"fixed","id":22,"rep":1,"name":"efficient005","nodes":4155,"complete":true}
{"mode":"fixed","id":22,"rep":2,"name":"base","nodes":4155,"complete":true}
{"mode":"fixed","id":22,"rep":2,"name":"delta","nodes":3727,"complete":true}
{"mode":"fixed","id":22,"rep":2,"name":"direct","nodes":3144,"complete":true}
{"mode":"fixed","id":22,"rep":2,"name":"guarded","nodes":4013,"complete":true}
{"mode":"fixed","id":22,"rep":2,"name":"verified","nodes":4105,"complete":true}
{"mode":"fixed","id":22,"rep":2,"name":"efficient","nodes":4114,"complete":true}
{"mode":"fixed","id":22,"rep":2,"name":"efficient005","nodes":4155,"complete":true}
{"mode":"fixed","id":22,"rep":2,"name":"efficient0025","nodes":4155,"complete":true}
{"mode":"fixed","id":23,"rep":0,"name":"efficient0025","nodes":7740,"complete":true}
{"mode":"fixed","id":23,"rep":0,"name":"base","nodes":7740,"complete":true}
{"mode":"fixed","id":23,"rep":0,"name":"delta","nodes":2459,"complete":true}
{"mode":"fixed","id":23,"rep":0,"name":"direct","nodes":6544,"complete":true}
{"mode":"fixed","id":23,"rep":0,"name":"guarded","nodes":7541,"complete":true}
{"mode":"fixed","id":23,"rep":0,"name":"verified","nodes":7720,"complete":true}
{"mode":"fixed","id":23,"rep":0,"name":"efficient","nodes":7718,"complete":true}
{"mode":"fixed","id":23,"rep":0,"name":"efficient005","nodes":7740,"complete":true}
{"mode":"fixed","id":23,"rep":1,"name":"base","nodes":7740,"complete":true}
{"mode":"fixed","id":23,"rep":1,"name":"delta","nodes":2459,"complete":true}
{"mode":"fixed","id":23,"rep":1,"name":"direct","nodes":6544,"complete":true}
{"mode":"fixed","id":23,"rep":1,"name":"guarded","nodes":7541,"complete":true}
{"mode":"fixed","id":23,"rep":1,"name":"verified","nodes":7720,"complete":true}
{"mode":"fixed","id":23,"rep":1,"name":"efficient","nodes":7718,"complete":true}
{"mode":"fixed","id":23,"rep":1,"name":"efficient005","nodes":7740,"complete":true}
{"mode":"fixed","id":23,"rep":1,"name":"efficient0025","nodes":7740,"complete":true}
{"mode":"fixed","id":23,"rep":2,"name":"delta","nodes":2459,"complete":true}
{"mode":"fixed","id":23,"rep":2,"name":"direct","nodes":6544,"complete":true}
{"mode":"fixed","id":23,"rep":2,"name":"guarded","nodes":7541,"complete":true}
{"mode":"fixed","id":23,"rep":2,"name":"verified","nodes":7720,"complete":true}
{"mode":"fixed","id":23,"rep":2,"name":"efficient","nodes":7718,"complete":true}
{"mode":"fixed","id":23,"rep":2,"name":"efficient005","nodes":7740,"complete":true}
{"mode":"fixed","id":23,"rep":2,"name":"efficient0025","nodes":7740,"complete":true}
{"mode":"fixed","id":23,"rep":2,"name":"base","nodes":7740,"complete":true}
