dev 159 efficient005 6716 True 0 1
dev 158 efficient005 2897 True 0 1
dev 160 efficient005 10663 True 0 3
dev 159 efficient0025 6716 True 0 0
dev 158 efficient0025 2897 True 0 0
dev 160 efficient0025 10663 True 0 1
dev 162 efficient005 4510 True 0 29
dev 163 efficient005 9417 True 0 36
dev 161 efficient005 61521 True 1 216
dev 164 efficient005 2387 True 0 4
dev 162 efficient0025 4510 True 0 15
dev 163 efficient0025 9417 True 0 8
dev 164 efficient0025 2387 True 0 4
dev 166 efficient005 3361 True 0 0
dev 165 efficient005 6213 True 0 13
dev 167 efficient005 12445 True 0 48
dev 166 efficient0025 3361 True 0 0
dev 165 efficient0025 6213 True 0 11
dev 161 efficient0025 64341 True 0 135
dev 167 efficient0025 12445 True 0 22
dev 168 efficient005 12282 True 0 15
dev 170 efficient005 4676 True 0 0
dev 168 efficient0025 12282 True 0 4
dev 171 efficient005 22646 True 0 208
dev 170 efficient0025 4676 True 0 0
dev 171 efficient0025 22646 True 0 149
dev 173 efficient005 27229 True 0 88
dev 172 efficient005 40486 True 2 302
dev 174 efficient005 14953 True 6 105
dev 173 efficient0025 27229 True 0 28
dev 169 efficient005 154545 True 1 2357
dev 174 efficient0025 14851 True 0 56
dev 172 efficient0025 40515 True 0 178
dev 176 efficient005 13584 True 0 1
dev 175 efficient005 27313 True 5 85
dev 177 efficient005 6569 True 0 40
dev 176 efficient0025 13584 True 0 0
dev 177 efficient0025 6569 True 0 21
dev 175 efficient0025 27191 True 0 43
dev 178 efficient005 7859 True 0 8
dev 180 efficient005 4491 True 0 0
dev 179 efficient005 19483 True 0 63
dev 178 efficient0025 7859 True 0 0
dev 180 efficient0025 4491 True 0 0
dev 179 efficient0025 19483 True 0 13
dev 182 efficient005 10185 True 0 4
dev 181 efficient005 17118 True 0 108
dev 183 efficient005 9915 True 0 10
dev 182 efficient0025 10185 True 0 0
dev 169 efficient0025 154548 True 0 1804
dev 181 efficient0025 17118 True 0 76
dev 183 efficient0025 9915 True 0 6
dev 184 efficient005 6018 True 0 0
dev 185 efficient005 7252 True 0 38
dev 186 efficient005 3403 True 0 0
dev 184 efficient0025 6018 True 0 0
dev 187 efficient005 17437 True 0 213
dev 186 efficient0025 3403 True 0 0
dev 185 efficient0025 7252 True 0 23
dev 188 efficient005 4805 True 0 5
dev 188 efficient0025 4805 True 0 3
dev 187 efficient0025 17437 True 0 86
dev 189 efficient005 23383 True 3 100
dev 189 efficient0025 23401 True 0 34
