dev 158 base 2897 True 0 0
dev 159 base 6716 True 0 0
dev 160 base 10663 True 0 0
dev 158 delta 2052 True 0 0
dev 159 delta 3735 True 0 0
dev 160 delta 4913 True 0 0
dev 158 direct 2879 True 0 482
dev 161 base 64341 True 0 0
dev 159 direct 5354 True 27 465
dev 160 direct 10651 True 0 1621
dev 158 guarded 2897 True 0 13
dev 158 verified 2910 True 0 13
dev 159 guarded 6716 True 0 17
dev 161 delta 30472 True 0 0
dev 160 guarded 10663 True 0 500
dev 158 efficient 2897 True 0 2
dev 159 verified 6733 True 0 17
dev 160 verified 11238 True 0 498
dev 158 staticcheck 2910 True 0 13
dev 159 efficient 6716 True 0 6
dev 162 base 4510 True 0 0
dev 160 efficient 10663 True 0 26
dev 159 staticcheck 6733 True 0 17
dev 162 delta 2178 True 0 0
dev 160 staticcheck 11163 True 0 435
dev 163 base 9417 True 0 0
dev 161 direct 53913 True 74 9993
dev 162 direct 4765 True 4 904
dev 164 base 2387 True 0 0
dev 163 delta 5081 True 0 0
dev 162 guarded 4825 True 3 204
dev 164 delta 1852 True 0 0
dev 162 verified 5037 True 3 204
dev 163 direct 9239 True 24 1257
dev 164 direct 2380 True 1 218
dev 161 guarded 62432 True 14 1558
dev 164 guarded 2380 True 1 51
dev 162 efficient 4510 True 0 37
dev 163 guarded 9494 True 3 419
dev 164 verified 2440 True 0 50
dev 162 staticcheck 4697 True 0 183
dev 163 verified 9828 True 1 411
dev 164 efficient 2387 True 0 5
dev 165 base 6213 True 0 0
dev 164 staticcheck 2438 True 0 48
dev 165 delta 3054 True 0 0
dev 163 efficient 9434 True 0 59
dev 161 verified 64037 True 14 1558
dev 166 base 3361 True 0 0
dev 165 direct 5834 True 1 1092
dev 163 staticcheck 9854 True 0 400
dev 166 delta 2649 True 0 0
dev 165 guarded 6213 True 0 282
dev 167 base 12445 True 0 0
dev 166 direct 3361 True 0 129
dev 165 verified 6497 True 0 282
dev 167 delta 5060 True 0 0
dev 166 guarded 3361 True 0 15
dev 161 efficient 61521 True 1 359
dev 165 efficient 6213 True 0 16
dev 166 verified 3376 True 0 14
dev 167 direct 12698 True 10 3212
dev 165 staticcheck 6495 True 0 280
dev 166 efficient 3361 True 0 0
dev 167 guarded 12445 True 0 665
dev 168 base 12282 True 0 0
dev 161 staticcheck 66071 True 0 1691
dev 166 staticcheck 3376 True 0 14
dev 168 delta 8140 True 0 0
dev 167 verified 13134 True 0 665
dev 170 base 4676 True 0 0
dev 170 delta 4135 True 0 0
dev 167 efficient 12445 True 0 85
dev 168 direct 13548 True 21 1736
dev 170 direct 4672 True 0 170
dev 167 staticcheck 13132 True 0 662
dev 168 guarded 13203 True 9 350
dev 170 guarded 4676 True 0 13
dev 170 verified 4689 True 0 13
dev 169 base 154548 True 0 0
dev 168 verified 13222 True 2 336
dev 171 base 22646 True 0 0
dev 170 efficient 4676 True 0 0
dev 170 staticcheck 4689 True 0 13
dev 168 efficient 12282 True 0 86
dev 171 delta 15526 True 0 0
dev 169 delta 20770 True 0 0
dev 168 staticcheck 12635 True 0 322
dev 172 base 40525 True 0 0
dev 171 direct 22668 True 1 3522
dev 173 base 27229 True 0 0
dev 172 delta 8776 True 0 0
dev 171 guarded 22646 True 0 748
dev 173 delta 5978 True 0 0
dev 171 verified 23401 True 0 748
dev 173 direct 26342 True 29 5706
dev 172 direct 49007 True 221 8717
dev 171 efficient 22646 True 0 249
dev 173 guarded 23927 True 1 1154
dev 171 staticcheck 23400 True 0 748
dev 172 guarded 41674 True 29 1690
dev 174 base 14851 True 0 0
dev 173 verified 25112 True 1 1154
dev 174 delta 7083 True 0 0
dev 172 verified 43782 True 29 1690
dev 173 efficient 27170 True 1 262
dev 174 direct 23027 True 97 4109
dev 169 direct 244788 True 209 54523
dev 173 staticcheck 28488 True 0 1222
dev 174 guarded 21543 True 6 785
dev 172 efficient 40622 True 2 436
dev 174 verified 15782 True 1 557
dev 175 base 27191 True 0 0
dev 174 efficient 15023 True 9 127
dev 175 delta 10562 True 0 0
dev 172 staticcheck 42437 True 0 1611
dev 176 base 13584 True 0 0
dev 174 staticcheck 15459 True 0 535
dev 177 base 6569 True 0 0
dev 176 delta 6178 True 0 0
dev 175 direct 29673 True 83 5178
dev 177 delta 3585 True 0 0
dev 176 direct 10830 True 5 1139
dev 175 guarded 27092 True 56 732
dev 177 direct 6149 True 3 982
dev 176 guarded 13584 True 0 86
dev 177 guarded 6310 True 1 196
dev 175 verified 27917 True 56 732
dev 176 verified 13673 True 0 82
dev 177 verified 6512 True 1 196
dev 169 guarded 266701 True 90 9157
dev 176 efficient 13584 True 0 2
dev 177 efficient 6569 True 0 78
dev 175 efficient 27236 True 23 120
dev 176 staticcheck 13670 True 0 79
dev 177 staticcheck 6773 True 0 197
dev 178 base 7859 True 0 0
dev 175 staticcheck 27992 True 0 740
dev 178 delta 3260 True 0 0
dev 179 base 19483 True 0 0
dev 180 base 4491 True 0 0
dev 178 direct 7777 True 0 1438
dev 179 delta 7505 True 0 0
dev 180 delta 3864 True 0 0
dev 178 guarded 7859 True 0 264
dev 179 direct 17920 True 3 2089
dev 180 direct 4545 True 2 269
dev 178 verified 8124 True 0 264
dev 180 guarded 4491 True 0 92
dev 179 guarded 18332 True 2 333
dev 178 efficient 7859 True 0 48
dev 180 verified 4590 True 0 92
dev 178 staticcheck 8123 True 0 263
dev 179 verified 19951 True 2 347
dev 180 efficient 4491 True 0 4
dev 181 base 17118 True 0 0
dev 180 staticcheck 4583 True 0 85
dev 179 efficient 19483 True 0 102
dev 169 verified 276550 True 87 9149
dev 181 delta 5948 True 0 0
dev 182 base 10185 True 0 0
dev 179 staticcheck 19844 True 0 338
dev 182 delta 3965 True 0 0
dev 181 direct 13965 True 8 2769
dev 183 base 9915 True 0 0
dev 182 direct 10118 True 1 554
dev 183 delta 8222 True 0 0
dev 182 guarded 10142 True 0 62
dev 181 guarded 17118 True 0 632
dev 183 direct 9846 True 3 361
dev 182 verified 10209 True 0 62
dev 181 verified 17756 True 0 632
dev 183 guarded 9915 True 0 89
dev 182 efficient 10185 True 0 8
dev 181 efficient 17118 True 0 144
dev 183 verified 10006 True 0 89
dev 169 efficient 154647 True 2 2668
dev 182 staticcheck 10255 True 0 65
dev 183 efficient 9915 True 0 14
dev 184 base 6018 True 0 0
dev 181 staticcheck 17757 True 0 632
dev 183 staticcheck 10006 True 0 88
dev 184 delta 6482 True 0 0
dev 186 base 3403 True 0 0
dev 184 direct 5803 True 0 236
dev 185 base 7252 True 0 0
dev 186 delta 2934 True 0 0
dev 184 guarded 5990 True 1 18
dev 185 delta 3487 True 0 0
dev 186 direct 3403 True 0 80
dev 184 verified 6010 True 1 18
dev 186 guarded 3403 True 0 6
dev 185 direct 7356 True 7 1395
dev 186 verified 3409 True 0 6
dev 184 efficient 6018 True 0 2
dev 169 staticcheck 161204 True 0 6081
dev 185 guarded 7322 True 1 270
dev 186 efficient 3403 True 0 0
dev 184 staticcheck 6040 True 0 19
dev 185 verified 7531 True 0 269
dev 187 base 17437 True 0 0
dev 186 staticcheck 3409 True 0 6
dev 188 base 4805 True 0 0
dev 185 efficient 7252 True 0 58
dev 187 delta 10179 True 0 0
dev 188 delta 2450 True 0 0
dev 189 base 23401 True 0 0
dev 185 staticcheck 7525 True 0 264
dev 188 direct 3192 True 4 496
dev 187 direct 15847 True 19 2419
dev 189 delta 11568 True 0 0
dev 188 guarded 4805 True 0 173
dev 188 verified 4980 True 0 173
dev 187 guarded 17364 True 4 904
dev 189 direct 23189 True 24 4011
dev 188 efficient 4805 True 0 9
dev 187 verified 18302 True 4 904
dev 188 staticcheck 4979 True 0 171
dev 189 guarded 23358 True 5 825
dev 187 efficient 17437 True 0 369
dev 189 verified 24253 True 4 824
dev 187 staticcheck 18368 True 0 890
dev 189 efficient 23347 True 6 162
dev 189 staticcheck 24234 True 0 775
