{
  "train_samples": 859143,
  "train_games": 63,
  "train_positive_rate": 0.23662533478128786,
  "calibration_samples": 220581,
  "calibration_positive_rate": 0.23525598306291112,
  "calibration_brier": 0.05276387716665464,
  "constant_brier": 0.17991248062014298,
  "history": [
    {
      "epoch": 0,
      "loss": 0.2509297926285012,
      "max_step": 1.6420051523317218
    },
    {
      "epoch": 1,
      "loss": 0.20727908857467528,
      "max_step": 1.064131552202648
    },
    {
      "epoch": 2,
      "loss": 0.18978610761699324,
      "max_step": 1.3833101590114936
    },
    {
      "epoch": 3,
      "loss": 0.18425237027504998,
      "max_step": 0.7671216879215251
    },
    {
      "epoch": 4,
      "loss": 0.18346047275424904,
      "max_step": 0.4024046050316011
    },
    {
      "epoch": 5,
      "loss": 0.18343945051915567,
      "max_step": 0.07534463180187737
    },
    {
      "epoch": 6,
      "loss": 0.18343943266978324,
      "max_step": 0.0021978727644111893
    },
    {
      "epoch": 7,
      "loss": 0.18343943266976964,
      "max_step": 1.8868890201908167e-06
    },
    {
      "epoch": 8,
      "loss": 0.18343943266976964,
      "max_step": 2.6780037750473217e-13
    }
  ],
  "threshold": 0.05,
  "calibration": [
    {
      "threshold": 0.001,
      "accepted": 18330,
      "false_cuts": 1,
      "false_rate": 5.455537370430988e-05,
      "games": 16,
      "reference_child_nodes": 18461
    },
    {
      "threshold": 0.0025,
      "accepted": 22375,
      "false_cuts": 1,
      "false_rate": 4.46927374301676e-05,
      "games": 16,
      "reference_child_nodes": 23074
    },
    {
      "threshold": 0.005,
      "accepted": 25550,
      "false_cuts": 4,
      "false_rate": 0.00015655577299412916,
      "games": 16,
      "reference_child_nodes": 26787
    },
    {
      "threshold": 0.01,
      "accepted": 28869,
      "false_cuts": 17,
      "false_rate": 0.0005888669507083723,
      "games": 16,
      "reference_child_nodes": 32195
    },
    {
      "threshold": 0.02,
      "accepted": 32131,
      "false_cuts": 64,
      "false_rate": 0.0019918458809249635,
      "games": 16,
      "reference_child_nodes": 39347
    },
    {
      "threshold": 0.05,
      "accepted": 35415,
      "false_cuts": 173,
      "false_rate": 0.0048849357616829025,
      "games": 16,
      "reference_child_nodes": 49711
    },
    {
      "threshold": 0.1,
      "accepted": 36942,
      "false_cuts": 247,
      "false_rate": 0.00668615667803584,
      "games": 16,
      "reference_child_nodes": 56613
    }
  ],
  "bins": [
    {
      "range": [
        0,
        0.001
      ],
      "n": 49842,
      "predicted": 0.0002534926835521665,
      "observed": 2.0063400345090488e-05
    },
    {
      "range": [
        0.001,
        0.005
      ],
      "n": 24312,
      "predicted": 0.0025593004328365145,
      "observed": 0.0002056597564988483
    },
    {
      "range": [
        0.005,
        0.01
      ],
      "n": 12777,
      "predicted": 0.007277973501704499,
      "observed": 0.001643578304766377
    },
    {
      "range": [
        0.01,
        0.02
      ],
      "n": 14743,
      "predicted": 0.014434049689311605,
      "observed": 0.0078003120124804995
    },
    {
      "range": [
        0.02,
        0.05
      ],
      "n": 22092,
      "predicted": 0.03318777120316687,
      "observed": 0.021410465326815138
    },
    {
      "range": [
        0.05,
        0.1
      ],
      "n": 16740,
      "predicted": 0.07146491727019304,
      "observed": 0.056511350059737155
    },
    {
      "range": [
        0.1,
        0.3
      ],
      "n": 21633,
      "predicted": 0.1798478956035491,
      "observed": 0.18689039892756437
    },
    {
      "range": [
        0.3,
        1.00001
      ],
      "n": 58442,
      "predicted": 0.7756797707490383,
      "observed": 0.7920502378426474
    }
  ],
  "weights": [
    -1.184643638952024,
    0.8498541298086015,
    -1.9303733496230788,
    1.3900939593167976,
    -1.3629214781568815,
    -0.438578065897037,
    -3.9487763708880443,
    -0.5953111746380119,
    1.7006793802288838,
    -0.3086729027451764,
    -1.4880007063457619,
    1.00189991365859,
    1.3538851913151315,
    -0.8420078964786903,
    -0.04245404271119955,
    0.5266219938731305,
    -0.22604384141690123
  ],
  "domain_min": [
    1.0,
    0.0,
    -2.2,
    0.1,
    0.0,
    0.166666666667,
    0.0,
    0.0625,
    0.0,
    0.0,
    0.0,
    0.0,
    0.0,
    0.0,
    0.0,
    0.0,
    0.0
  ],
  "domain_max": [
    1.0,
    8.0,
    8.0,
    1.1,
    1.2,
    1.0,
    1.0,
    1.0,
    1.0,
    1.0,
    1.13,
    0.9175,
    2.01194444444,
    8.0,
    1.0,
    1.0,
    1.0
  ]
}
