{"mode":"matches","i":0,"id":"short-anchored50-base-0-black","plies":42,"result":{"reason":"checkmate","winner":"black"}}
{"mode":"matches","i":4,"id":"short-anchored50-base-2-black","plies":48,"result":{"reason":"checkmate","winner":"black"}}
{"mode":"matches","i":8,"id":"short-anchored50-base-4-black","plies":105,"result":{"reason":"checkmate","winner":"white"}}
{"mode":"matches","i":12,"id":"short-anchored50-base-6-black","plies":74,"result":{"reason":"checkmate","winner":"black"}}
{"mode":"matches","i":16,"id":"short-anchored50-base-8-black","plies":79,"result":{"reason":"checkmate","winner":"white"}}
{"mode":"matches","i":20,"id":"short-anchored50-base-10-black","plies":89,"result":{"reason":"checkmate","winner":"black"}}
{"mode":"matches","i":24,"id":"short-anchored50-base-12-black","plies":54,"result":{"reason":"checkmate","winner":"black"}}
{"mode":"matches","i":28,"id":"short-anchored50-base-14-black","plies":111,"result":{"reason":"checkmate","winner":"white"}}
{"mode":"matches","i":32,"id":"short-tempo40-base-0-black","plies":99,"result":{"reason":"checkmate","winner":"white"}}
{"mode":"matches","i":36,"id":"short-tempo40-base-2-black","plies":48,"result":{"reason":"checkmate","winner":"black"}}
{"mode":"matches","i":40,"id":"short-tempo40-base-4-black","plies":105,"result":{"reason":"checkmate","winner":"white"}}
{"mode":"matches","i":44,"id":"short-tempo40-base-6-black","plies":76,"result":{"reason":"checkmate","winner":"black"}}
{"mode":"matches","i":48,"id":"short-tempo40-base-8-black","plies":87,"result":{"reason":"checkmate","winner":"white"}}
{"mode":"matches","i":52,"id":"short-tempo40-base-10-black","plies":106,"result":{"reason":"checkmate","winner":"white"}}
{"mode":"matches","i":56,"id":"short-tempo40-base-12-black","plies":51,"result":{"reason":"checkmate","winner":"white"}}
{"mode":"matches","i":60,"id":"short-tempo40-base-14-black","plies":150,"result":{"reason":"checkmate","winner":"black"}}
{"mode":"matches","i":64,"id":"short-anchored50-tempo40-0-black","plies":92,"result":{"reason":"checkmate","winner":"black"}}
{"mode":"matches","i":68,"id":"short-anchored50-tempo40-2-black","plies":113,"result":{"reason":"checkmate","winner":"white"}}
{"mode":"matches","i":72,"id":"short-anchored50-tempo40-4-black","plies":149,"result":{"reason":"checkmate","winner":"white"}}
{"mode":"matches","i":76,"id":"short-anchored50-tempo40-6-black","plies":104,"result":{"reason":"checkmate","winner":"black"}}
{"mode":"matches","i":80,"id":"short-anchored50-tempo40-8-black","plies":107,"result":{"reason":"checkmate","winner":"white"}}
{"mode":"matches","i":84,"id":"short-anchored50-tempo40-10-black","plies":94,"result":{"reason":"checkmate","winner":"white"}}
{"mode":"matches","i":88,"id":"short-anchored50-tempo40-12-black","plies":46,"result":{"reason":"checkmate","winner":"black"}}
{"mode":"matches","i":92,"id":"short-anchored50-tempo40-14-black","plies":118,"result":{"reason":"checkmate","winner":"black"}}
{"mode":"matches","i":96,"id":"long-anchored50-base-0-black","plies":174,"result":{"reason":"checkmate","winner":"black"}}
{"mode":"matches","i":100,"id":"long-anchored50-base-2-black","plies":48,"result":{"reason":"checkmate","winner":"black"}}
{"mode":"matches","i":104,"id":"long-anchored50-base-4-black","plies":81,"result":{"reason":"checkmate","winner":"white"}}
{"mode":"matches","i":108,"id":"long-anchored50-base-6-black","plies":129,"result":{"reason":"checkmate","winner":"white"}}
{"mode":"matches","i":112,"id":"long-anchored50-tempo40-0-black","plies":58,"result":{"reason":"checkmate","winner":"black"}}
{"mode":"matches","i":116,"id":"long-anchored50-tempo40-2-black","plies":48,"result":{"reason":"checkmate","winner":"black"}}
{"mode":"matches","i":120,"id":"long-anchored50-tempo40-4-black","plies":79,"result":{"reason":"checkmate","winner":"white"}}
{"mode":"matches","i":124,"id":"long-anchored50-tempo40-6-black","plies":80,"result":{"reason":"checkmate","winner":"black"}}
