{"mode":"matches","i":2,"id":"short-anchored50-base-1-black","plies":200,"result":{"reason":"move-limit","winner":null,"unresolved":true}}
{"mode":"matches","i":6,"id":"short-anchored50-base-3-black","plies":66,"result":{"reason":"checkmate","winner":"black"}}
{"mode":"matches","i":10,"id":"short-anchored50-base-5-black","plies":96,"result":{"reason":"checkmate","winner":"black"}}
{"mode":"matches","i":14,"id":"short-anchored50-base-7-black","plies":27,"result":{"reason":"checkmate","winner":"white"}}
{"mode":"matches","i":18,"id":"short-anchored50-base-9-black","plies":88,"result":{"reason":"checkmate","winner":"black"}}
{"mode":"matches","i":22,"id":"short-anchored50-base-11-black","plies":102,"result":{"reason":"checkmate","winner":"black"}}
{"mode":"matches","i":26,"id":"short-anchored50-base-13-black","plies":51,"result":{"reason":"checkmate","winner":"white"}}
{"mode":"matches","i":30,"id":"short-anchored50-base-15-black","plies":146,"result":{"reason":"checkmate","winner":"black"}}
{"mode":"matches","i":34,"id":"short-tempo40-base-1-black","plies":200,"result":{"reason":"move-limit","winner":null,"unresolved":true}}
{"mode":"matches","i":38,"id":"short-tempo40-base-3-black","plies":56,"result":{"reason":"checkmate","winner":"black"}}
{"mode":"matches","i":42,"id":"short-tempo40-base-5-black","plies":131,"result":{"reason":"checkmate","winner":"white"}}
{"mode":"matches","i":46,"id":"short-tempo40-base-7-black","plies":27,"result":{"reason":"checkmate","winner":"white"}}
{"mode":"matches","i":50,"id":"short-tempo40-base-9-black","plies":82,"result":{"reason":"checkmate","winner":"black"}}
{"mode":"matches","i":54,"id":"short-tempo40-base-11-black","plies":102,"result":{"reason":"checkmate","winner":"black"}}
{"mode":"matches","i":58,"id":"short-tempo40-base-13-black","plies":61,"result":{"reason":"checkmate","winner":"white"}}
{"mode":"matches","i":62,"id":"short-tempo40-base-15-black","plies":45,"result":{"reason":"checkmate","winner":"white"}}
{"mode":"matches","i":66,"id":"short-anchored50-tempo40-1-black","plies":54,"result":{"reason":"checkmate","winner":"black"}}
{"mode":"matches","i":70,"id":"short-anchored50-tempo40-3-black","plies":97,"result":{"reason":"checkmate","winner":"white"}}
{"mode":"matches","i":74,"id":"short-anchored50-tempo40-5-black","plies":85,"result":{"reason":"checkmate","winner":"white"}}
{"mode":"matches","i":78,"id":"short-anchored50-tempo40-7-black","plies":27,"result":{"reason":"checkmate","winner":"white"}}
{"mode":"matches","i":82,"id":"short-anchored50-tempo40-9-black","plies":68,"result":{"reason":"checkmate","winner":"black"}}
{"mode":"matches","i":86,"id":"short-anchored50-tempo40-11-black","plies":127,"result":{"reason":"checkmate","winner":"white"}}
{"mode":"matches","i":90,"id":"short-anchored50-tempo40-13-black","plies":43,"result":{"reason":"checkmate","winner":"white"}}
{"mode":"matches","i":94,"id":"short-anchored50-tempo40-15-black","plies":73,"result":{"reason":"checkmate","winner":"white"}}
{"mode":"matches","i":98,"id":"long-anchored50-base-1-black","plies":64,"result":{"reason":"checkmate","winner":"black"}}
{"mode":"matches","i":102,"id":"long-anchored50-base-3-black","plies":68,"result":{"reason":"checkmate","winner":"black"}}
{"mode":"matches","i":106,"id":"long-anchored50-base-5-black","plies":44,"result":{"reason":"checkmate","winner":"black"}}
{"mode":"matches","i":110,"id":"long-anchored50-base-7-black","plies":21,"result":{"reason":"checkmate","winner":"white"}}
{"mode":"matches","i":114,"id":"long-anchored50-tempo40-1-black","plies":72,"result":{"reason":"checkmate","winner":"black"}}
{"mode":"matches","i":118,"id":"long-anchored50-tempo40-3-black","plies":50,"result":{"reason":"checkmate","winner":"black"}}
{"mode":"matches","i":122,"id":"long-anchored50-tempo40-5-black","plies":91,"result":{"reason":"checkmate","winner":"white"}}
{"mode":"matches","i":126,"id":"long-anchored50-tempo40-7-black","plies":23,"result":{"reason":"checkmate","winner":"white"}}
