{"mode":"matches","i":3,"id":"short-anchored50-base-1-white","plies":83,"result":{"reason":"checkmate","winner":"white"}}
{"mode":"matches","i":7,"id":"short-anchored50-base-3-white","plies":94,"result":{"reason":"checkmate","winner":"black"}}
{"mode":"matches","i":11,"id":"short-anchored50-base-5-white","plies":124,"result":{"reason":"checkmate","winner":"black"}}
{"mode":"matches","i":15,"id":"short-anchored50-base-7-white","plies":27,"result":{"reason":"checkmate","winner":"white"}}
{"mode":"matches","i":19,"id":"short-anchored50-base-9-white","plies":165,"result":{"reason":"checkmate","winner":"white"}}
{"mode":"matches","i":23,"id":"short-anchored50-base-11-white","plies":98,"result":{"reason":"checkmate","winner":"black"}}
{"mode":"matches","i":27,"id":"short-anchored50-base-13-white","plies":41,"result":{"reason":"checkmate","winner":"white"}}
{"mode":"matches","i":31,"id":"short-anchored50-base-15-white","plies":52,"result":{"reason":"checkmate","winner":"black"}}
{"mode":"matches","i":35,"id":"short-tempo40-base-1-white","plies":139,"result":{"reason":"checkmate","winner":"white"}}
{"mode":"matches","i":39,"id":"short-tempo40-base-3-white","plies":78,"result":{"reason":"checkmate","winner":"black"}}
{"mode":"matches","i":43,"id":"short-tempo40-base-5-white","plies":101,"result":{"reason":"checkmate","winner":"white"}}
{"mode":"matches","i":47,"id":"short-tempo40-base-7-white","plies":27,"result":{"reason":"checkmate","winner":"white"}}
{"mode":"matches","i":51,"id":"short-tempo40-base-9-white","plies":165,"result":{"reason":"checkmate","winner":"white"}}
{"mode":"matches","i":55,"id":"short-tempo40-base-11-white","plies":158,"result":{"reason":"checkmate","winner":"black"}}
{"mode":"matches","i":59,"id":"short-tempo40-base-13-white","plies":45,"result":{"reason":"checkmate","winner":"white"}}
{"mode":"matches","i":63,"id":"short-tempo40-base-15-white","plies":52,"result":{"reason":"checkmate","winner":"black"}}
{"mode":"matches","i":67,"id":"short-anchored50-tempo40-1-white","plies":104,"result":{"reason":"checkmate","winner":"black"}}
{"mode":"matches","i":71,"id":"short-anchored50-tempo40-3-white","plies":56,"result":{"reason":"checkmate","winner":"black"}}
{"mode":"matches","i":75,"id":"short-anchored50-tempo40-5-white","plies":114,"result":{"reason":"checkmate","winner":"black"}}
{"mode":"matches","i":79,"id":"short-anchored50-tempo40-7-white","plies":27,"result":{"reason":"checkmate","winner":"white"}}
{"mode":"matches","i":83,"id":"short-anchored50-tempo40-9-white","plies":99,"result":{"reason":"checkmate","winner":"white"}}
{"mode":"matches","i":87,"id":"short-anchored50-tempo40-11-white","plies":88,"result":{"reason":"checkmate","winner":"black"}}
{"mode":"matches","i":91,"id":"short-anchored50-tempo40-13-white","plies":41,"result":{"reason":"checkmate","winner":"white"}}
{"mode":"matches","i":95,"id":"short-anchored50-tempo40-15-white","plies":55,"result":{"reason":"checkmate","winner":"white"}}
{"mode":"matches","i":99,"id":"long-anchored50-base-1-white","plies":140,"result":{"reason":"checkmate","winner":"black"}}
{"mode":"matches","i":103,"id":"long-anchored50-base-3-white","plies":56,"result":{"reason":"checkmate","winner":"black"}}
{"mode":"matches","i":107,"id":"long-anchored50-base-5-white","plies":95,"result":{"reason":"checkmate","winner":"white"}}
{"mode":"matches","i":111,"id":"long-anchored50-base-7-white","plies":45,"result":{"reason":"checkmate","winner":"white"}}
{"mode":"matches","i":115,"id":"long-anchored50-tempo40-1-white","plies":104,"result":{"reason":"checkmate","winner":"black"}}
{"mode":"matches","i":119,"id":"long-anchored50-tempo40-3-white","plies":70,"result":{"reason":"checkmate","winner":"black"}}
{"mode":"matches","i":123,"id":"long-anchored50-tempo40-5-white","plies":79,"result":{"reason":"checkmate","winner":"white"}}
{"mode":"matches","i":127,"id":"long-anchored50-tempo40-7-white","plies":27,"result":{"reason":"checkmate","winner":"white"}}
