{"mode":"matches","i":1,"id":"short-anchored50-base-0-white","plies":72,"result":{"reason":"checkmate","winner":"black"}}
{"mode":"matches","i":5,"id":"short-anchored50-base-2-white","plies":33,"result":{"reason":"checkmate","winner":"white"}}
{"mode":"matches","i":9,"id":"short-anchored50-base-4-white","plies":105,"result":{"reason":"checkmate","winner":"white"}}
{"mode":"matches","i":13,"id":"short-anchored50-base-6-white","plies":106,"result":{"reason":"checkmate","winner":"black"}}
{"mode":"matches","i":17,"id":"short-anchored50-base-8-white","plies":118,"result":{"reason":"checkmate","winner":"black"}}
{"mode":"matches","i":21,"id":"short-anchored50-base-10-white","plies":44,"result":{"reason":"checkmate","winner":"white"}}
{"mode":"matches","i":25,"id":"short-anchored50-base-12-white","plies":65,"result":{"reason":"checkmate","winner":"white"}}
{"mode":"matches","i":29,"id":"short-anchored50-base-14-white","plies":134,"result":{"reason":"checkmate","winner":"black"}}
{"mode":"matches","i":33,"id":"short-tempo40-base-0-white","plies":67,"result":{"reason":"checkmate","winner":"white"}}
{"mode":"matches","i":37,"id":"short-tempo40-base-2-white","plies":83,"result":{"reason":"checkmate","winner":"white"}}
{"mode":"matches","i":41,"id":"short-tempo40-base-4-white","plies":89,"result":{"reason":"checkmate","winner":"white"}}
{"mode":"matches","i":45,"id":"short-tempo40-base-6-white","plies":54,"result":{"reason":"checkmate","winner":"black"}}
{"mode":"matches","i":49,"id":"short-tempo40-base-8-white","plies":114,"result":{"reason":"checkmate","winner":"black"}}
{"mode":"matches","i":53,"id":"short-tempo40-base-10-white","plies":44,"result":{"reason":"checkmate","winner":"white"}}
{"mode":"matches","i":57,"id":"short-tempo40-base-12-white","plies":65,"result":{"reason":"checkmate","winner":"white"}}
{"mode":"matches","i":61,"id":"short-tempo40-base-14-white","plies":97,"result":{"reason":"checkmate","winner":"white"}}
{"mode":"matches","i":65,"id":"short-anchored50-tempo40-0-white","plies":54,"result":{"reason":"checkmate","winner":"black"}}
{"mode":"matches","i":69,"id":"short-anchored50-tempo40-2-white","plies":33,"result":{"reason":"checkmate","winner":"white"}}
{"mode":"matches","i":73,"id":"short-anchored50-tempo40-4-white","plies":118,"result":{"reason":"checkmate","winner":"black"}}
{"mode":"matches","i":77,"id":"short-anchored50-tempo40-6-white","plies":69,"result":{"reason":"checkmate","winner":"white"}}
{"mode":"matches","i":81,"id":"short-anchored50-tempo40-8-white","plies":87,"result":{"reason":"checkmate","winner":"white"}}
{"mode":"matches","i":85,"id":"short-anchored50-tempo40-10-white","plies":81,"result":{"reason":"checkmate","winner":"black"}}
{"mode":"matches","i":89,"id":"short-anchored50-tempo40-12-white","plies":41,"result":{"reason":"checkmate","winner":"white"}}
{"mode":"matches","i":93,"id":"short-anchored50-tempo40-14-white","plies":134,"result":{"reason":"checkmate","winner":"black"}}
{"mode":"matches","i":97,"id":"long-anchored50-base-0-white","plies":60,"result":{"reason":"checkmate","winner":"black"}}
{"mode":"matches","i":101,"id":"long-anchored50-base-2-white","plies":37,"result":{"reason":"checkmate","winner":"white"}}
{"mode":"matches","i":105,"id":"long-anchored50-base-4-white","plies":62,"result":{"reason":"checkmate","winner":"black"}}
{"mode":"matches","i":109,"id":"long-anchored50-base-6-white","plies":113,"result":{"reason":"checkmate","winner":"white"}}
{"mode":"matches","i":113,"id":"long-anchored50-tempo40-0-white","plies":80,"result":{"reason":"checkmate","winner":"black"}}
{"mode":"matches","i":117,"id":"long-anchored50-tempo40-2-white","plies":72,"result":{"reason":"checkmate","winner":"black"}}
{"mode":"matches","i":121,"id":"long-anchored50-tempo40-4-white","plies":66,"result":{"reason":"checkmate","winner":"black"}}
{"mode":"matches","i":125,"id":"long-anchored50-tempo40-6-white","plies":200,"result":{"reason":"move-limit","winner":null,"unresolved":true}}
