{"mode":"quality","i":1,"nodes":12000,"game":0,"moves":["2a4c","2a4c","2a4c"]}
{"mode":"quality","i":5,"nodes":12000,"game":1,"moves":["7c7d","8c8b","8c8b"]}
{"mode":"quality","i":9,"nodes":12000,"game":2,"moves":["6c6d","6c6d","6c6d"]}
{"mode":"quality","i":13,"nodes":12000,"game":3,"moves":["5a4a","5a4a","5a4a"]}
{"mode":"quality","i":17,"nodes":12000,"game":4,"moves":["6d6e","6d6e","6d6e"]}
{"mode":"quality","i":21,"nodes":12000,"game":5,"moves":["5c4d","5c4d","5c4d"]}
{"mode":"quality","i":25,"nodes":12000,"game":6,"moves":["8a7c","8a7c","8a7c"]}
{"mode":"quality","i":29,"nodes":12000,"game":7,"moves":["8h7h","8h7h","8h7h"]}
{"mode":"quality","i":33,"nodes":12000,"game":8,"moves":["P*7d","P*7d","P*7d"]}
{"mode":"quality","i":37,"nodes":12000,"game":9,"moves":["P*6f","P*6f","P*6f"]}
{"mode":"quality","i":41,"nodes":12000,"game":10,"moves":["4f4e","B*8c","4f4e"]}
{"mode":"quality","i":45,"nodes":12000,"game":11,"moves":["5b4c","5b4c","5b4c"]}
{"mode":"quality","i":49,"nodes":12000,"game":12,"moves":["8f8g+","8f8g+","8f8g+"]}
{"mode":"quality","i":53,"nodes":12000,"game":13,"moves":["9i8i","9i8i","9i8i"]}
{"mode":"quality","i":57,"nodes":12000,"game":14,"moves":["2b3b","2b3b","2b3b"]}
{"mode":"quality","i":61,"nodes":12000,"game":15,"moves":["7b7a","7b7a","7b7a"]}
{"mode":"quality","i":65,"nodes":48000,"game":2,"moves":["8e8f","8e8f","8e8f"]}
{"mode":"quality","i":69,"nodes":48000,"game":6,"moves":["8a7c","8a7c","8a7c"]}
{"mode":"quality","i":73,"nodes":48000,"game":10,"moves":["5h4h","5h4h","5g5f"]}
{"mode":"quality","i":77,"nodes":48000,"game":14,"moves":["P*5e","P*5e","P*5e"]}
