{"mode":"quality","i":2,"nodes":12000,"game":0,"moves":["P*4e","P*4e","P*4e"]}
{"mode":"quality","i":6,"nodes":12000,"game":1,"moves":["5a4a","5a4a","5a4a"]}
{"mode":"quality","i":10,"nodes":12000,"game":2,"moves":["8i8h","8i8h","8i8h"]}
{"mode":"quality","i":14,"nodes":12000,"game":3,"moves":["4d5f","4d5f","4d5f"]}
{"mode":"quality","i":18,"nodes":12000,"game":4,"moves":["3e3f","3e3f","3e3f"]}
{"mode":"quality","i":22,"nodes":12000,"game":5,"moves":["P*3d","P*3d","P*3d"]}
{"mode":"quality","i":26,"nodes":12000,"game":6,"moves":["S*4i","S*4i","S*4i"]}
{"mode":"quality","i":30,"nodes":12000,"game":7,"moves":["6i3i","6i3i","6i3i"]}
{"mode":"quality","i":34,"nodes":12000,"game":8,"moves":["9f9g+","9f9g+","1a1c"]}
{"mode":"quality","i":38,"nodes":12000,"game":9,"moves":["7b6c","7b6c","7b6c"]}
{"mode":"quality","i":42,"nodes":12000,"game":10,"moves":["6c7a+","6c7a+","6c7a+"]}
{"mode":"quality","i":46,"nodes":12000,"game":11,"moves":["6e6f","6e6f","6e6f"]}
{"mode":"quality","i":50,"nodes":12000,"game":12,"moves":["N*7e","N*7e","N*7e"]}
{"mode":"quality","i":54,"nodes":12000,"game":13,"moves":["4f4g+","4f4g+","4f4g+"]}
{"mode":"quality","i":58,"nodes":12000,"game":14,"moves":["2e3e","2e3e","2e3e"]}
{"mode":"quality","i":62,"nodes":12000,"game":15,"moves":["9e9f","9e9f","9e9f"]}
{"mode":"quality","i":66,"nodes":48000,"game":3,"moves":["5a4a","5a4a","5a4a"]}
{"mode":"quality","i":70,"nodes":48000,"game":7,"moves":["B*4d","B*4d","B*4d"]}
{"mode":"quality","i":74,"nodes":48000,"game":11,"moves":["5c5d","5c5d","5c5d"]}
{"mode":"quality","i":78,"nodes":48000,"game":15,"moves":["5a4a","5a4a","5a4a"]}
