{"mode":"quality","i":0,"nodes":12000,"game":0,"moves":["5a4a","5a4a","5a4a"]}
{"mode":"quality","i":4,"nodes":12000,"game":1,"moves":["8g8h+","8g8h+","8g8h+"]}
{"mode":"quality","i":8,"nodes":12000,"game":2,"moves":["6c6d","6c6d","6c6d"]}
{"mode":"quality","i":12,"nodes":12000,"game":3,"moves":["8b8f","8b8f","8b8f"]}
{"mode":"quality","i":16,"nodes":12000,"game":4,"moves":["6b5c","6b5c","5a4a"]}
{"mode":"quality","i":20,"nodes":12000,"game":5,"moves":["3b4c","3b4c","3b4c"]}
{"mode":"quality","i":24,"nodes":12000,"game":6,"moves":["6b6c","6b6c","6b6c"]}
{"mode":"quality","i":28,"nodes":12000,"game":7,"moves":["4d8h+","4d8h+","4d8h+"]}
{"mode":"quality","i":32,"nodes":12000,"game":8,"moves":["3a4b","B*4d","3a4b"]}
{"mode":"quality","i":36,"nodes":12000,"game":9,"moves":["6e6f","6e6f","6e6f"]}
{"mode":"quality","i":40,"nodes":12000,"game":10,"moves":["6e6d","6e6d","6e6d"]}
{"mode":"quality","i":44,"nodes":12000,"game":11,"moves":["3c3d","3c3d","3c3d"]}
{"mode":"quality","i":48,"nodes":12000,"game":12,"moves":["6f5e","6f5e","6f5e"]}
{"mode":"quality","i":52,"nodes":12000,"game":13,"moves":["4c4b","4c4b","4c4b"]}
{"mode":"quality","i":56,"nodes":12000,"game":14,"moves":["P*5e","P*5e","P*5e"]}
{"mode":"quality","i":60,"nodes":12000,"game":15,"moves":["4d4e","4d4e","4d4e"]}
{"mode":"quality","i":64,"nodes":48000,"game":1,"moves":["7c7d","7c7d","7c7d"]}
{"mode":"quality","i":68,"nodes":48000,"game":5,"moves":["7c7d","7c7d","7c7d"]}
{"mode":"quality","i":72,"nodes":48000,"game":9,"moves":["6e6f","6e6f","6e6f"]}
{"mode":"quality","i":76,"nodes":48000,"game":13,"moves":["4c4b","4c4b","4c4b"]}
