{"shard":0,"game":0,"split":"train","plies":20}
{"shard":0,"game":0,"split":"train","plies":40}
{"shard":0,"game":0,"split":"train","plies":60}
{"shard":0,"game":0,"split":"train","plies":80}
{"shard":0,"game":0,"split":"train","plies":100}
{"shard":0,"game":0,"split":"train","plies":120}
{"shard":0,"game":0,"finished":true,"rows":120,"terminal":null}
{"shard":0,"game":4,"split":"train","plies":20}
{"shard":0,"game":4,"split":"train","plies":40}
{"shard":0,"game":4,"split":"train","plies":60}
{"shard":0,"game":4,"split":"train","plies":80}
{"shard":0,"game":4,"split":"train","plies":100}
{"shard":0,"game":4,"split":"train","plies":120}
{"shard":0,"game":4,"finished":true,"rows":120,"terminal":null}
{"shard":0,"game":8,"split":"train","plies":20}
{"shard":0,"game":8,"split":"train","plies":40}
{"shard":0,"game":8,"split":"train","plies":60}
{"shard":0,"game":8,"split":"train","plies":80}
{"shard":0,"game":8,"split":"train","plies":100}
{"shard":0,"game":8,"split":"train","plies":120}
{"shard":0,"game":8,"finished":true,"rows":120,"terminal":null}
{"shard":0,"game":12,"split":"train","plies":20}
{"shard":0,"game":12,"split":"train","plies":40}
{"shard":0,"game":12,"split":"train","plies":60}
{"shard":0,"game":12,"split":"train","plies":80}
{"shard":0,"game":12,"finished":true,"rows":94,"terminal":{"reason":"no-legal-move","loser":"black"}}
{"shard":0,"game":16,"split":"train","plies":20}
{"shard":0,"game":16,"split":"train","plies":40}
{"shard":0,"game":16,"split":"train","plies":60}
{"shard":0,"game":16,"split":"train","plies":80}
{"shard":0,"game":16,"split":"train","plies":100}
{"shard":0,"game":16,"split":"train","plies":120}
{"shard":0,"game":16,"finished":true,"rows":120,"terminal":null}
{"shard":0,"game":20,"split":"train","plies":20}
{"shard":0,"game":20,"split":"train","plies":40}
{"shard":0,"game":20,"split":"train","plies":60}
{"shard":0,"game":20,"split":"train","plies":80}
{"shard":0,"game":20,"finished":true,"rows":98,"terminal":{"reason":"no-legal-move","loser":"black"}}
{"shard":0,"game":24,"split":"train","plies":20}
{"shard":0,"game":24,"split":"train","plies":40}
{"shard":0,"game":24,"split":"train","plies":60}
{"shard":0,"game":24,"finished":true,"rows":69,"terminal":{"reason":"no-legal-move","loser":"white"}}
{"shard":0,"game":28,"split":"train","plies":20}
{"shard":0,"game":28,"split":"train","plies":40}
{"shard":0,"game":28,"split":"train","plies":60}
{"shard":0,"game":28,"split":"train","plies":80}
{"shard":0,"game":28,"split":"train","plies":100}
{"shard":0,"game":28,"split":"train","plies":120}
{"shard":0,"game":28,"finished":true,"rows":120,"terminal":null}
{"shard":0,"game":32,"split":"train","plies":20}
{"shard":0,"game":32,"split":"train","plies":40}
{"shard":0,"game":32,"split":"train","plies":60}
{"shard":0,"game":32,"split":"train","plies":80}
{"shard":0,"game":32,"split":"train","plies":100}
{"shard":0,"game":32,"split":"train","plies":120}
{"shard":0,"game":32,"finished":true,"rows":120,"terminal":null}
{"shard":0,"game":36,"split":"train","plies":20}
{"shard":0,"game":36,"split":"train","plies":40}
{"shard":0,"game":36,"split":"train","plies":60}
{"shard":0,"game":36,"split":"train","plies":80}
{"shard":0,"game":36,"finished":true,"rows":94,"terminal":{"reason":"no-legal-move","loser":"black"}}
{"shard":0,"game":40,"split":"train","plies":20}
{"shard":0,"game":40,"split":"train","plies":40}
{"shard":0,"game":40,"split":"train","plies":60}
{"shard":0,"game":40,"split":"train","plies":80}
{"shard":0,"game":40,"split":"train","plies":100}
{"shard":0,"game":40,"split":"train","plies":120}
{"shard":0,"game":40,"finished":true,"rows":120,"terminal":null}
{"shard":0,"game":44,"split":"train","plies":20}
{"shard":0,"game":44,"split":"train","plies":40}
{"shard":0,"game":44,"split":"train","plies":60}
{"shard":0,"game":44,"split":"train","plies":80}
{"shard":0,"game":44,"split":"train","plies":100}
{"shard":0,"game":44,"split":"train","plies":120}
{"shard":0,"game":44,"finished":true,"rows":120,"terminal":null}
{"shard":0,"game":48,"split":"train","plies":20}
{"shard":0,"game":48,"split":"train","plies":40}
{"shard":0,"game":48,"split":"train","plies":60}
{"shard":0,"game":48,"split":"train","plies":80}
{"shard":0,"game":48,"split":"train","plies":100}
{"shard":0,"game":48,"split":"train","plies":120}
{"shard":0,"game":48,"finished":true,"rows":120,"terminal":null}
{"shard":0,"game":52,"split":"train","plies":20}
{"shard":0,"game":52,"split":"train","plies":40}
{"shard":0,"game":52,"split":"train","plies":60}
{"shard":0,"game":52,"split":"train","plies":80}
{"shard":0,"game":52,"split":"train","plies":100}
{"shard":0,"game":52,"split":"train","plies":120}
{"shard":0,"game":52,"finished":true,"rows":120,"terminal":null}
{"shard":0,"game":56,"split":"train","plies":20}
{"shard":0,"game":56,"split":"train","plies":40}
{"shard":0,"game":56,"split":"train","plies":60}
{"shard":0,"game":56,"split":"train","plies":80}
{"shard":0,"game":56,"split":"train","plies":100}
{"shard":0,"game":56,"split":"train","plies":120}
{"shard":0,"game":56,"finished":true,"rows":120,"terminal":null}
{"shard":0,"game":60,"split":"train","plies":20}
{"shard":0,"game":60,"split":"train","plies":40}
{"shard":0,"game":60,"split":"train","plies":60}
{"shard":0,"game":60,"split":"train","plies":80}
{"shard":0,"game":60,"split":"train","plies":100}
{"shard":0,"game":60,"finished":true,"rows":115,"terminal":{"reason":"no-legal-move","loser":"white"}}
{"shard":0,"game":64,"split":"train","plies":20}
{"shard":0,"game":64,"split":"train","plies":40}
{"shard":0,"game":64,"split":"train","plies":60}
{"shard":0,"game":64,"split":"train","plies":80}
{"shard":0,"game":64,"split":"train","plies":100}
{"shard":0,"game":64,"split":"train","plies":120}
{"shard":0,"game":64,"finished":true,"rows":120,"terminal":null}
{"shard":0,"game":68,"split":"train","plies":20}
{"shard":0,"game":68,"split":"train","plies":40}
{"shard":0,"game":68,"split":"train","plies":60}
{"shard":0,"game":68,"split":"train","plies":80}
{"shard":0,"game":68,"split":"train","plies":100}
{"shard":0,"game":68,"split":"train","plies":120}
{"shard":0,"game":68,"finished":true,"rows":120,"terminal":null}
{"shard":0,"game":72,"split":"train","plies":20}
{"shard":0,"game":72,"split":"train","plies":40}
{"shard":0,"game":72,"split":"train","plies":60}
{"shard":0,"game":72,"finished":true,"rows":69,"terminal":{"reason":"no-legal-move","loser":"white"}}
{"shard":0,"game":76,"split":"train","plies":20}
{"shard":0,"game":76,"split":"train","plies":40}
{"shard":0,"game":76,"split":"train","plies":60}
{"shard":0,"game":76,"split":"train","plies":80}
{"shard":0,"game":76,"split":"train","plies":100}
{"shard":0,"game":76,"split":"train","plies":120}
{"shard":0,"game":76,"finished":true,"rows":120,"terminal":null}
{"shard":0,"game":80,"split":"train","plies":20}
{"shard":0,"game":80,"split":"train","plies":40}
{"shard":0,"game":80,"split":"train","plies":60}
{"shard":0,"game":80,"split":"train","plies":80}
{"shard":0,"game":80,"split":"train","plies":100}
{"shard":0,"game":80,"split":"train","plies":120}
{"shard":0,"game":80,"finished":true,"rows":120,"terminal":null}
{"shard":0,"game":84,"split":"train","plies":20}
{"shard":0,"game":84,"split":"train","plies":40}
{"shard":0,"game":84,"split":"train","plies":60}
{"shard":0,"game":84,"split":"train","plies":80}
{"shard":0,"game":84,"split":"train","plies":100}
{"shard":0,"game":84,"split":"train","plies":120}
{"shard":0,"game":84,"finished":true,"rows":120,"terminal":null}
{"shard":0,"game":88,"split":"train","plies":20}
{"shard":0,"game":88,"split":"train","plies":40}
{"shard":0,"game":88,"split":"train","plies":60}
{"shard":0,"game":88,"split":"train","plies":80}
{"shard":0,"game":88,"split":"train","plies":100}
{"shard":0,"game":88,"split":"train","plies":120}
{"shard":0,"game":88,"finished":true,"rows":120,"terminal":null}
{"shard":0,"game":92,"split":"train","plies":20}
{"shard":0,"game":92,"split":"train","plies":40}
{"shard":0,"game":92,"split":"train","plies":60}
{"shard":0,"game":92,"split":"train","plies":80}
{"shard":0,"game":92,"split":"train","plies":100}
{"shard":0,"game":92,"split":"train","plies":120}
{"shard":0,"game":92,"finished":true,"rows":120,"terminal":null}
{"shard":0,"game":96,"split":"train","plies":20}
{"shard":0,"game":96,"split":"train","plies":40}
{"shard":0,"game":96,"split":"train","plies":60}
{"shard":0,"game":96,"split":"train","plies":80}
{"shard":0,"game":96,"split":"train","plies":100}
{"shard":0,"game":96,"split":"train","plies":120}
{"shard":0,"game":96,"finished":true,"rows":120,"terminal":null}
{"shard":0,"game":100,"split":"train","plies":20}
{"shard":0,"game":100,"split":"train","plies":40}
{"shard":0,"game":100,"split":"train","plies":60}
{"shard":0,"game":100,"split":"train","plies":80}
{"shard":0,"game":100,"split":"train","plies":100}
{"shard":0,"game":100,"split":"train","plies":120}
{"shard":0,"game":100,"finished":true,"rows":120,"terminal":null}
{"shard":0,"game":104,"split":"train","plies":20}
{"shard":0,"game":104,"split":"train","plies":40}
{"shard":0,"game":104,"split":"train","plies":60}
{"shard":0,"game":104,"split":"train","plies":80}
{"shard":0,"game":104,"split":"train","plies":100}
{"shard":0,"game":104,"split":"train","plies":120}
{"shard":0,"game":104,"finished":true,"rows":120,"terminal":null}
{"shard":0,"game":108,"split":"train","plies":20}
{"shard":0,"game":108,"split":"train","plies":40}
{"shard":0,"game":108,"split":"train","plies":60}
{"shard":0,"game":108,"split":"train","plies":80}
{"shard":0,"game":108,"split":"train","plies":100}
{"shard":0,"game":108,"split":"train","plies":120}
{"shard":0,"game":108,"finished":true,"rows":120,"terminal":null}
{"shard":0,"game":112,"split":"train","plies":20}
{"shard":0,"game":112,"split":"train","plies":40}
{"shard":0,"game":112,"split":"train","plies":60}
{"shard":0,"game":112,"split":"train","plies":80}
{"shard":0,"game":112,"split":"train","plies":100}
{"shard":0,"game":112,"split":"train","plies":120}
{"shard":0,"game":112,"finished":true,"rows":120,"terminal":null}
{"shard":0,"game":116,"split":"train","plies":20}
{"shard":0,"game":116,"split":"train","plies":40}
{"shard":0,"game":116,"split":"train","plies":60}
{"shard":0,"game":116,"split":"train","plies":80}
{"shard":0,"game":116,"split":"train","plies":100}
{"shard":0,"game":116,"finished":true,"rows":111,"terminal":{"reason":"no-legal-move","loser":"white"}}
{"shard":0,"game":120,"split":"train","plies":20}
{"shard":0,"game":120,"split":"train","plies":40}
{"shard":0,"game":120,"split":"train","plies":60}
{"shard":0,"game":120,"split":"train","plies":80}
{"shard":0,"game":120,"finished":true,"rows":97,"terminal":{"reason":"no-legal-move","loser":"white"}}
{"shard":0,"game":124,"split":"train","plies":20}
{"shard":0,"game":124,"split":"train","plies":40}
{"shard":0,"game":124,"split":"train","plies":60}
{"shard":0,"game":124,"split":"train","plies":80}
{"shard":0,"game":124,"split":"train","plies":100}
{"shard":0,"game":124,"split":"train","plies":120}
{"shard":0,"game":124,"finished":true,"rows":120,"terminal":null}
{"shard":0,"game":128,"split":"validation","plies":20}
{"shard":0,"game":128,"split":"validation","plies":40}
{"shard":0,"game":128,"split":"validation","plies":60}
{"shard":0,"game":128,"split":"validation","plies":80}
{"shard":0,"game":128,"split":"validation","plies":100}
{"shard":0,"game":128,"split":"validation","plies":120}
{"shard":0,"game":128,"finished":true,"rows":120,"terminal":null}
{"shard":0,"game":132,"split":"validation","plies":20}
{"shard":0,"game":132,"split":"validation","plies":40}
{"shard":0,"game":132,"split":"validation","plies":60}
{"shard":0,"game":132,"split":"validation","plies":80}
{"shard":0,"game":132,"split":"validation","plies":100}
{"shard":0,"game":132,"split":"validation","plies":120}
{"shard":0,"game":132,"finished":true,"rows":120,"terminal":null}
{"shard":0,"game":136,"split":"validation","plies":20}
{"shard":0,"game":136,"split":"validation","plies":40}
{"shard":0,"game":136,"split":"validation","plies":60}
{"shard":0,"game":136,"split":"validation","plies":80}
{"shard":0,"game":136,"split":"validation","plies":100}
{"shard":0,"game":136,"split":"validation","plies":120}
{"shard":0,"game":136,"finished":true,"rows":120,"terminal":null}
{"shard":0,"game":140,"split":"validation","plies":20}
{"shard":0,"game":140,"split":"validation","plies":40}
{"shard":0,"game":140,"split":"validation","plies":60}
{"shard":0,"game":140,"split":"validation","plies":80}
{"shard":0,"game":140,"finished":true,"rows":98,"terminal":{"reason":"no-legal-move","loser":"black"}}
{"shard":0,"game":144,"split":"validation","plies":20}
{"shard":0,"game":144,"split":"validation","plies":40}
{"shard":0,"game":144,"split":"validation","plies":60}
{"shard":0,"game":144,"split":"validation","plies":80}
{"shard":0,"game":144,"split":"validation","plies":100}
{"shard":0,"game":144,"finished":true,"rows":119,"terminal":{"reason":"no-legal-move","loser":"white"}}
{"shard":0,"game":148,"split":"validation","plies":20}
{"shard":0,"game":148,"split":"validation","plies":40}
{"shard":0,"game":148,"split":"validation","plies":60}
{"shard":0,"game":148,"split":"validation","plies":80}
{"shard":0,"game":148,"split":"validation","plies":100}
{"shard":0,"game":148,"split":"validation","plies":120}
{"shard":0,"game":148,"finished":true,"rows":120,"terminal":null}
{"shard":0,"game":152,"split":"validation","plies":20}
{"shard":0,"game":152,"split":"validation","plies":40}
{"shard":0,"game":152,"split":"validation","plies":60}
{"shard":0,"game":152,"split":"validation","plies":80}
{"shard":0,"game":152,"split":"validation","plies":100}
{"shard":0,"game":152,"split":"validation","plies":120}
{"shard":0,"game":152,"finished":true,"rows":120,"terminal":null}
{"shard":0,"game":156,"split":"validation","plies":20}
{"shard":0,"game":156,"split":"validation","plies":40}
{"shard":0,"game":156,"split":"validation","plies":60}
{"shard":0,"game":156,"finished":true,"rows":61,"terminal":{"reason":"no-legal-move","loser":"white"}}
{"shard":0,"game":160,"split":"test","plies":20}
{"shard":0,"game":160,"split":"test","plies":40}
{"shard":0,"game":160,"split":"test","plies":60}
{"shard":0,"game":160,"split":"test","plies":80}
{"shard":0,"game":160,"split":"test","plies":100}
{"shard":0,"game":160,"finished":true,"rows":103,"terminal":{"reason":"no-legal-move","loser":"white"}}
{"shard":0,"game":164,"split":"test","plies":20}
{"shard":0,"game":164,"split":"test","plies":40}
{"shard":0,"game":164,"split":"test","plies":60}
{"shard":0,"game":164,"split":"test","plies":80}
{"shard":0,"game":164,"split":"test","plies":100}
{"shard":0,"game":164,"split":"test","plies":120}
{"shard":0,"game":164,"finished":true,"rows":120,"terminal":null}
{"shard":0,"game":168,"split":"test","plies":20}
{"shard":0,"game":168,"split":"test","plies":40}
{"shard":0,"game":168,"split":"test","plies":60}
{"shard":0,"game":168,"split":"test","plies":80}
{"shard":0,"game":168,"split":"test","plies":100}
{"shard":0,"game":168,"split":"test","plies":120}
{"shard":0,"game":168,"finished":true,"rows":120,"terminal":null}
{"shard":0,"game":172,"split":"test","plies":20}
{"shard":0,"game":172,"split":"test","plies":40}
{"shard":0,"game":172,"split":"test","plies":60}
{"shard":0,"game":172,"split":"test","plies":80}
{"shard":0,"game":172,"split":"test","plies":100}
{"shard":0,"game":172,"split":"test","plies":120}
{"shard":0,"game":172,"finished":true,"rows":120,"terminal":null}
{"shard":0,"game":176,"split":"test","plies":20}
{"shard":0,"game":176,"split":"test","plies":40}
{"shard":0,"game":176,"split":"test","plies":60}
{"shard":0,"game":176,"split":"test","plies":80}
{"shard":0,"game":176,"split":"test","plies":100}
{"shard":0,"game":176,"split":"test","plies":120}
{"shard":0,"game":176,"finished":true,"rows":120,"terminal":null}
{"shard":0,"game":180,"split":"test","plies":20}
{"shard":0,"game":180,"split":"test","plies":40}
{"shard":0,"game":180,"split":"test","plies":60}
{"shard":0,"game":180,"split":"test","plies":80}
{"shard":0,"game":180,"split":"test","plies":100}
{"shard":0,"game":180,"finished":true,"rows":102,"terminal":{"reason":"no-legal-move","loser":"black"}}
{"shard":0,"game":184,"split":"test","plies":20}
{"shard":0,"game":184,"split":"test","plies":40}
{"shard":0,"game":184,"split":"test","plies":60}
{"shard":0,"game":184,"split":"test","plies":80}
{"shard":0,"game":184,"split":"test","plies":100}
{"shard":0,"game":184,"finished":true,"rows":119,"terminal":{"reason":"no-legal-move","loser":"white"}}
{"shard":0,"game":188,"split":"test","plies":20}
{"shard":0,"game":188,"split":"test","plies":40}
{"shard":0,"game":188,"split":"test","plies":60}
{"shard":0,"game":188,"split":"test","plies":80}
{"shard":0,"game":188,"split":"test","plies":100}
{"shard":0,"game":188,"split":"test","plies":120}
{"shard":0,"game":188,"finished":true,"rows":120,"terminal":null}
