{"shard":3,"game":3,"split":"train","plies":20}
{"shard":3,"game":3,"split":"train","plies":40}
{"shard":3,"game":3,"split":"train","plies":60}
{"shard":3,"game":3,"split":"train","plies":80}
{"shard":3,"game":3,"split":"train","plies":100}
{"shard":3,"game":3,"finished":true,"rows":109,"terminal":{"reason":"no-legal-move","loser":"white"}}
{"shard":3,"game":7,"split":"train","plies":20}
{"shard":3,"game":7,"split":"train","plies":40}
{"shard":3,"game":7,"split":"train","plies":60}
{"shard":3,"game":7,"split":"train","plies":80}
{"shard":3,"game":7,"split":"train","plies":100}
{"shard":3,"game":7,"split":"train","plies":120}
{"shard":3,"game":7,"finished":true,"rows":120,"terminal":null}
{"shard":3,"game":11,"split":"train","plies":20}
{"shard":3,"game":11,"split":"train","plies":40}
{"shard":3,"game":11,"split":"train","plies":60}
{"shard":3,"game":11,"split":"train","plies":80}
{"shard":3,"game":11,"split":"train","plies":100}
{"shard":3,"game":11,"finished":true,"rows":107,"terminal":{"reason":"no-legal-move","loser":"white"}}
{"shard":3,"game":15,"split":"train","plies":20}
{"shard":3,"game":15,"split":"train","plies":40}
{"shard":3,"game":15,"split":"train","plies":60}
{"shard":3,"game":15,"split":"train","plies":80}
{"shard":3,"game":15,"split":"train","plies":100}
{"shard":3,"game":15,"finished":true,"rows":115,"terminal":{"reason":"no-legal-move","loser":"white"}}
{"shard":3,"game":19,"split":"train","plies":20}
{"shard":3,"game":19,"split":"train","plies":40}
{"shard":3,"game":19,"split":"train","plies":60}
{"shard":3,"game":19,"split":"train","plies":80}
{"shard":3,"game":19,"split":"train","plies":100}
{"shard":3,"game":19,"split":"train","plies":120}
{"shard":3,"game":19,"finished":true,"rows":120,"terminal":null}
{"shard":3,"game":23,"split":"train","plies":20}
{"shard":3,"game":23,"split":"train","plies":40}
{"shard":3,"game":23,"split":"train","plies":60}
{"shard":3,"game":23,"split":"train","plies":80}
{"shard":3,"game":23,"split":"train","plies":100}
{"shard":3,"game":23,"split":"train","plies":120}
{"shard":3,"game":23,"finished":true,"rows":120,"terminal":null}
{"shard":3,"game":27,"split":"train","plies":20}
{"shard":3,"game":27,"split":"train","plies":40}
{"shard":3,"game":27,"split":"train","plies":60}
{"shard":3,"game":27,"finished":true,"rows":62,"terminal":{"reason":"no-legal-move","loser":"black"}}
{"shard":3,"game":31,"split":"train","plies":20}
{"shard":3,"game":31,"split":"train","plies":40}
{"shard":3,"game":31,"split":"train","plies":60}
{"shard":3,"game":31,"split":"train","plies":80}
{"shard":3,"game":31,"finished":true,"rows":89,"terminal":{"reason":"no-legal-move","loser":"white"}}
{"shard":3,"game":35,"split":"train","plies":20}
{"shard":3,"game":35,"split":"train","plies":40}
{"shard":3,"game":35,"split":"train","plies":60}
{"shard":3,"game":35,"split":"train","plies":80}
{"shard":3,"game":35,"split":"train","plies":100}
{"shard":3,"game":35,"split":"train","plies":120}
{"shard":3,"game":35,"finished":true,"rows":120,"terminal":null}
{"shard":3,"game":39,"split":"train","plies":20}
{"shard":3,"game":39,"split":"train","plies":40}
{"shard":3,"game":39,"split":"train","plies":60}
{"shard":3,"game":39,"split":"train","plies":80}
{"shard":3,"game":39,"split":"train","plies":100}
{"shard":3,"game":39,"split":"train","plies":120}
{"shard":3,"game":39,"finished":true,"rows":120,"terminal":null}
{"shard":3,"game":43,"split":"train","plies":20}
{"shard":3,"game":43,"split":"train","plies":40}
{"shard":3,"game":43,"split":"train","plies":60}
{"shard":3,"game":43,"finished":true,"rows":70,"terminal":{"reason":"no-legal-move","loser":"black"}}
{"shard":3,"game":47,"split":"train","plies":20}
{"shard":3,"game":47,"split":"train","plies":40}
{"shard":3,"game":47,"split":"train","plies":60}
{"shard":3,"game":47,"split":"train","plies":80}
{"shard":3,"game":47,"split":"train","plies":100}
{"shard":3,"game":47,"split":"train","plies":120}
{"shard":3,"game":47,"finished":true,"rows":120,"terminal":null}
{"shard":3,"game":51,"split":"train","plies":20}
{"shard":3,"game":51,"split":"train","plies":40}
{"shard":3,"game":51,"split":"train","plies":60}
{"shard":3,"game":51,"split":"train","plies":80}
{"shard":3,"game":51,"split":"train","plies":100}
{"shard":3,"game":51,"split":"train","plies":120}
{"shard":3,"game":51,"finished":true,"rows":120,"terminal":null}
{"shard":3,"game":55,"split":"train","plies":20}
{"shard":3,"game":55,"split":"train","plies":40}
{"shard":3,"game":55,"split":"train","plies":60}
{"shard":3,"game":55,"split":"train","plies":80}
{"shard":3,"game":55,"split":"train","plies":100}
{"shard":3,"game":55,"split":"train","plies":120}
{"shard":3,"game":55,"finished":true,"rows":120,"terminal":null}
{"shard":3,"game":59,"split":"train","plies":20}
{"shard":3,"game":59,"split":"train","plies":40}
{"shard":3,"game":59,"split":"train","plies":60}
{"shard":3,"game":59,"split":"train","plies":80}
{"shard":3,"game":59,"split":"train","plies":100}
{"shard":3,"game":59,"finished":true,"rows":107,"terminal":{"reason":"no-legal-move","loser":"white"}}
{"shard":3,"game":63,"split":"train","plies":20}
{"shard":3,"game":63,"split":"train","plies":40}
{"shard":3,"game":63,"split":"train","plies":60}
{"shard":3,"game":63,"split":"train","plies":80}
{"shard":3,"game":63,"split":"train","plies":100}
{"shard":3,"game":63,"split":"train","plies":120}
{"shard":3,"game":63,"finished":true,"rows":120,"terminal":null}
{"shard":3,"game":67,"split":"train","plies":20}
{"shard":3,"game":67,"split":"train","plies":40}
{"shard":3,"game":67,"split":"train","plies":60}
{"shard":3,"game":67,"split":"train","plies":80}
{"shard":3,"game":67,"split":"train","plies":100}
{"shard":3,"game":67,"finished":true,"rows":101,"terminal":{"reason":"no-legal-move","loser":"white"}}
{"shard":3,"game":71,"split":"train","plies":20}
{"shard":3,"game":71,"split":"train","plies":40}
{"shard":3,"game":71,"split":"train","plies":60}
{"shard":3,"game":71,"split":"train","plies":80}
{"shard":3,"game":71,"split":"train","plies":100}
{"shard":3,"game":71,"split":"train","plies":120}
{"shard":3,"game":71,"finished":true,"rows":120,"terminal":null}
{"shard":3,"game":75,"split":"train","plies":20}
{"shard":3,"game":75,"split":"train","plies":40}
{"shard":3,"game":75,"split":"train","plies":60}
{"shard":3,"game":75,"split":"train","plies":80}
{"shard":3,"game":75,"split":"train","plies":100}
{"shard":3,"game":75,"finished":true,"rows":117,"terminal":{"reason":"no-legal-move","loser":"white"}}
{"shard":3,"game":79,"split":"train","plies":20}
{"shard":3,"game":79,"split":"train","plies":40}
{"shard":3,"game":79,"split":"train","plies":60}
{"shard":3,"game":79,"split":"train","plies":80}
{"shard":3,"game":79,"split":"train","plies":100}
{"shard":3,"game":79,"split":"train","plies":120}
{"shard":3,"game":79,"finished":true,"rows":120,"terminal":null}
{"shard":3,"game":83,"split":"train","plies":20}
{"shard":3,"game":83,"split":"train","plies":40}
{"shard":3,"game":83,"split":"train","plies":60}
{"shard":3,"game":83,"split":"train","plies":80}
{"shard":3,"game":83,"split":"train","plies":100}
{"shard":3,"game":83,"split":"train","plies":120}
{"shard":3,"game":83,"finished":true,"rows":120,"terminal":null}
{"shard":3,"game":87,"split":"train","plies":20}
{"shard":3,"game":87,"split":"train","plies":40}
{"shard":3,"game":87,"split":"train","plies":60}
{"shard":3,"game":87,"split":"train","plies":80}
{"shard":3,"game":87,"split":"train","plies":100}
{"shard":3,"game":87,"finished":true,"rows":116,"terminal":{"reason":"no-legal-move","loser":"black"}}
{"shard":3,"game":91,"split":"train","plies":20}
{"shard":3,"game":91,"split":"train","plies":40}
{"shard":3,"game":91,"split":"train","plies":60}
{"shard":3,"game":91,"split":"train","plies":80}
{"shard":3,"game":91,"split":"train","plies":100}
{"shard":3,"game":91,"split":"train","plies":120}
{"shard":3,"game":91,"finished":true,"rows":120,"terminal":null}
{"shard":3,"game":95,"split":"train","plies":20}
{"shard":3,"game":95,"split":"train","plies":40}
{"shard":3,"game":95,"split":"train","plies":60}
{"shard":3,"game":95,"split":"train","plies":80}
{"shard":3,"game":95,"split":"train","plies":100}
{"shard":3,"game":95,"finished":true,"rows":102,"terminal":{"reason":"no-legal-move","loser":"black"}}
{"shard":3,"game":99,"split":"train","plies":20}
{"shard":3,"game":99,"split":"train","plies":40}
{"shard":3,"game":99,"split":"train","plies":60}
{"shard":3,"game":99,"split":"train","plies":80}
{"shard":3,"game":99,"split":"train","plies":100}
{"shard":3,"game":99,"split":"train","plies":120}
{"shard":3,"game":99,"finished":true,"rows":120,"terminal":null}
{"shard":3,"game":103,"split":"train","plies":20}
{"shard":3,"game":103,"split":"train","plies":40}
{"shard":3,"game":103,"split":"train","plies":60}
{"shard":3,"game":103,"split":"train","plies":80}
{"shard":3,"game":103,"split":"train","plies":100}
{"shard":3,"game":103,"split":"train","plies":120}
{"shard":3,"game":103,"finished":true,"rows":120,"terminal":null}
{"shard":3,"game":107,"split":"train","plies":20}
{"shard":3,"game":107,"split":"train","plies":40}
{"shard":3,"game":107,"split":"train","plies":60}
{"shard":3,"game":107,"split":"train","plies":80}
{"shard":3,"game":107,"split":"train","plies":100}
{"shard":3,"game":107,"split":"train","plies":120}
{"shard":3,"game":107,"finished":true,"rows":120,"terminal":null}
{"shard":3,"game":111,"split":"train","plies":20}
{"shard":3,"game":111,"split":"train","plies":40}
{"shard":3,"game":111,"split":"train","plies":60}
{"shard":3,"game":111,"split":"train","plies":80}
{"shard":3,"game":111,"split":"train","plies":100}
{"shard":3,"game":111,"split":"train","plies":120}
{"shard":3,"game":111,"finished":true,"rows":120,"terminal":null}
{"shard":3,"game":115,"split":"train","plies":20}
{"shard":3,"game":115,"split":"train","plies":40}
{"shard":3,"game":115,"split":"train","plies":60}
{"shard":3,"game":115,"split":"train","plies":80}
{"shard":3,"game":115,"split":"train","plies":100}
{"shard":3,"game":115,"split":"train","plies":120}
{"shard":3,"game":115,"finished":true,"rows":120,"terminal":null}
{"shard":3,"game":119,"split":"train","plies":20}
{"shard":3,"game":119,"split":"train","plies":40}
{"shard":3,"game":119,"split":"train","plies":60}
{"shard":3,"game":119,"split":"train","plies":80}
{"shard":3,"game":119,"split":"train","plies":100}
{"shard":3,"game":119,"finished":true,"rows":103,"terminal":{"reason":"no-legal-move","loser":"white"}}
{"shard":3,"game":123,"split":"train","plies":20}
{"shard":3,"game":123,"split":"train","plies":40}
{"shard":3,"game":123,"split":"train","plies":60}
{"shard":3,"game":123,"split":"train","plies":80}
{"shard":3,"game":123,"split":"train","plies":100}
{"shard":3,"game":123,"finished":true,"rows":108,"terminal":{"reason":"no-legal-move","loser":"black"}}
{"shard":3,"game":127,"split":"train","plies":20}
{"shard":3,"game":127,"split":"train","plies":40}
{"shard":3,"game":127,"split":"train","plies":60}
{"shard":3,"game":127,"split":"train","plies":80}
{"shard":3,"game":127,"split":"train","plies":100}
{"shard":3,"game":127,"finished":true,"rows":109,"terminal":{"reason":"no-legal-move","loser":"white"}}
{"shard":3,"game":131,"split":"validation","plies":20}
{"shard":3,"game":131,"split":"validation","plies":40}
{"shard":3,"game":131,"split":"validation","plies":60}
{"shard":3,"game":131,"split":"validation","plies":80}
{"shard":3,"game":131,"split":"validation","plies":100}
{"shard":3,"game":131,"split":"validation","plies":120}
{"shard":3,"game":131,"finished":true,"rows":120,"terminal":null}
{"shard":3,"game":135,"split":"validation","plies":20}
{"shard":3,"game":135,"split":"validation","plies":40}
{"shard":3,"game":135,"split":"validation","plies":60}
{"shard":3,"game":135,"split":"validation","plies":80}
{"shard":3,"game":135,"split":"validation","plies":100}
{"shard":3,"game":135,"finished":true,"rows":108,"terminal":{"reason":"no-legal-move","loser":"black"}}
{"shard":3,"game":139,"split":"validation","plies":20}
{"shard":3,"game":139,"split":"validation","plies":40}
{"shard":3,"game":139,"split":"validation","plies":60}
{"shard":3,"game":139,"split":"validation","plies":80}
{"shard":3,"game":139,"split":"validation","plies":100}
{"shard":3,"game":139,"split":"validation","plies":120}
{"shard":3,"game":139,"finished":true,"rows":120,"terminal":null}
{"shard":3,"game":143,"split":"validation","plies":20}
{"shard":3,"game":143,"split":"validation","plies":40}
{"shard":3,"game":143,"split":"validation","plies":60}
{"shard":3,"game":143,"split":"validation","plies":80}
{"shard":3,"game":143,"split":"validation","plies":100}
{"shard":3,"game":143,"split":"validation","plies":120}
{"shard":3,"game":143,"finished":true,"rows":120,"terminal":null}
{"shard":3,"game":147,"split":"validation","plies":20}
{"shard":3,"game":147,"split":"validation","plies":40}
{"shard":3,"game":147,"split":"validation","plies":60}
{"shard":3,"game":147,"split":"validation","plies":80}
{"shard":3,"game":147,"split":"validation","plies":100}
{"shard":3,"game":147,"finished":true,"rows":100,"terminal":{"reason":"no-legal-move","loser":"black"}}
{"shard":3,"game":151,"split":"validation","plies":20}
{"shard":3,"game":151,"split":"validation","plies":40}
{"shard":3,"game":151,"split":"validation","plies":60}
{"shard":3,"game":151,"split":"validation","plies":80}
{"shard":3,"game":151,"split":"validation","plies":100}
{"shard":3,"game":151,"split":"validation","plies":120}
{"shard":3,"game":151,"finished":true,"rows":120,"terminal":null}
{"shard":3,"game":155,"split":"validation","plies":20}
{"shard":3,"game":155,"split":"validation","plies":40}
{"shard":3,"game":155,"split":"validation","plies":60}
{"shard":3,"game":155,"split":"validation","plies":80}
{"shard":3,"game":155,"split":"validation","plies":100}
{"shard":3,"game":155,"split":"validation","plies":120}
{"shard":3,"game":155,"finished":true,"rows":120,"terminal":null}
{"shard":3,"game":159,"split":"validation","plies":20}
{"shard":3,"game":159,"split":"validation","plies":40}
{"shard":3,"game":159,"split":"validation","plies":60}
{"shard":3,"game":159,"split":"validation","plies":80}
{"shard":3,"game":159,"split":"validation","plies":100}
{"shard":3,"game":159,"split":"validation","plies":120}
{"shard":3,"game":159,"finished":true,"rows":120,"terminal":null}
{"shard":3,"game":163,"split":"test","plies":20}
{"shard":3,"game":163,"split":"test","plies":40}
{"shard":3,"game":163,"split":"test","plies":60}
{"shard":3,"game":163,"split":"test","plies":80}
{"shard":3,"game":163,"split":"test","plies":100}
{"shard":3,"game":163,"finished":true,"rows":112,"terminal":{"reason":"no-legal-move","loser":"black"}}
{"shard":3,"game":167,"split":"test","plies":20}
{"shard":3,"game":167,"split":"test","plies":40}
{"shard":3,"game":167,"split":"test","plies":60}
{"shard":3,"game":167,"split":"test","plies":80}
{"shard":3,"game":167,"finished":true,"rows":93,"terminal":{"reason":"no-legal-move","loser":"white"}}
{"shard":3,"game":171,"split":"test","plies":20}
{"shard":3,"game":171,"split":"test","plies":40}
{"shard":3,"game":171,"split":"test","plies":60}
{"shard":3,"game":171,"split":"test","plies":80}
{"shard":3,"game":171,"split":"test","plies":100}
{"shard":3,"game":171,"finished":true,"rows":114,"terminal":{"reason":"no-legal-move","loser":"black"}}
{"shard":3,"game":175,"split":"test","plies":20}
{"shard":3,"game":175,"split":"test","plies":40}
{"shard":3,"game":175,"split":"test","plies":60}
{"shard":3,"game":175,"split":"test","plies":80}
{"shard":3,"game":175,"split":"test","plies":100}
{"shard":3,"game":175,"split":"test","plies":120}
{"shard":3,"game":175,"finished":true,"rows":120,"terminal":null}
{"shard":3,"game":179,"split":"test","plies":20}
{"shard":3,"game":179,"split":"test","plies":40}
{"shard":3,"game":179,"split":"test","plies":60}
{"shard":3,"game":179,"split":"test","plies":80}
{"shard":3,"game":179,"split":"test","plies":100}
{"shard":3,"game":179,"split":"test","plies":120}
{"shard":3,"game":179,"finished":true,"rows":120,"terminal":null}
{"shard":3,"game":183,"split":"test","plies":20}
{"shard":3,"game":183,"split":"test","plies":40}
{"shard":3,"game":183,"split":"test","plies":60}
{"shard":3,"game":183,"split":"test","plies":80}
{"shard":3,"game":183,"split":"test","plies":100}
{"shard":3,"game":183,"split":"test","plies":120}
{"shard":3,"game":183,"finished":true,"rows":120,"terminal":null}
{"shard":3,"game":187,"split":"test","plies":20}
{"shard":3,"game":187,"split":"test","plies":40}
{"shard":3,"game":187,"split":"test","plies":60}
{"shard":3,"game":187,"split":"test","plies":80}
{"shard":3,"game":187,"split":"test","plies":100}
{"shard":3,"game":187,"finished":true,"rows":102,"terminal":{"reason":"no-legal-move","loser":"black"}}
{"shard":3,"game":191,"split":"test","plies":20}
{"shard":3,"game":191,"split":"test","plies":40}
{"shard":3,"game":191,"split":"test","plies":60}
{"shard":3,"game":191,"split":"test","plies":80}
{"shard":3,"game":191,"split":"test","plies":100}
{"shard":3,"game":191,"finished":true,"rows":113,"terminal":{"reason":"no-legal-move","loser":"white"}}
