{"shard":1,"game":1,"split":"train","plies":20}
{"shard":1,"game":1,"split":"train","plies":40}
{"shard":1,"game":1,"split":"train","plies":60}
{"shard":1,"game":1,"split":"train","plies":80}
{"shard":1,"game":1,"finished":true,"rows":95,"terminal":{"reason":"no-legal-move","loser":"white"}}
{"shard":1,"game":5,"split":"train","plies":20}
{"shard":1,"game":5,"split":"train","plies":40}
{"shard":1,"game":5,"split":"train","plies":60}
{"shard":1,"game":5,"split":"train","plies":80}
{"shard":1,"game":5,"split":"train","plies":100}
{"shard":1,"game":5,"split":"train","plies":120}
{"shard":1,"game":5,"finished":true,"rows":120,"terminal":null}
{"shard":1,"game":9,"split":"train","plies":20}
{"shard":1,"game":9,"split":"train","plies":40}
{"shard":1,"game":9,"split":"train","plies":60}
{"shard":1,"game":9,"split":"train","plies":80}
{"shard":1,"game":9,"split":"train","plies":100}
{"shard":1,"game":9,"finished":true,"rows":109,"terminal":{"reason":"no-legal-move","loser":"white"}}
{"shard":1,"game":13,"split":"train","plies":20}
{"shard":1,"game":13,"split":"train","plies":40}
{"shard":1,"game":13,"split":"train","plies":60}
{"shard":1,"game":13,"split":"train","plies":80}
{"shard":1,"game":13,"split":"train","plies":100}
{"shard":1,"game":13,"split":"train","plies":120}
{"shard":1,"game":13,"finished":true,"rows":120,"terminal":null}
{"shard":1,"game":17,"split":"train","plies":20}
{"shard":1,"game":17,"split":"train","plies":40}
{"shard":1,"game":17,"split":"train","plies":60}
{"shard":1,"game":17,"split":"train","plies":80}
{"shard":1,"game":17,"finished":true,"rows":85,"terminal":{"reason":"no-legal-move","loser":"white"}}
{"shard":1,"game":21,"split":"train","plies":20}
{"shard":1,"game":21,"split":"train","plies":40}
{"shard":1,"game":21,"split":"train","plies":60}
{"shard":1,"game":21,"split":"train","plies":80}
{"shard":1,"game":21,"split":"train","plies":100}
{"shard":1,"game":21,"split":"train","plies":120}
{"shard":1,"game":21,"finished":true,"rows":120,"terminal":null}
{"shard":1,"game":25,"split":"train","plies":20}
{"shard":1,"game":25,"split":"train","plies":40}
{"shard":1,"game":25,"split":"train","plies":60}
{"shard":1,"game":25,"split":"train","plies":80}
{"shard":1,"game":25,"split":"train","plies":100}
{"shard":1,"game":25,"split":"train","plies":120}
{"shard":1,"game":25,"finished":true,"rows":120,"terminal":null}
{"shard":1,"game":29,"split":"train","plies":20}
{"shard":1,"game":29,"split":"train","plies":40}
{"shard":1,"game":29,"split":"train","plies":60}
{"shard":1,"game":29,"split":"train","plies":80}
{"shard":1,"game":29,"split":"train","plies":100}
{"shard":1,"game":29,"split":"train","plies":120}
{"shard":1,"game":29,"finished":true,"rows":120,"terminal":null}
{"shard":1,"game":33,"split":"train","plies":20}
{"shard":1,"game":33,"split":"train","plies":40}
{"shard":1,"game":33,"split":"train","plies":60}
{"shard":1,"game":33,"split":"train","plies":80}
{"shard":1,"game":33,"split":"train","plies":100}
{"shard":1,"game":33,"finished":true,"rows":104,"terminal":{"reason":"no-legal-move","loser":"black"}}
{"shard":1,"game":37,"split":"train","plies":20}
{"shard":1,"game":37,"split":"train","plies":40}
{"shard":1,"game":37,"split":"train","plies":60}
{"shard":1,"game":37,"split":"train","plies":80}
{"shard":1,"game":37,"split":"train","plies":100}
{"shard":1,"game":37,"split":"train","plies":120}
{"shard":1,"game":37,"finished":true,"rows":120,"terminal":null}
{"shard":1,"game":41,"split":"train","plies":20}
{"shard":1,"game":41,"split":"train","plies":40}
{"shard":1,"game":41,"split":"train","plies":60}
{"shard":1,"game":41,"split":"train","plies":80}
{"shard":1,"game":41,"split":"train","plies":100}
{"shard":1,"game":41,"finished":true,"rows":118,"terminal":{"reason":"no-legal-move","loser":"black"}}
{"shard":1,"game":45,"split":"train","plies":20}
{"shard":1,"game":45,"split":"train","plies":40}
{"shard":1,"game":45,"split":"train","plies":60}
{"shard":1,"game":45,"split":"train","plies":80}
{"shard":1,"game":45,"split":"train","plies":100}
{"shard":1,"game":45,"split":"train","plies":120}
{"shard":1,"game":45,"finished":true,"rows":120,"terminal":null}
{"shard":1,"game":49,"split":"train","plies":20}
{"shard":1,"game":49,"split":"train","plies":40}
{"shard":1,"game":49,"split":"train","plies":60}
{"shard":1,"game":49,"split":"train","plies":80}
{"shard":1,"game":49,"split":"train","plies":100}
{"shard":1,"game":49,"split":"train","plies":120}
{"shard":1,"game":49,"finished":true,"rows":120,"terminal":null}
{"shard":1,"game":53,"split":"train","plies":20}
{"shard":1,"game":53,"split":"train","plies":40}
{"shard":1,"game":53,"split":"train","plies":60}
{"shard":1,"game":53,"split":"train","plies":80}
{"shard":1,"game":53,"split":"train","plies":100}
{"shard":1,"game":53,"split":"train","plies":120}
{"shard":1,"game":53,"finished":true,"rows":120,"terminal":null}
{"shard":1,"game":57,"split":"train","plies":20}
{"shard":1,"game":57,"split":"train","plies":40}
{"shard":1,"game":57,"split":"train","plies":60}
{"shard":1,"game":57,"split":"train","plies":80}
{"shard":1,"game":57,"split":"train","plies":100}
{"shard":1,"game":57,"split":"train","plies":120}
{"shard":1,"game":57,"finished":true,"rows":120,"terminal":null}
{"shard":1,"game":61,"split":"train","plies":20}
{"shard":1,"game":61,"split":"train","plies":40}
{"shard":1,"game":61,"split":"train","plies":60}
{"shard":1,"game":61,"split":"train","plies":80}
{"shard":1,"game":61,"split":"train","plies":100}
{"shard":1,"game":61,"split":"train","plies":120}
{"shard":1,"game":61,"finished":true,"rows":120,"terminal":null}
{"shard":1,"game":65,"split":"train","plies":20}
{"shard":1,"game":65,"split":"train","plies":40}
{"shard":1,"game":65,"split":"train","plies":60}
{"shard":1,"game":65,"split":"train","plies":80}
{"shard":1,"game":65,"split":"train","plies":100}
{"shard":1,"game":65,"finished":true,"rows":101,"terminal":{"reason":"no-legal-move","loser":"white"}}
{"shard":1,"game":69,"split":"train","plies":20}
{"shard":1,"game":69,"split":"train","plies":40}
{"shard":1,"game":69,"split":"train","plies":60}
{"shard":1,"game":69,"split":"train","plies":80}
{"shard":1,"game":69,"split":"train","plies":100}
{"shard":1,"game":69,"split":"train","plies":120}
{"shard":1,"game":69,"finished":true,"rows":120,"terminal":null}
{"shard":1,"game":73,"split":"train","plies":20}
{"shard":1,"game":73,"split":"train","plies":40}
{"shard":1,"game":73,"split":"train","plies":60}
{"shard":1,"game":73,"split":"train","plies":80}
{"shard":1,"game":73,"split":"train","plies":100}
{"shard":1,"game":73,"finished":true,"rows":101,"terminal":{"reason":"no-legal-move","loser":"white"}}
{"shard":1,"game":77,"split":"train","plies":20}
{"shard":1,"game":77,"split":"train","plies":40}
{"shard":1,"game":77,"split":"train","plies":60}
{"shard":1,"game":77,"split":"train","plies":80}
{"shard":1,"game":77,"split":"train","plies":100}
{"shard":1,"game":77,"split":"train","plies":120}
{"shard":1,"game":77,"finished":true,"rows":120,"terminal":null}
{"shard":1,"game":81,"split":"train","plies":20}
{"shard":1,"game":81,"split":"train","plies":40}
{"shard":1,"game":81,"split":"train","plies":60}
{"shard":1,"game":81,"split":"train","plies":80}
{"shard":1,"game":81,"split":"train","plies":100}
{"shard":1,"game":81,"split":"train","plies":120}
{"shard":1,"game":81,"finished":true,"rows":120,"terminal":null}
{"shard":1,"game":85,"split":"train","plies":20}
{"shard":1,"game":85,"split":"train","plies":40}
{"shard":1,"game":85,"split":"train","plies":60}
{"shard":1,"game":85,"split":"train","plies":80}
{"shard":1,"game":85,"split":"train","plies":100}
{"shard":1,"game":85,"finished":true,"rows":104,"terminal":{"reason":"no-legal-move","loser":"black"}}
{"shard":1,"game":89,"split":"train","plies":20}
{"shard":1,"game":89,"split":"train","plies":40}
{"shard":1,"game":89,"split":"train","plies":60}
{"shard":1,"game":89,"split":"train","plies":80}
{"shard":1,"game":89,"split":"train","plies":100}
{"shard":1,"game":89,"split":"train","plies":120}
{"shard":1,"game":89,"finished":true,"rows":120,"terminal":null}
{"shard":1,"game":93,"split":"train","plies":20}
{"shard":1,"game":93,"split":"train","plies":40}
{"shard":1,"game":93,"split":"train","plies":60}
{"shard":1,"game":93,"split":"train","plies":80}
{"shard":1,"game":93,"split":"train","plies":100}
{"shard":1,"game":93,"split":"train","plies":120}
{"shard":1,"game":93,"finished":true,"rows":120,"terminal":null}
{"shard":1,"game":97,"split":"train","plies":20}
{"shard":1,"game":97,"split":"train","plies":40}
{"shard":1,"game":97,"split":"train","plies":60}
{"shard":1,"game":97,"split":"train","plies":80}
{"shard":1,"game":97,"split":"train","plies":100}
{"shard":1,"game":97,"split":"train","plies":120}
{"shard":1,"game":97,"finished":true,"rows":120,"terminal":null}
{"shard":1,"game":101,"split":"train","plies":20}
{"shard":1,"game":101,"split":"train","plies":40}
{"shard":1,"game":101,"split":"train","plies":60}
{"shard":1,"game":101,"split":"train","plies":80}
{"shard":1,"game":101,"split":"train","plies":100}
{"shard":1,"game":101,"finished":true,"rows":119,"terminal":{"reason":"no-legal-move","loser":"white"}}
{"shard":1,"game":105,"split":"train","plies":20}
{"shard":1,"game":105,"split":"train","plies":40}
{"shard":1,"game":105,"split":"train","plies":60}
{"shard":1,"game":105,"split":"train","plies":80}
{"shard":1,"game":105,"split":"train","plies":100}
{"shard":1,"game":105,"split":"train","plies":120}
{"shard":1,"game":105,"finished":true,"rows":120,"terminal":null}
{"shard":1,"game":109,"split":"train","plies":20}
{"shard":1,"game":109,"split":"train","plies":40}
{"shard":1,"game":109,"split":"train","plies":60}
{"shard":1,"game":109,"split":"train","plies":80}
{"shard":1,"game":109,"split":"train","plies":100}
{"shard":1,"game":109,"split":"train","plies":120}
{"shard":1,"game":109,"finished":true,"rows":120,"terminal":null}
{"shard":1,"game":113,"split":"train","plies":20}
{"shard":1,"game":113,"split":"train","plies":40}
{"shard":1,"game":113,"split":"train","plies":60}
{"shard":1,"game":113,"split":"train","plies":80}
{"shard":1,"game":113,"split":"train","plies":100}
{"shard":1,"game":113,"split":"train","plies":120}
{"shard":1,"game":113,"finished":true,"rows":120,"terminal":null}
{"shard":1,"game":117,"split":"train","plies":20}
{"shard":1,"game":117,"split":"train","plies":40}
{"shard":1,"game":117,"split":"train","plies":60}
{"shard":1,"game":117,"split":"train","plies":80}
{"shard":1,"game":117,"split":"train","plies":100}
{"shard":1,"game":117,"split":"train","plies":120}
{"shard":1,"game":117,"finished":true,"rows":120,"terminal":null}
{"shard":1,"game":121,"split":"train","plies":20}
{"shard":1,"game":121,"split":"train","plies":40}
{"shard":1,"game":121,"split":"train","plies":60}
{"shard":1,"game":121,"split":"train","plies":80}
{"shard":1,"game":121,"split":"train","plies":100}
{"shard":1,"game":121,"split":"train","plies":120}
{"shard":1,"game":121,"finished":true,"rows":120,"terminal":null}
{"shard":1,"game":125,"split":"train","plies":20}
{"shard":1,"game":125,"split":"train","plies":40}
{"shard":1,"game":125,"split":"train","plies":60}
{"shard":1,"game":125,"split":"train","plies":80}
{"shard":1,"game":125,"split":"train","plies":100}
{"shard":1,"game":125,"split":"train","plies":120}
{"shard":1,"game":125,"finished":true,"rows":120,"terminal":null}
{"shard":1,"game":129,"split":"validation","plies":20}
{"shard":1,"game":129,"split":"validation","plies":40}
{"shard":1,"game":129,"split":"validation","plies":60}
{"shard":1,"game":129,"split":"validation","plies":80}
{"shard":1,"game":129,"finished":true,"rows":97,"terminal":{"reason":"no-legal-move","loser":"white"}}
{"shard":1,"game":133,"split":"validation","plies":20}
{"shard":1,"game":133,"split":"validation","plies":40}
{"shard":1,"game":133,"split":"validation","plies":60}
{"shard":1,"game":133,"split":"validation","plies":80}
{"shard":1,"game":133,"split":"validation","plies":100}
{"shard":1,"game":133,"finished":true,"rows":112,"terminal":{"reason":"no-legal-move","loser":"black"}}
{"shard":1,"game":137,"split":"validation","plies":20}
{"shard":1,"game":137,"split":"validation","plies":40}
{"shard":1,"game":137,"split":"validation","plies":60}
{"shard":1,"game":137,"split":"validation","plies":80}
{"shard":1,"game":137,"split":"validation","plies":100}
{"shard":1,"game":137,"finished":true,"rows":106,"terminal":{"reason":"no-legal-move","loser":"black"}}
{"shard":1,"game":141,"split":"validation","plies":20}
{"shard":1,"game":141,"split":"validation","plies":40}
{"shard":1,"game":141,"split":"validation","plies":60}
{"shard":1,"game":141,"split":"validation","plies":80}
{"shard":1,"game":141,"split":"validation","plies":100}
{"shard":1,"game":141,"finished":true,"rows":106,"terminal":{"reason":"no-legal-move","loser":"black"}}
{"shard":1,"game":145,"split":"validation","plies":20}
{"shard":1,"game":145,"split":"validation","plies":40}
{"shard":1,"game":145,"split":"validation","plies":60}
{"shard":1,"game":145,"split":"validation","plies":80}
{"shard":1,"game":145,"split":"validation","plies":100}
{"shard":1,"game":145,"split":"validation","plies":120}
{"shard":1,"game":145,"finished":true,"rows":120,"terminal":null}
{"shard":1,"game":149,"split":"validation","plies":20}
{"shard":1,"game":149,"split":"validation","plies":40}
{"shard":1,"game":149,"split":"validation","plies":60}
{"shard":1,"game":149,"split":"validation","plies":80}
{"shard":1,"game":149,"split":"validation","plies":100}
{"shard":1,"game":149,"split":"validation","plies":120}
{"shard":1,"game":149,"finished":true,"rows":120,"terminal":null}
{"shard":1,"game":153,"split":"validation","plies":20}
{"shard":1,"game":153,"split":"validation","plies":40}
{"shard":1,"game":153,"split":"validation","plies":60}
{"shard":1,"game":153,"split":"validation","plies":80}
{"shard":1,"game":153,"split":"validation","plies":100}
{"shard":1,"game":153,"split":"validation","plies":120}
{"shard":1,"game":153,"finished":true,"rows":120,"terminal":null}
{"shard":1,"game":157,"split":"validation","plies":20}
{"shard":1,"game":157,"split":"validation","plies":40}
{"shard":1,"game":157,"split":"validation","plies":60}
{"shard":1,"game":157,"split":"validation","plies":80}
{"shard":1,"game":157,"split":"validation","plies":100}
{"shard":1,"game":157,"split":"validation","plies":120}
{"shard":1,"game":157,"finished":true,"rows":120,"terminal":null}
{"shard":1,"game":161,"split":"test","plies":20}
{"shard":1,"game":161,"split":"test","plies":40}
{"shard":1,"game":161,"split":"test","plies":60}
{"shard":1,"game":161,"split":"test","plies":80}
{"shard":1,"game":161,"split":"test","plies":100}
{"shard":1,"game":161,"split":"test","plies":120}
{"shard":1,"game":161,"finished":true,"rows":120,"terminal":null}
{"shard":1,"game":165,"split":"test","plies":20}
{"shard":1,"game":165,"split":"test","plies":40}
{"shard":1,"game":165,"split":"test","plies":60}
{"shard":1,"game":165,"split":"test","plies":80}
{"shard":1,"game":165,"split":"test","plies":100}
{"shard":1,"game":165,"split":"test","plies":120}
{"shard":1,"game":165,"finished":true,"rows":120,"terminal":null}
{"shard":1,"game":169,"split":"test","plies":20}
{"shard":1,"game":169,"split":"test","plies":40}
{"shard":1,"game":169,"split":"test","plies":60}
{"shard":1,"game":169,"split":"test","plies":80}
{"shard":1,"game":169,"split":"test","plies":100}
{"shard":1,"game":169,"split":"test","plies":120}
{"shard":1,"game":169,"finished":true,"rows":120,"terminal":null}
{"shard":1,"game":173,"split":"test","plies":20}
{"shard":1,"game":173,"split":"test","plies":40}
{"shard":1,"game":173,"split":"test","plies":60}
{"shard":1,"game":173,"split":"test","plies":80}
{"shard":1,"game":173,"split":"test","plies":100}
{"shard":1,"game":173,"split":"test","plies":120}
{"shard":1,"game":173,"finished":true,"rows":120,"terminal":null}
{"shard":1,"game":177,"split":"test","plies":20}
{"shard":1,"game":177,"split":"test","plies":40}
{"shard":1,"game":177,"split":"test","plies":60}
{"shard":1,"game":177,"split":"test","plies":80}
{"shard":1,"game":177,"split":"test","plies":100}
{"shard":1,"game":177,"split":"test","plies":120}
{"shard":1,"game":177,"finished":true,"rows":120,"terminal":null}
{"shard":1,"game":181,"split":"test","plies":20}
{"shard":1,"game":181,"split":"test","plies":40}
{"shard":1,"game":181,"split":"test","plies":60}
{"shard":1,"game":181,"split":"test","plies":80}
{"shard":1,"game":181,"split":"test","plies":100}
{"shard":1,"game":181,"split":"test","plies":120}
{"shard":1,"game":181,"finished":true,"rows":120,"terminal":null}
{"shard":1,"game":185,"split":"test","plies":20}
{"shard":1,"game":185,"split":"test","plies":40}
{"shard":1,"game":185,"split":"test","plies":60}
{"shard":1,"game":185,"split":"test","plies":80}
{"shard":1,"game":185,"split":"test","plies":100}
{"shard":1,"game":185,"split":"test","plies":120}
{"shard":1,"game":185,"finished":true,"rows":120,"terminal":null}
{"shard":1,"game":189,"split":"test","plies":20}
{"shard":1,"game":189,"split":"test","plies":40}
{"shard":1,"game":189,"split":"test","plies":60}
{"shard":1,"game":189,"split":"test","plies":80}
{"shard":1,"game":189,"split":"test","plies":100}
