{"shard":2,"game":2,"split":"train","plies":20}
{"shard":2,"game":2,"split":"train","plies":40}
{"shard":2,"game":2,"split":"train","plies":60}
{"shard":2,"game":2,"split":"train","plies":80}
{"shard":2,"game":2,"split":"train","plies":100}
{"shard":2,"game":2,"split":"train","plies":120}
{"shard":2,"game":2,"finished":true,"rows":120,"terminal":null}
{"shard":2,"game":6,"split":"train","plies":20}
{"shard":2,"game":6,"split":"train","plies":40}
{"shard":2,"game":6,"split":"train","plies":60}
{"shard":2,"game":6,"split":"train","plies":80}
{"shard":2,"game":6,"split":"train","plies":100}
{"shard":2,"game":6,"split":"train","plies":120}
{"shard":2,"game":6,"finished":true,"rows":120,"terminal":null}
{"shard":2,"game":10,"split":"train","plies":20}
{"shard":2,"game":10,"split":"train","plies":40}
{"shard":2,"game":10,"split":"train","plies":60}
{"shard":2,"game":10,"split":"train","plies":80}
{"shard":2,"game":10,"split":"train","plies":100}
{"shard":2,"game":10,"split":"train","plies":120}
{"shard":2,"game":10,"finished":true,"rows":120,"terminal":null}
{"shard":2,"game":14,"split":"train","plies":20}
{"shard":2,"game":14,"split":"train","plies":40}
{"shard":2,"game":14,"split":"train","plies":60}
{"shard":2,"game":14,"split":"train","plies":80}
{"shard":2,"game":14,"split":"train","plies":100}
{"shard":2,"game":14,"split":"train","plies":120}
{"shard":2,"game":14,"finished":true,"rows":120,"terminal":null}
{"shard":2,"game":18,"split":"train","plies":20}
{"shard":2,"game":18,"split":"train","plies":40}
{"shard":2,"game":18,"split":"train","plies":60}
{"shard":2,"game":18,"split":"train","plies":80}
{"shard":2,"game":18,"split":"train","plies":100}
{"shard":2,"game":18,"split":"train","plies":120}
{"shard":2,"game":18,"finished":true,"rows":120,"terminal":null}
{"shard":2,"game":22,"split":"train","plies":20}
{"shard":2,"game":22,"split":"train","plies":40}
{"shard":2,"game":22,"split":"train","plies":60}
{"shard":2,"game":22,"split":"train","plies":80}
{"shard":2,"game":22,"split":"train","plies":100}
{"shard":2,"game":22,"split":"train","plies":120}
{"shard":2,"game":22,"finished":true,"rows":120,"terminal":null}
{"shard":2,"game":26,"split":"train","plies":20}
{"shard":2,"game":26,"split":"train","plies":40}
{"shard":2,"game":26,"split":"train","plies":60}
{"shard":2,"game":26,"split":"train","plies":80}
{"shard":2,"game":26,"split":"train","plies":100}
{"shard":2,"game":26,"split":"train","plies":120}
{"shard":2,"game":26,"finished":true,"rows":120,"terminal":null}
{"shard":2,"game":30,"split":"train","plies":20}
{"shard":2,"game":30,"split":"train","plies":40}
{"shard":2,"game":30,"split":"train","plies":60}
{"shard":2,"game":30,"split":"train","plies":80}
{"shard":2,"game":30,"split":"train","plies":100}
{"shard":2,"game":30,"finished":true,"rows":115,"terminal":{"reason":"no-legal-move","loser":"white"}}
{"shard":2,"game":34,"split":"train","plies":20}
{"shard":2,"game":34,"split":"train","plies":40}
{"shard":2,"game":34,"split":"train","plies":60}
{"shard":2,"game":34,"split":"train","plies":80}
{"shard":2,"game":34,"split":"train","plies":100}
{"shard":2,"game":34,"split":"train","plies":120}
{"shard":2,"game":34,"finished":true,"rows":120,"terminal":null}
{"shard":2,"game":38,"split":"train","plies":20}
{"shard":2,"game":38,"split":"train","plies":40}
{"shard":2,"game":38,"split":"train","plies":60}
{"shard":2,"game":38,"split":"train","plies":80}
{"shard":2,"game":38,"split":"train","plies":100}
{"shard":2,"game":38,"split":"train","plies":120}
{"shard":2,"game":38,"finished":true,"rows":120,"terminal":null}
{"shard":2,"game":42,"split":"train","plies":20}
{"shard":2,"game":42,"split":"train","plies":40}
{"shard":2,"game":42,"split":"train","plies":60}
{"shard":2,"game":42,"split":"train","plies":80}
{"shard":2,"game":42,"split":"train","plies":100}
{"shard":2,"game":42,"split":"train","plies":120}
{"shard":2,"game":42,"finished":true,"rows":120,"terminal":null}
{"shard":2,"game":46,"split":"train","plies":20}
{"shard":2,"game":46,"split":"train","plies":40}
{"shard":2,"game":46,"split":"train","plies":60}
{"shard":2,"game":46,"split":"train","plies":80}
{"shard":2,"game":46,"split":"train","plies":100}
{"shard":2,"game":46,"split":"train","plies":120}
{"shard":2,"game":46,"finished":true,"rows":120,"terminal":null}
{"shard":2,"game":50,"split":"train","plies":20}
{"shard":2,"game":50,"split":"train","plies":40}
{"shard":2,"game":50,"split":"train","plies":60}
{"shard":2,"game":50,"split":"train","plies":80}
{"shard":2,"game":50,"split":"train","plies":100}
{"shard":2,"game":50,"split":"train","plies":120}
{"shard":2,"game":50,"finished":true,"rows":120,"terminal":null}
{"shard":2,"game":54,"split":"train","plies":20}
{"shard":2,"game":54,"split":"train","plies":40}
{"shard":2,"game":54,"split":"train","plies":60}
{"shard":2,"game":54,"split":"train","plies":80}
{"shard":2,"game":54,"split":"train","plies":100}
{"shard":2,"game":54,"split":"train","plies":120}
{"shard":2,"game":54,"finished":true,"rows":120,"terminal":null}
{"shard":2,"game":58,"split":"train","plies":20}
{"shard":2,"game":58,"split":"train","plies":40}
{"shard":2,"game":58,"split":"train","plies":60}
{"shard":2,"game":58,"split":"train","plies":80}
{"shard":2,"game":58,"finished":true,"rows":90,"terminal":{"reason":"no-legal-move","loser":"white"}}
{"shard":2,"game":62,"split":"train","plies":20}
{"shard":2,"game":62,"split":"train","plies":40}
{"shard":2,"game":62,"split":"train","plies":60}
{"shard":2,"game":62,"split":"train","plies":80}
{"shard":2,"game":62,"finished":true,"rows":99,"terminal":{"reason":"no-legal-move","loser":"white"}}
{"shard":2,"game":66,"split":"train","plies":20}
{"shard":2,"game":66,"split":"train","plies":40}
{"shard":2,"game":66,"split":"train","plies":60}
{"shard":2,"game":66,"split":"train","plies":80}
{"shard":2,"game":66,"split":"train","plies":100}
{"shard":2,"game":66,"finished":true,"rows":103,"terminal":{"reason":"no-legal-move","loser":"white"}}
{"shard":2,"game":70,"split":"train","plies":20}
{"shard":2,"game":70,"split":"train","plies":40}
{"shard":2,"game":70,"split":"train","plies":60}
{"shard":2,"game":70,"split":"train","plies":80}
{"shard":2,"game":70,"split":"train","plies":100}
{"shard":2,"game":70,"split":"train","plies":120}
{"shard":2,"game":70,"finished":true,"rows":120,"terminal":null}
{"shard":2,"game":74,"split":"train","plies":20}
{"shard":2,"game":74,"split":"train","plies":40}
{"shard":2,"game":74,"split":"train","plies":60}
{"shard":2,"game":74,"split":"train","plies":80}
{"shard":2,"game":74,"split":"train","plies":100}
{"shard":2,"game":74,"finished":true,"rows":101,"terminal":{"reason":"no-legal-move","loser":"black"}}
{"shard":2,"game":78,"split":"train","plies":20}
{"shard":2,"game":78,"split":"train","plies":40}
{"shard":2,"game":78,"split":"train","plies":60}
{"shard":2,"game":78,"split":"train","plies":80}
{"shard":2,"game":78,"split":"train","plies":100}
{"shard":2,"game":78,"split":"train","plies":120}
{"shard":2,"game":78,"finished":true,"rows":120,"terminal":null}
{"shard":2,"game":82,"split":"train","plies":20}
{"shard":2,"game":82,"split":"train","plies":40}
{"shard":2,"game":82,"split":"train","plies":60}
{"shard":2,"game":82,"split":"train","plies":80}
{"shard":2,"game":82,"split":"train","plies":100}
{"shard":2,"game":82,"split":"train","plies":120}
{"shard":2,"game":82,"finished":true,"rows":120,"terminal":null}
{"shard":2,"game":86,"split":"train","plies":20}
{"shard":2,"game":86,"split":"train","plies":40}
{"shard":2,"game":86,"split":"train","plies":60}
{"shard":2,"game":86,"split":"train","plies":80}
{"shard":2,"game":86,"split":"train","plies":100}
{"shard":2,"game":86,"split":"train","plies":120}
{"shard":2,"game":86,"finished":true,"rows":120,"terminal":null}
{"shard":2,"game":90,"split":"train","plies":20}
{"shard":2,"game":90,"split":"train","plies":40}
{"shard":2,"game":90,"split":"train","plies":60}
{"shard":2,"game":90,"split":"train","plies":80}
{"shard":2,"game":90,"split":"train","plies":100}
{"shard":2,"game":90,"split":"train","plies":120}
{"shard":2,"game":90,"finished":true,"rows":120,"terminal":null}
{"shard":2,"game":94,"split":"train","plies":20}
{"shard":2,"game":94,"split":"train","plies":40}
{"shard":2,"game":94,"split":"train","plies":60}
{"shard":2,"game":94,"split":"train","plies":80}
{"shard":2,"game":94,"split":"train","plies":100}
{"shard":2,"game":94,"split":"train","plies":120}
{"shard":2,"game":94,"finished":true,"rows":120,"terminal":null}
{"shard":2,"game":98,"split":"train","plies":20}
{"shard":2,"game":98,"split":"train","plies":40}
{"shard":2,"game":98,"split":"train","plies":60}
{"shard":2,"game":98,"split":"train","plies":80}
{"shard":2,"game":98,"split":"train","plies":100}
{"shard":2,"game":98,"split":"train","plies":120}
{"shard":2,"game":98,"finished":true,"rows":120,"terminal":null}
{"shard":2,"game":102,"split":"train","plies":20}
{"shard":2,"game":102,"split":"train","plies":40}
{"shard":2,"game":102,"split":"train","plies":60}
{"shard":2,"game":102,"finished":true,"rows":79,"terminal":{"reason":"no-legal-move","loser":"white"}}
{"shard":2,"game":106,"split":"train","plies":20}
{"shard":2,"game":106,"split":"train","plies":40}
{"shard":2,"game":106,"split":"train","plies":60}
{"shard":2,"game":106,"split":"train","plies":80}
{"shard":2,"game":106,"split":"train","plies":100}
{"shard":2,"game":106,"split":"train","plies":120}
{"shard":2,"game":106,"finished":true,"rows":120,"terminal":null}
{"shard":2,"game":110,"split":"train","plies":20}
{"shard":2,"game":110,"split":"train","plies":40}
{"shard":2,"game":110,"split":"train","plies":60}
{"shard":2,"game":110,"split":"train","plies":80}
{"shard":2,"game":110,"split":"train","plies":100}
{"shard":2,"game":110,"finished":true,"rows":118,"terminal":{"reason":"no-legal-move","loser":"black"}}
{"shard":2,"game":114,"split":"train","plies":20}
{"shard":2,"game":114,"split":"train","plies":40}
{"shard":2,"game":114,"split":"train","plies":60}
{"shard":2,"game":114,"split":"train","plies":80}
{"shard":2,"game":114,"finished":true,"rows":96,"terminal":{"reason":"no-legal-move","loser":"black"}}
{"shard":2,"game":118,"split":"train","plies":20}
{"shard":2,"game":118,"split":"train","plies":40}
{"shard":2,"game":118,"split":"train","plies":60}
{"shard":2,"game":118,"split":"train","plies":80}
{"shard":2,"game":118,"split":"train","plies":100}
{"shard":2,"game":118,"split":"train","plies":120}
{"shard":2,"game":118,"finished":true,"rows":120,"terminal":null}
{"shard":2,"game":122,"split":"train","plies":20}
{"shard":2,"game":122,"split":"train","plies":40}
{"shard":2,"game":122,"split":"train","plies":60}
{"shard":2,"game":122,"split":"train","plies":80}
{"shard":2,"game":122,"split":"train","plies":100}
{"shard":2,"game":122,"split":"train","plies":120}
{"shard":2,"game":122,"finished":true,"rows":120,"terminal":null}
{"shard":2,"game":126,"split":"train","plies":20}
{"shard":2,"game":126,"split":"train","plies":40}
{"shard":2,"game":126,"split":"train","plies":60}
{"shard":2,"game":126,"split":"train","plies":80}
{"shard":2,"game":126,"split":"train","plies":100}
{"shard":2,"game":126,"split":"train","plies":120}
{"shard":2,"game":126,"finished":true,"rows":120,"terminal":null}
{"shard":2,"game":130,"split":"validation","plies":20}
{"shard":2,"game":130,"split":"validation","plies":40}
{"shard":2,"game":130,"split":"validation","plies":60}
{"shard":2,"game":130,"split":"validation","plies":80}
{"shard":2,"game":130,"split":"validation","plies":100}
{"shard":2,"game":130,"split":"validation","plies":120}
{"shard":2,"game":130,"finished":true,"rows":120,"terminal":null}
{"shard":2,"game":134,"split":"validation","plies":20}
{"shard":2,"game":134,"split":"validation","plies":40}
{"shard":2,"game":134,"split":"validation","plies":60}
{"shard":2,"game":134,"split":"validation","plies":80}
{"shard":2,"game":134,"split":"validation","plies":100}
{"shard":2,"game":134,"split":"validation","plies":120}
{"shard":2,"game":134,"finished":true,"rows":120,"terminal":null}
{"shard":2,"game":138,"split":"validation","plies":20}
{"shard":2,"game":138,"split":"validation","plies":40}
{"shard":2,"game":138,"split":"validation","plies":60}
{"shard":2,"game":138,"split":"validation","plies":80}
{"shard":2,"game":138,"split":"validation","plies":100}
{"shard":2,"game":138,"split":"validation","plies":120}
{"shard":2,"game":138,"finished":true,"rows":120,"terminal":null}
{"shard":2,"game":142,"split":"validation","plies":20}
{"shard":2,"game":142,"split":"validation","plies":40}
{"shard":2,"game":142,"split":"validation","plies":60}
{"shard":2,"game":142,"split":"validation","plies":80}
{"shard":2,"game":142,"split":"validation","plies":100}
{"shard":2,"game":142,"split":"validation","plies":120}
{"shard":2,"game":142,"finished":true,"rows":120,"terminal":null}
{"shard":2,"game":146,"split":"validation","plies":20}
{"shard":2,"game":146,"split":"validation","plies":40}
{"shard":2,"game":146,"split":"validation","plies":60}
{"shard":2,"game":146,"split":"validation","plies":80}
{"shard":2,"game":146,"finished":true,"rows":83,"terminal":{"reason":"no-legal-move","loser":"white"}}
{"shard":2,"game":150,"split":"validation","plies":20}
{"shard":2,"game":150,"split":"validation","plies":40}
{"shard":2,"game":150,"split":"validation","plies":60}
{"shard":2,"game":150,"split":"validation","plies":80}
{"shard":2,"game":150,"finished":true,"rows":84,"terminal":{"reason":"no-legal-move","loser":"black"}}
{"shard":2,"game":154,"split":"validation","plies":20}
{"shard":2,"game":154,"split":"validation","plies":40}
{"shard":2,"game":154,"split":"validation","plies":60}
{"shard":2,"game":154,"split":"validation","plies":80}
{"shard":2,"game":154,"finished":true,"rows":98,"terminal":{"reason":"no-legal-move","loser":"white"}}
{"shard":2,"game":158,"split":"validation","plies":20}
{"shard":2,"game":158,"split":"validation","plies":40}
{"shard":2,"game":158,"split":"validation","plies":60}
{"shard":2,"game":158,"split":"validation","plies":80}
{"shard":2,"game":158,"split":"validation","plies":100}
{"shard":2,"game":158,"split":"validation","plies":120}
{"shard":2,"game":158,"finished":true,"rows":120,"terminal":null}
{"shard":2,"game":162,"split":"test","plies":20}
{"shard":2,"game":162,"split":"test","plies":40}
{"shard":2,"game":162,"split":"test","plies":60}
{"shard":2,"game":162,"split":"test","plies":80}
{"shard":2,"game":162,"split":"test","plies":100}
{"shard":2,"game":162,"split":"test","plies":120}
{"shard":2,"game":162,"finished":true,"rows":120,"terminal":null}
{"shard":2,"game":166,"split":"test","plies":20}
{"shard":2,"game":166,"split":"test","plies":40}
{"shard":2,"game":166,"split":"test","plies":60}
{"shard":2,"game":166,"split":"test","plies":80}
{"shard":2,"game":166,"split":"test","plies":100}
{"shard":2,"game":166,"split":"test","plies":120}
{"shard":2,"game":166,"finished":true,"rows":120,"terminal":null}
{"shard":2,"game":170,"split":"test","plies":20}
{"shard":2,"game":170,"split":"test","plies":40}
{"shard":2,"game":170,"split":"test","plies":60}
{"shard":2,"game":170,"split":"test","plies":80}
{"shard":2,"game":170,"split":"test","plies":100}
{"shard":2,"game":170,"split":"test","plies":120}
{"shard":2,"game":170,"finished":true,"rows":120,"terminal":null}
{"shard":2,"game":174,"split":"test","plies":20}
{"shard":2,"game":174,"split":"test","plies":40}
{"shard":2,"game":174,"split":"test","plies":60}
{"shard":2,"game":174,"split":"test","plies":80}
{"shard":2,"game":174,"split":"test","plies":100}
{"shard":2,"game":174,"split":"test","plies":120}
{"shard":2,"game":174,"finished":true,"rows":120,"terminal":null}
{"shard":2,"game":178,"split":"test","plies":20}
{"shard":2,"game":178,"split":"test","plies":40}
{"shard":2,"game":178,"split":"test","plies":60}
{"shard":2,"game":178,"split":"test","plies":80}
{"shard":2,"game":178,"split":"test","plies":100}
{"shard":2,"game":178,"split":"test","plies":120}
{"shard":2,"game":178,"finished":true,"rows":120,"terminal":null}
{"shard":2,"game":182,"split":"test","plies":20}
{"shard":2,"game":182,"split":"test","plies":40}
{"shard":2,"game":182,"split":"test","plies":60}
{"shard":2,"game":182,"split":"test","plies":80}
{"shard":2,"game":182,"split":"test","plies":100}
{"shard":2,"game":182,"split":"test","plies":120}
{"shard":2,"game":182,"finished":true,"rows":120,"terminal":null}
{"shard":2,"game":186,"split":"test","plies":20}
{"shard":2,"game":186,"split":"test","plies":40}
{"shard":2,"game":186,"split":"test","plies":60}
{"shard":2,"game":186,"split":"test","plies":80}
{"shard":2,"game":186,"split":"test","plies":100}
{"shard":2,"game":186,"split":"test","plies":120}
{"shard":2,"game":186,"finished":true,"rows":120,"terminal":null}
{"shard":2,"game":190,"split":"test","plies":20}
{"shard":2,"game":190,"split":"test","plies":40}
{"shard":2,"game":190,"split":"test","plies":60}
{"shard":2,"game":190,"split":"test","plies":80}
{"shard":2,"game":190,"split":"test","plies":100}
{"shard":2,"game":190,"split":"test","plies":120}
{"shard":2,"game":190,"finished":true,"rows":120,"terminal":null}
