{"shard":3,"game":55,"split":"train","plies":20}
{"shard":3,"game":55,"split":"train","plies":40}
{"shard":3,"game":55,"split":"train","plies":60}
{"shard":3,"game":55,"split":"train","plies":80}
{"shard":3,"game":55,"split":"train","plies":100}
{"shard":3,"game":55,"split":"train","plies":120}
{"shard":3,"game":55,"finished":true,"rows":120,"terminal":null}
{"shard":3,"game":75,"split":"train","plies":20}
{"shard":3,"game":75,"split":"train","plies":40}
{"shard":3,"game":75,"split":"train","plies":60}
{"shard":3,"game":75,"split":"train","plies":80}
{"shard":3,"game":75,"split":"train","plies":100}
{"shard":3,"game":75,"finished":true,"rows":117,"terminal":{"reason":"no-legal-move","loser":"white"}}
{"shard":3,"game":95,"split":"train","plies":20}
{"shard":3,"game":95,"split":"train","plies":40}
{"shard":3,"game":95,"split":"train","plies":60}
{"shard":3,"game":95,"split":"train","plies":80}
{"shard":3,"game":95,"split":"train","plies":100}
{"shard":3,"game":95,"finished":true,"rows":102,"terminal":{"reason":"no-legal-move","loser":"black"}}
{"shard":3,"game":147,"split":"validation","plies":20}
{"shard":3,"game":147,"split":"validation","plies":40}
{"shard":3,"game":147,"split":"validation","plies":60}
{"shard":3,"game":147,"split":"validation","plies":80}
{"shard":3,"game":147,"split":"validation","plies":100}
{"shard":3,"game":147,"finished":true,"rows":100,"terminal":{"reason":"no-legal-move","loser":"black"}}
{"shard":3,"game":151,"split":"validation","plies":20}
{"shard":3,"game":151,"split":"validation","plies":40}
{"shard":3,"game":151,"split":"validation","plies":60}
{"shard":3,"game":151,"split":"validation","plies":80}
{"shard":3,"game":151,"split":"validation","plies":100}
{"shard":3,"game":151,"split":"validation","plies":120}
{"shard":3,"game":151,"finished":true,"rows":120,"terminal":null}
