{
  "test": {
    "1000": {
      "roots": 96,
      "games": 32,
      "models": {
        "base": {
          "cpRoots": 96,
          "meanGapCp": 455.75,
          "p95GapCp": 1045.25,
          "meanDepth": 3.9479166666666665,
          "nodes": 13492071,
          "fallbacks": 0,
          "meanElapsedMs": 1000.89390625
        },
        "anchored50": {
          "cpRoots": 96,
          "meanGapCp": 447.1875,
          "p95GapCp": 964.5,
          "meanDepth": 3.9583333333333335,
          "nodes": 13536825,
          "fallbacks": 0,
          "meanElapsedMs": 1000.8978020833333,
          "better": 5,
          "equal": 87,
          "worse": 4,
          "meanPairedDeltaCp": -8.5625,
          "pairedGameBootstrap95": [
            -54.479166666666664,
            30.77239583333331
          ],
          "mostImproved": [
            {
              "task": 60,
              "game": 180,
              "ply": 24,
              "baseMove": "7g7f",
              "candidateMove": "3f3e",
              "baseGapCp": 1614,
              "candidateGapCp": 0,
              "deltaCp": -1614,
              "baseDepth": 5,
              "candidateDepth": 5,
              "sfen": "ln3gsnl/3sg1kb1/pr2pp1pp/2pp2p2/8P/P2SP1P2/1PPP1P1P1/1BS1R4/LN1GKG1NL b p 1"
            },
            {
              "task": 92,
              "game": 190,
              "ply": 85,
              "baseMove": "P*7e",
              "candidateMove": "6h6i+",
              "baseGapCp": 655,
              "candidateGapCp": 0,
              "deltaCp": -655,
              "baseDepth": 3,
              "candidateDepth": 4,
              "sfen": "l5k1l/4g1g2/2r2snp1/p2s2p1p/1p2pp3/P1GPn1S1P/1PBG1PS2/3pK2R1/L6NL w BNP4p 1"
            },
            {
              "task": 88,
              "game": 189,
              "ply": 71,
              "baseMove": "4d4e",
              "candidateMove": "B*3h",
              "baseGapCp": 245,
              "candidateGapCp": 0,
              "deltaCp": -245,
              "baseDepth": 4,
              "candidateDepth": 3,
              "sfen": "l4g1nl/1p3gk2/p3p1s2/2p2ppp1/1r1ps3p/2P3PP1/P1SPKG3/2G4SL/L4R1N1 w B2Nb4p 1"
            },
            {
              "task": 51,
              "game": 177,
              "ply": 32,
              "baseMove": "5g5f",
              "candidateMove": "3g3f",
              "baseGapCp": 150,
              "candidateGapCp": 0,
              "deltaCp": -150,
              "baseDepth": 5,
              "candidateDepth": 5,
              "sfen": "lns1kg1nl/1r2g4/3pppbs1/p1p3ppp/1p7/P8/1PPPPPPRP/2S1K1S2/LNBG1G1NL b P 1"
            },
            {
              "task": 37,
              "game": 172,
              "ply": 43,
              "baseMove": "B*4d",
              "candidateMove": "B*3c",
              "baseGapCp": 21,
              "candidateGapCp": 0,
              "deltaCp": -21,
              "baseDepth": 4,
              "candidateDepth": 4,
              "sfen": "l4gknl/3rg1s2/p3pp1pp/1pp3s2/1n2B1p2/PPPSP2SP/5P1P1/2GKRG3/LN5NL w Pb2p 1"
            }
          ],
          "mostRegressed": [
            {
              "task": 32,
              "game": 170,
              "ply": 98,
              "baseMove": "3i3h",
              "candidateMove": "3i2h",
              "baseGapCp": 0,
              "candidateGapCp": 941,
              "deltaCp": 941,
              "baseDepth": 3,
              "candidateDepth": 3,
              "sfen": "l2G2+S1l/6+R2/p1pSppnp1/3s3kp/2N2+bP2/P1+b5P/1+p3PSP1/3GPL3/2rPgNKNL b g4p 1"
            },
            {
              "task": 36,
              "game": 172,
              "ply": 25,
              "baseMove": "5d4e",
              "candidateMove": "8d8e",
              "baseGapCp": 17,
              "candidateGapCp": 495,
              "deltaCp": 478,
              "baseDepth": 5,
              "candidateDepth": 4,
              "sfen": "l4gsnl/1r2gk3/p1n1ppbpp/1ppps4/6p2/P1PPP3P/1PB2PSP1/2GSR4/LN2KG1NL w p 1"
            },
            {
              "task": 48,
              "game": 176,
              "ply": 30,
              "baseMove": "4h4g",
              "candidateMove": "6e5d",
              "baseGapCp": 0,
              "candidateGapCp": 376,
              "deltaCp": 376,
              "baseDepth": 4,
              "candidateDepth": 4,
              "sfen": "ln3g1nl/2g1s1k2/pppp1psp1/4p1p1p/2PS2b2/3P1P2P/PPN1P1PP1/2GR1K3/L4GSNL b Rb 1"
            },
            {
              "task": 18,
              "game": 166,
              "ply": 29,
              "baseMove": "6b6c",
              "candidateMove": "5c5d",
              "baseGapCp": 0,
              "candidateGapCp": 68,
              "deltaCp": 68,
              "baseDepth": 5,
              "candidateDepth": 5,
              "sfen": "ln3k1nl/2rsgsg2/4p1bp1/pppp1pp1p/9/P1PPSP1PP/1PBSP1P2/2GKG2R1/LN5NL w - 1"
            },
            {
              "task": 0,
              "game": 160,
              "ply": 21,
              "baseMove": "6b6c",
              "candidateMove": "6b6c",
              "baseGapCp": 0,
              "candidateGapCp": 0,
              "deltaCp": 0,
              "baseDepth": 4,
              "candidateDepth": 4,
              "sfen": "ln3g1nl/1r1sgk1s1/1pp1p3p/p2p1ppp1/9/P1PP1PP2/1PS1P2PP/3RG1K2/LN1G2SNL w Bb 1"
            }
          ]
        }
      },
      "ordinaryScoreDiagnostic": {
        "criterion": "All candidate scores are cp with abs(score)<8000. Supplementary range diagnostic; primary rankings retain all roots.",
        "roots": 95,
        "excludedTasks": [
          46
        ],
        "models": {
          "base": {
            "meanGapCp": 135
          },
          "anchored50": {
            "meanGapCp": 126.34736842105264,
            "meanPairedDeltaCp": -8.652631578947368,
            "pairedGameBootstrap95": [
              -55.295279255319144,
              31.344833669354824
            ]
          }
        }
      }
    },
    "3000": {
      "roots": 24,
      "games": 24,
      "models": {
        "base": {
          "cpRoots": 24,
          "meanGapCp": 180.83333333333334,
          "p95GapCp": 1418.699999999999,
          "meanDepth": 4.416666666666667,
          "nodes": 10227948,
          "fallbacks": 0,
          "meanElapsedMs": 3000.714625
        },
        "anchored50": {
          "cpRoots": 24,
          "meanGapCp": 113.58333333333333,
          "p95GapCp": 841.8499999999985,
          "meanDepth": 4.5,
          "nodes": 10441732,
          "fallbacks": 0,
          "meanElapsedMs": 3000.8,
          "better": 1,
          "equal": 23,
          "worse": 0,
          "meanPairedDeltaCp": -67.25,
          "pairedGameBootstrap95": [
            -201.75,
            0.0
          ],
          "mostImproved": [
            {
              "task": 111,
              "game": 180,
              "ply": 24,
              "baseMove": "7g7f",
              "candidateMove": "3f3e",
              "baseGapCp": 1614,
              "candidateGapCp": 0,
              "deltaCp": -1614,
              "baseDepth": 5,
              "candidateDepth": 5,
              "sfen": "ln3gsnl/3sg1kb1/pr2pp1pp/2pp2p2/8P/P2SP1P2/1PPP1P1P1/1BS1R4/LN1GKG1NL b p 1"
            },
            {
              "task": 96,
              "game": 160,
              "ply": 21,
              "baseMove": "6b6c",
              "candidateMove": "6b6c",
              "baseGapCp": 0,
              "candidateGapCp": 0,
              "deltaCp": 0,
              "baseDepth": 5,
              "candidateDepth": 5,
              "sfen": "ln3g1nl/1r1sgk1s1/1pp1p3p/p2p1ppp1/9/P1PP1PP2/1PS1P2PP/3RG1K2/LN1G2SNL w Bb 1"
            },
            {
              "task": 97,
              "game": 161,
              "ply": 36,
              "baseMove": "7a4d+",
              "candidateMove": "7a4d+",
              "baseGapCp": 0,
              "candidateGapCp": 0,
              "deltaCp": 0,
              "baseDepth": 5,
              "candidateDepth": 5,
              "sfen": "lnB1kg1nl/6s2/2pp1g1p1/pr2psp2/1p3N1Pp/P1P3P2/1PNPPS2P/2SK2G2/L2G3RL b Pbp 1"
            },
            {
              "task": 98,
              "game": 162,
              "ply": 73,
              "baseMove": "2h2g",
              "candidateMove": "2h2g",
              "baseGapCp": 0,
              "candidateGapCp": 0,
              "deltaCp": 0,
              "baseDepth": 4,
              "candidateDepth": 4,
              "sfen": "ln2k2n1/2sggls2/1pp1p2p1/p3n1+B1L/2G1N4/2BPPP3/PP1S1S1P1/3KG2+p1/2R6 w L5Prp 1"
            },
            {
              "task": 99,
              "game": 164,
              "ply": 28,
              "baseMove": "4g4f",
              "candidateMove": "4g4f",
              "baseGapCp": 0,
              "candidateGapCp": 0,
              "deltaCp": 0,
              "baseDepth": 5,
              "candidateDepth": 6,
              "sfen": "ln3g1nl/1rs1g1kb1/4pp1p1/p1pp1sp1p/1p2P4/P1PSS4/1PBP1PPPP/2G1R4/LN1K1G1NL b - 1"
            }
          ],
          "mostRegressed": [
            {
              "task": 96,
              "game": 160,
              "ply": 21,
              "baseMove": "6b6c",
              "candidateMove": "6b6c",
              "baseGapCp": 0,
              "candidateGapCp": 0,
              "deltaCp": 0,
              "baseDepth": 5,
              "candidateDepth": 5,
              "sfen": "ln3g1nl/1r1sgk1s1/1pp1p3p/p2p1ppp1/9/P1PP1PP2/1PS1P2PP/3RG1K2/LN1G2SNL w Bb 1"
            },
            {
              "task": 97,
              "game": 161,
              "ply": 36,
              "baseMove": "7a4d+",
              "candidateMove": "7a4d+",
              "baseGapCp": 0,
              "candidateGapCp": 0,
              "deltaCp": 0,
              "baseDepth": 5,
              "candidateDepth": 5,
              "sfen": "lnB1kg1nl/6s2/2pp1g1p1/pr2psp2/1p3N1Pp/P1P3P2/1PNPPS2P/2SK2G2/L2G3RL b Pbp 1"
            },
            {
              "task": 98,
              "game": 162,
              "ply": 73,
              "baseMove": "2h2g",
              "candidateMove": "2h2g",
              "baseGapCp": 0,
              "candidateGapCp": 0,
              "deltaCp": 0,
              "baseDepth": 4,
              "candidateDepth": 4,
              "sfen": "ln2k2n1/2sggls2/1pp1p2p1/p3n1+B1L/2G1N4/2BPPP3/PP1S1S1P1/3KG2+p1/2R6 w L5Prp 1"
            },
            {
              "task": 99,
              "game": 164,
              "ply": 28,
              "baseMove": "4g4f",
              "candidateMove": "4g4f",
              "baseGapCp": 0,
              "candidateGapCp": 0,
              "deltaCp": 0,
              "baseDepth": 5,
              "candidateDepth": 6,
              "sfen": "ln3g1nl/1rs1g1kb1/4pp1p1/p1pp1sp1p/1p2P4/P1PSS4/1PBP1PPPP/2G1R4/LN1K1G1NL b - 1"
            },
            {
              "task": 100,
              "game": 165,
              "ply": 62,
              "baseMove": "S*2b",
              "candidateMove": "S*2b",
              "baseGapCp": 1503,
              "candidateGapCp": 1503,
              "deltaCp": 0,
              "baseDepth": 3,
              "candidateDepth": 3,
              "sfen": "ln3ksR1/4gs3/p2p2gpl/5p1bp/2PB5/1P4p1P/P2P1P1P1/2R1pK1S1/LN1G3NL b SNPg3p 1"
            }
          ]
        }
      },
      "ordinaryScoreDiagnostic": {
        "criterion": "All candidate scores are cp with abs(score)<8000. Supplementary range diagnostic; primary rankings retain all roots.",
        "roots": 24,
        "excludedTasks": [],
        "models": {
          "base": {
            "meanGapCp": 180.83333333333334
          },
          "anchored50": {
            "meanGapCp": 113.58333333333333,
            "meanPairedDeltaCp": -67.25,
            "pairedGameBootstrap95": [
              -201.75,
              0.0
            ]
          }
        }
      }
    }
  },
  "matches": {
    "games": 32,
    "openingPairs": 16,
    "wins": 25,
    "losses": 7,
    "draws": 0,
    "unresolved": 0,
    "plies": 2839,
    "pvMoves": 9329,
    "fallbacks": {
      "base": 17,
      "anchored50": 6
    },
    "rows": [
      {
        "id": "0-black",
        "candidateSide": "black",
        "plies": 102,
        "result": {
          "reason": "checkmate",
          "winner": "black"
        }
      },
      {
        "id": "0-white",
        "candidateSide": "white",
        "plies": 109,
        "result": {
          "reason": "checkmate",
          "winner": "white"
        }
      },
      {
        "id": "1-black",
        "candidateSide": "black",
        "plies": 83,
        "result": {
          "reason": "checkmate",
          "winner": "black"
        }
      },
      {
        "id": "1-white",
        "candidateSide": "white",
        "plies": 117,
        "result": {
          "reason": "checkmate",
          "winner": "black"
        }
      },
      {
        "id": "10-black",
        "candidateSide": "black",
        "plies": 13,
        "result": {
          "reason": "checkmate",
          "winner": "black"
        }
      },
      {
        "id": "10-white",
        "candidateSide": "white",
        "plies": 113,
        "result": {
          "reason": "checkmate",
          "winner": "black"
        }
      },
      {
        "id": "11-black",
        "candidateSide": "black",
        "plies": 121,
        "result": {
          "reason": "checkmate",
          "winner": "black"
        }
      },
      {
        "id": "11-white",
        "candidateSide": "white",
        "plies": 103,
        "result": {
          "reason": "checkmate",
          "winner": "black"
        }
      },
      {
        "id": "12-black",
        "candidateSide": "black",
        "plies": 57,
        "result": {
          "reason": "checkmate",
          "winner": "white"
        }
      },
      {
        "id": "12-white",
        "candidateSide": "white",
        "plies": 63,
        "result": {
          "reason": "checkmate",
          "winner": "white"
        }
      },
      {
        "id": "13-black",
        "candidateSide": "black",
        "plies": 133,
        "result": {
          "reason": "checkmate",
          "winner": "black"
        }
      },
      {
        "id": "13-white",
        "candidateSide": "white",
        "plies": 78,
        "result": {
          "reason": "checkmate",
          "winner": "white"
        }
      },
      {
        "id": "14-black",
        "candidateSide": "black",
        "plies": 129,
        "result": {
          "reason": "checkmate",
          "winner": "black"
        }
      },
      {
        "id": "14-white",
        "candidateSide": "white",
        "plies": 112,
        "result": {
          "reason": "checkmate",
          "winner": "white"
        }
      },
      {
        "id": "15-black",
        "candidateSide": "black",
        "plies": 102,
        "result": {
          "reason": "checkmate",
          "winner": "black"
        }
      },
      {
        "id": "15-white",
        "candidateSide": "white",
        "plies": 101,
        "result": {
          "reason": "checkmate",
          "winner": "white"
        }
      },
      {
        "id": "2-black",
        "candidateSide": "black",
        "plies": 76,
        "result": {
          "reason": "checkmate",
          "winner": "white"
        }
      },
      {
        "id": "2-white",
        "candidateSide": "white",
        "plies": 133,
        "result": {
          "reason": "checkmate",
          "winner": "black"
        }
      },
      {
        "id": "3-black",
        "candidateSide": "black",
        "plies": 69,
        "result": {
          "reason": "checkmate",
          "winner": "black"
        }
      },
      {
        "id": "3-white",
        "candidateSide": "white",
        "plies": 60,
        "result": {
          "reason": "checkmate",
          "winner": "white"
        }
      },
      {
        "id": "4-black",
        "candidateSide": "black",
        "plies": 77,
        "result": {
          "reason": "checkmate",
          "winner": "black"
        }
      },
      {
        "id": "4-white",
        "candidateSide": "white",
        "plies": 88,
        "result": {
          "reason": "checkmate",
          "winner": "white"
        }
      },
      {
        "id": "5-black",
        "candidateSide": "black",
        "plies": 88,
        "result": {
          "reason": "checkmate",
          "winner": "black"
        }
      },
      {
        "id": "5-white",
        "candidateSide": "white",
        "plies": 101,
        "result": {
          "reason": "checkmate",
          "winner": "white"
        }
      },
      {
        "id": "6-black",
        "candidateSide": "black",
        "plies": 76,
        "result": {
          "reason": "checkmate",
          "winner": "black"
        }
      },
      {
        "id": "6-white",
        "candidateSide": "white",
        "plies": 56,
        "result": {
          "reason": "checkmate",
          "winner": "black"
        }
      },
      {
        "id": "7-black",
        "candidateSide": "black",
        "plies": 106,
        "result": {
          "reason": "checkmate",
          "winner": "black"
        }
      },
      {
        "id": "7-white",
        "candidateSide": "white",
        "plies": 69,
        "result": {
          "reason": "checkmate",
          "winner": "white"
        }
      },
      {
        "id": "8-black",
        "candidateSide": "black",
        "plies": 61,
        "result": {
          "reason": "checkmate",
          "winner": "black"
        }
      },
      {
        "id": "8-white",
        "candidateSide": "white",
        "plies": 80,
        "result": {
          "reason": "checkmate",
          "winner": "white"
        }
      },
      {
        "id": "9-black",
        "candidateSide": "black",
        "plies": 87,
        "result": {
          "reason": "checkmate",
          "winner": "black"
        }
      },
      {
        "id": "9-white",
        "candidateSide": "white",
        "plies": 76,
        "result": {
          "reason": "checkmate",
          "winner": "white"
        }
      }
    ],
    "scoreRate": 0.78125,
    "pairedOpeningBootstrap95": [
      0.625,
      0.90625
    ]
  }
}
