{"ply":77,"name":"baseline","completed":true,"iteration":3,"rootChildren":22,"nodes":689236}
{"ply":77,"name":"adaptive","completed":false,"iteration":-1,"rootChildren":7,"nodes":658906}
{"ply":77,"name":"blend","completed":false,"iteration":-1,"rootChildren":7,"nodes":610652}
{"ply":77,"name":"clipped","completed":false,"iteration":-1,"rootChildren":7,"nodes":636147}
{"ply":79,"name":"adaptive","completed":false,"iteration":-1,"rootChildren":40,"nodes":646316}
{"ply":79,"name":"blend","completed":false,"iteration":-1,"rootChildren":40,"nodes":622869}
{"ply":79,"name":"clipped","completed":false,"iteration":-1,"rootChildren":40,"nodes":623144}
{"ply":79,"name":"baseline","completed":true,"iteration":2,"rootChildren":71,"nodes":664843}
{"ply":81,"name":"blend","completed":false,"iteration":-1,"rootChildren":41,"nodes":598197}
{"ply":81,"name":"clipped","completed":false,"iteration":-1,"rootChildren":48,"nodes":610652}
{"ply":81,"name":"baseline","completed":true,"iteration":4,"rootChildren":66,"nodes":613126}
{"ply":81,"name":"adaptive","completed":false,"iteration":-1,"rootChildren":41,"nodes":601355}
{"ply":83,"name":"clipped","completed":false,"iteration":-1,"rootChildren":24,"nodes":585348}
{"ply":83,"name":"baseline","completed":true,"iteration":4,"rootChildren":26,"nodes":653726}
{"ply":83,"name":"adaptive","completed":true,"iteration":1,"rootChildren":26,"nodes":623403}
{"ply":83,"name":"blend","completed":false,"iteration":-1,"rootChildren":24,"nodes":575010}
{"ply":85,"name":"baseline","completed":true,"iteration":4,"rootChildren":23,"nodes":612234}
{"ply":85,"name":"adaptive","completed":true,"iteration":1,"rootChildren":23,"nodes":591738}
{"ply":85,"name":"blend","completed":false,"iteration":-1,"rootChildren":17,"nodes":557673}
{"ply":85,"name":"clipped","completed":false,"iteration":-1,"rootChildren":21,"nodes":587202}
{"ply":87,"name":"adaptive","completed":false,"iteration":-1,"rootChildren":11,"nodes":672168}
{"ply":87,"name":"blend","completed":false,"iteration":-1,"rootChildren":10,"nodes":536075}
{"ply":87,"name":"clipped","completed":false,"iteration":-1,"rootChildren":11,"nodes":590139}
{"ply":87,"name":"baseline","completed":true,"iteration":3,"rootChildren":17,"nodes":564246}
