{"mode":"matches","id":"0-black-baseline","ply":1,"move":"6i7h"}
{"mode":"matches","id":"0-black-baseline","ply":21,"move":"5f4e"}
{"mode":"matches","id":"0-black-baseline","ply":41,"move":"P*5c"}
{"mode":"matches","id":"0-black-baseline","ply":61,"move":"4d5c+"}
{"mode":"matches","id":"0-black-baseline","plies":78,"result":{"reason":"checkmate","winner":"white"}}
{"mode":"matches","id":"0-black-adaptive","ply":1,"move":"2g2f"}
{"mode":"matches","id":"0-black-adaptive","ply":21,"move":"3i4h"}
{"mode":"matches","id":"0-black-adaptive","ply":41,"move":"9f9e"}
{"mode":"matches","id":"0-black-adaptive","ply":61,"move":"2d2i"}
{"mode":"matches","id":"0-black-adaptive","ply":81,"move":"2g1e"}
{"mode":"matches","id":"0-black-adaptive","ply":101,"move":"8f7g"}
{"mode":"matches","id":"0-black-adaptive","ply":121,"move":"5h4g"}
{"mode":"matches","id":"0-black-adaptive","ply":141,"move":"S*8h"}
{"mode":"matches","id":"0-black-adaptive","plies":144,"result":{"reason":"checkmate","winner":"white"}}
{"mode":"matches","id":"0-black-blend","ply":1,"move":"2g2f"}
{"mode":"matches","id":"0-black-blend","ply":21,"move":"P*2g"}
{"mode":"matches","id":"0-black-blend","ply":41,"move":"3d5d"}
{"mode":"matches","id":"0-black-blend","ply":61,"move":"7h8g"}
{"mode":"matches","id":"0-black-blend","ply":81,"move":"3h4i"}
{"mode":"matches","id":"0-black-blend","plies":84,"result":{"reason":"checkmate","winner":"white"}}
{"mode":"matches","id":"0-black-clipped","ply":1,"move":"2g2f"}
{"mode":"matches","id":"0-black-clipped","ply":21,"move":"P*2g"}
{"mode":"matches","id":"0-black-clipped","ply":41,"move":"3d5d"}
{"mode":"matches","id":"0-black-clipped","ply":61,"move":"7h6h"}
{"mode":"matches","id":"0-black-clipped","ply":81,"move":"3e4f"}
{"mode":"matches","id":"0-black-clipped","ply":101,"move":"3g2f"}
{"mode":"matches","id":"0-black-clipped","plies":104,"result":{"reason":"checkmate","winner":"white"}}
{"mode":"matches","id":"0-white-adaptive","ply":1,"move":"2g2f"}
{"mode":"matches","id":"0-white-adaptive","ply":21,"move":"6e7e"}
{"mode":"matches","id":"0-white-adaptive","ply":41,"move":"3b4a+"}
{"mode":"matches","id":"0-white-adaptive","ply":61,"move":"P*7g"}
{"mode":"matches","id":"0-white-adaptive","ply":81,"move":"N*2e"}
{"mode":"matches","id":"0-white-adaptive","plies":93,"result":{"reason":"checkmate","winner":"black"}}
{"mode":"matches","id":"0-white-blend","ply":1,"move":"2g2f"}
{"mode":"matches","id":"0-white-blend","ply":21,"move":"2i3g"}
{"mode":"matches","id":"0-white-blend","ply":41,"move":"5g5f"}
{"mode":"matches","id":"0-white-blend","ply":61,"move":"7h6g"}
{"mode":"matches","id":"0-white-blend","ply":81,"move":"1a1b"}
{"mode":"matches","id":"0-white-blend","ply":101,"move":"3c3d"}
{"mode":"matches","id":"0-white-blend","ply":121,"move":"G*6b"}
{"mode":"matches","id":"0-white-blend","plies":125,"result":{"reason":"checkmate","winner":"black"}}
{"mode":"matches","id":"0-white-clipped","ply":1,"move":"2g2f"}
{"mode":"matches","id":"0-white-clipped","ply":21,"move":"2i3g"}
{"mode":"matches","id":"0-white-clipped","ply":41,"move":"5g5f"}
{"mode":"matches","id":"0-white-clipped","ply":61,"move":"7h6g"}
{"mode":"matches","id":"0-white-clipped","ply":81,"move":"9d7f"}
{"mode":"matches","id":"0-white-clipped","ply":101,"move":"8c9c"}
{"mode":"matches","id":"0-white-clipped","plies":119,"result":{"reason":"checkmate","winner":"black"}}
{"mode":"matches","id":"0-white-baseline","ply":1,"move":"2g2f"}
{"mode":"matches","id":"0-white-baseline","ply":21,"move":"4i3h"}
{"mode":"matches","id":"0-white-baseline","ply":41,"move":"2h2i"}
{"mode":"matches","id":"0-white-baseline","ply":61,"move":"8e9c+"}
{"mode":"matches","id":"0-white-baseline","ply":81,"move":"2b4b"}
{"mode":"matches","id":"0-white-baseline","ply":101,"move":"R*9b"}
{"mode":"matches","id":"0-white-baseline","plies":107,"result":{"reason":"checkmate","winner":"black"}}
{"mode":"matches","id":"1-black-adaptive","ply":7,"move":"9g9f"}
{"mode":"matches","id":"1-black-adaptive","ply":27,"move":"4h4g"}
{"mode":"matches","id":"1-black-adaptive","ply":47,"move":"1e1d"}
{"mode":"matches","id":"1-black-adaptive","ply":67,"move":"P*9c"}
{"mode":"matches","id":"1-black-adaptive","ply":87,"move":"7e7d"}
{"mode":"matches","id":"1-black-adaptive","ply":107,"move":"7g8f"}
{"mode":"matches","id":"1-black-adaptive","ply":127,"move":"5c7e"}
{"mode":"matches","id":"1-black-adaptive","ply":147,"move":"7f8g"}
{"mode":"matches","id":"1-black-adaptive","plies":142,"result":{"reason":"checkmate","winner":"white"}}
{"mode":"matches","id":"1-black-blend","ply":7,"move":"3i4h"}
{"mode":"matches","id":"1-black-blend","ply":27,"move":"4i3h"}
{"mode":"matches","id":"1-black-blend","ply":47,"move":"4b3a+"}
{"mode":"matches","id":"1-black-blend","ply":67,"move":"9g9h"}
{"mode":"matches","id":"1-black-blend","ply":87,"move":"4c4d"}
{"mode":"matches","id":"1-black-blend","plies":86,"result":{"reason":"checkmate","winner":"white"}}
{"mode":"matches","id":"1-black-clipped","ply":7,"move":"3i4h"}
{"mode":"matches","id":"1-black-clipped","ply":27,"move":"4i3h"}
{"mode":"matches","id":"1-black-clipped","ply":47,"move":"2i3g"}
{"mode":"matches","id":"1-black-clipped","ply":67,"move":"9c8c"}
{"mode":"matches","id":"1-black-clipped","plies":74,"result":{"reason":"checkmate","winner":"white"}}
{"mode":"matches","id":"1-black-baseline","ply":7,"move":"2e2d"}
{"mode":"matches","id":"1-black-baseline","ply":27,"move":"2a2b"}
{"mode":"matches","id":"1-black-baseline","ply":47,"move":"3h2h"}
{"mode":"matches","id":"1-black-baseline","ply":67,"move":"4b5a+"}
{"mode":"matches","id":"1-black-baseline","ply":87,"move":"S*7c"}
{"mode":"matches","id":"1-black-baseline","ply":107,"move":"2h1h"}
{"mode":"matches","id":"1-black-baseline","plies":104,"result":{"reason":"checkmate","winner":"white"}}
{"mode":"matches","id":"1-white-blend","ply":7,"move":"5i6h"}
{"mode":"matches","id":"1-white-blend","ply":27,"move":"3i4h"}
{"mode":"matches","id":"1-white-blend","ply":47,"move":"P*6f"}
{"mode":"matches","id":"1-white-blend","ply":67,"move":"8h8g"}
{"mode":"matches","id":"1-white-blend","ply":87,"move":"3d3c+"}
{"mode":"matches","id":"1-white-blend","plies":89,"result":{"reason":"checkmate","winner":"black"}}
{"mode":"matches","id":"1-white-clipped","ply":7,"move":"5i6h"}
{"mode":"matches","id":"1-white-clipped","ply":27,"move":"5g5f"}
{"mode":"matches","id":"1-white-clipped","ply":47,"move":"2i3g"}
{"mode":"matches","id":"1-white-clipped","ply":67,"move":"7g7h"}
{"mode":"matches","id":"1-white-clipped","ply":87,"move":"2c4c"}
{"mode":"matches","id":"1-white-clipped","ply":107,"move":"4c5c"}
{"mode":"matches","id":"1-white-clipped","plies":105,"result":{"reason":"checkmate","winner":"black"}}
{"mode":"matches","id":"1-white-baseline","ply":7,"move":"5i6h"}
{"mode":"matches","id":"1-white-baseline","ply":27,"move":"2b1a"}
{"mode":"matches","id":"1-white-baseline","ply":47,"move":"4i4h"}
{"mode":"matches","id":"1-white-baseline","ply":67,"move":"G*5b"}
{"mode":"matches","id":"1-white-baseline","plies":75,"result":{"reason":"checkmate","winner":"black"}}
{"mode":"matches","id":"1-white-adaptive","ply":7,"move":"5i6h"}
{"mode":"matches","id":"1-white-adaptive","ply":27,"move":"3g3f"}
{"mode":"matches","id":"1-white-adaptive","ply":47,"move":"7f2f"}
{"mode":"matches","id":"1-white-adaptive","ply":67,"move":"2f2c+"}
{"mode":"matches","id":"1-white-adaptive","plies":69,"result":{"reason":"checkmate","winner":"black"}}
