{"mode":"quality","id":0,"rep":0,"ms":300,"runs":[["baseline","8e8f",4,12],["history","8e8f",4,12],["adaptive","8e8f",2,22],["blend","8e8f",2,22],["clipped","8e8f",2,21],["tempo","8e8f",2,21]]}
{"mode":"quality","id":0,"rep":0,"ms":1000,"runs":[["baseline","8e8f",4,12],["history","8e8f",4,12],["adaptive","1d1e",4,24],["blend","1d1e",3,26],["clipped","1d1e",3,22],["tempo","1d1e",4,25]]}
{"mode":"quality","id":1,"rep":0,"ms":300,"runs":[["history","7c7d",5,13],["adaptive","3c3d",5,23],["blend","3c3d",5,22],["clipped","3c3d",5,22],["tempo","7c7d",5,23],["baseline","7c7d",5,13]]}
{"mode":"quality","id":1,"rep":0,"ms":1000,"runs":[["history","3c3d",6,14],["adaptive","3c3d",6,26],["blend","3c3d",6,31],["clipped","3c3d",6,31],["tempo","7c7d",6,24],["baseline","7c7d",5,13]]}
{"mode":"quality","id":2,"rep":0,"ms":300,"runs":[["adaptive","7i7h",4,19],["blend","7i7h",4,19],["clipped","7i7h",4,19],["tempo","7i7h",4,18],["baseline","7i7h",5,13],["history","7i7h",5,13]]}
{"mode":"quality","id":2,"rep":0,"ms":1000,"runs":[["adaptive","7i7h",5,33],["blend","7i7h",5,33],["clipped","7i7h",5,33],["tempo","7i7h",5,27],["baseline","7i7h",5,13],["history","7i7h",5,13]]}
{"mode":"quality","id":3,"rep":0,"ms":300,"runs":[["blend","P*8f",3,17],["clipped","P*8f",3,17],["tempo","P*8f",3,17],["baseline","P*8f",4,12],["history","P*8f",4,12],["adaptive","P*8f",3,17]]}
{"mode":"quality","id":3,"rep":0,"ms":1000,"runs":[["blend","P*8f",4,17],["clipped","P*8f",4,17],["tempo","P*8f",4,17],["baseline","P*8f",5,13],["history","P*8f",5,13],["adaptive","P*8f",4,17]]}
{"mode":"quality","id":4,"rep":0,"ms":300,"runs":[["clipped","1f1e",5,21],["tempo","1f1e",5,26],["baseline","P*3d",5,13],["history","P*3d",5,13],["adaptive","1f1e",5,28],["blend","1f1e",5,21]]}
{"mode":"quality","id":4,"rep":0,"ms":1000,"runs":[["clipped","1f1e",5,26],["tempo","1f1e",5,27],["baseline","P*3d",5,13],["history","1f1e",6,14],["adaptive","1f1e",5,28],["blend","1f1e",5,26]]}
{"mode":"quality","id":5,"rep":0,"ms":300,"runs":[["tempo","3a2a",5,18],["baseline","3a2a",5,13],["history","3a2a",6,14],["adaptive","3a2a",5,17],["blend","3a2a",5,17],["clipped","3a2a",5,17]]}
{"mode":"quality","id":5,"rep":0,"ms":1000,"runs":[["tempo","3a2a",6,21],["baseline","3a2a",6,15],["history","3a2a",6,15],["adaptive","3a2a",6,19],["blend","3a2a",5,19],["clipped","3a2a",6,19]]}
{"mode":"quality","id":6,"rep":0,"ms":300,"runs":[["baseline","8c7c",4,12],["history","8c7c",5,13],["adaptive","8c7c",4,18],["blend","8c7c",4,17],["clipped","8c7c",4,17],["tempo","8c7c",4,18]]}
{"mode":"quality","id":6,"rep":0,"ms":1000,"runs":[["baseline","8c7c",5,14],["history","8c7c",6,14],["adaptive","8c7c",5,21],["blend","8c7c",5,21],["clipped","8c7c",5,21],["tempo","8c7c",5,21]]}
{"mode":"quality","id":7,"rep":0,"ms":300,"runs":[["history","6b7c",5,13],["adaptive","6b7c",4,15],["blend","6b7c",4,15],["clipped","6b7c",4,15],["tempo","6b7c",4,14],["baseline","6b7c",4,11]]}
{"mode":"quality","id":7,"rep":0,"ms":1000,"runs":[["history","6b7c",5,13],["adaptive","6b7c",5,18],["blend","6b7c",5,18],["clipped","6b7c",5,18],["tempo","6b7c",5,16],["baseline","6b7c",5,13]]}
{"mode":"quality","id":8,"rep":0,"ms":300,"runs":[["adaptive","8a7c",3,18],["blend","8a7c",3,18],["clipped","8a7c",3,18],["tempo","8a7c",3,18],["baseline","8h9i+",4,12],["history","8h9i+",4,12]]}
{"mode":"quality","id":8,"rep":0,"ms":1000,"runs":[["adaptive","8a7c",4,21],["blend","8a7c",4,20],["clipped","8a7c",4,20],["tempo","8a7c",4,20],["baseline","8h9i+",4,12],["history","8h9i+",4,12]]}
{"mode":"quality","id":9,"rep":0,"ms":300,"runs":[["blend","B*7f",3,16],["clipped","B*7f",3,16],["tempo","B*7f",3,16],["baseline","B*7f",4,12],["history","B*7f",4,12],["adaptive","B*7f",3,18]]}
{"mode":"quality","id":9,"rep":0,"ms":1000,"runs":[["blend","B*7f",3,18],["clipped","B*7f",3,18],["tempo","B*4e",4,20],["baseline","B*7f",4,12],["history","B*7f",4,12],["adaptive","B*4e",4,18]]}
{"mode":"quality","id":10,"rep":0,"ms":300,"runs":[["clipped","4d3c",4,22],["tempo","4d1a",4,20],["baseline","4d1a",5,13],["history","4d1a",5,13],["adaptive","4d1a",4,22],["blend","4d3c",4,22]]}
{"mode":"quality","id":10,"rep":0,"ms":1000,"runs":[["clipped","4d3c",5,26],["tempo","4d3c",5,25],["baseline","4d1a",5,13],["history","4d3c",6,14],["adaptive","4d3c",5,25],["blend","4d3c",5,26]]}
{"mode":"quality","id":11,"rep":0,"ms":300,"runs":[["tempo","7g8f",4,18],["baseline","8g8f",4,12],["history","7g8f",5,13],["adaptive","7g8f",4,21],["blend","7g8f",4,24],["clipped","7g8f",4,24]]}
{"mode":"quality","id":11,"rep":0,"ms":1000,"runs":[["tempo","7g8f",5,24],["baseline","7g8f",5,13],["history","7g8f",5,13],["adaptive","8g8f",5,28],["blend","8g8f",5,24],["clipped","8g8f",5,24]]}
{"mode":"quality","id":12,"rep":0,"ms":300,"runs":[["baseline","B*4h",4,12],["history","B*4h",4,12],["adaptive","7h8g",4,20],["blend","B*4h",3,18],["clipped","B*4h",3,18],["tempo","7f7e",4,16]]}
{"mode":"quality","id":12,"rep":0,"ms":1000,"runs":[["baseline","7f7e",5,13],["history","7f7e",5,13],["adaptive","7h8g",4,20],["blend","7h8g",4,24],["clipped","7h8g",4,24],["tempo","7f7e",5,24]]}
{"mode":"quality","id":13,"rep":0,"ms":300,"runs":[["history","9f9e",5,12],["adaptive","9f9e",5,22],["blend","9f9e",5,25],["clipped","9f9e",5,25],["tempo","9f9e",5,18],["baseline","9f9e",5,12]]}
{"mode":"quality","id":13,"rep":0,"ms":1000,"runs":[["history","9f9e",6,14],["adaptive","9f9e",5,25],["blend","9f9e",5,27],["clipped","9f9e",5,27],["tempo","9f9e",5,24],["baseline","9f9e",5,13]]}
{"mode":"quality","id":14,"rep":0,"ms":300,"runs":[["adaptive","8g8f",5,26],["blend","8g8f",5,20],["clipped","8g8f",5,20],["tempo","8g8f",5,20],["baseline","5e5d",5,13],["history","8g8f",6,14]]}
{"mode":"quality","id":14,"rep":0,"ms":1000,"runs":[["adaptive","5e5d",6,26],["blend","5e5d",6,25],["clipped","5e5d",6,25],["tempo","5e5d",6,20],["baseline","8g8f",6,14],["history","8g8f",7,15]]}
{"mode":"quality","id":15,"rep":0,"ms":300,"runs":[["blend","B*4f",3,13],["clipped","B*4f",3,13],["tempo","B*4f",3,12],["baseline","B*4f",4,12],["history","B*4f",4,12],["adaptive","B*4f",3,14]]}
{"mode":"quality","id":15,"rep":0,"ms":1000,"runs":[["blend","B*4f",4,18],["clipped","B*4f",4,18],["tempo","B*4f",4,19],["baseline","B*4f",5,13],["history","B*4f",5,13],["adaptive","B*4f",4,18]]}
{"mode":"quality","id":0,"rep":1,"ms":300,"runs":[["history","8e8f",4,12],["adaptive","8e8f",2,22],["blend","8e8f",2,22],["clipped","8e8f",2,21],["tempo","1d1e",3,21],["baseline","8e8f",4,12]]}
{"mode":"quality","id":0,"rep":1,"ms":1000,"runs":[["history","8e8f",4,12],["adaptive","1d1e",4,24],["blend","1d1e",3,26],["clipped","1d1e",3,22],["tempo","1d1e",4,25],["baseline","8e8f",4,12]]}
{"mode":"quality","id":1,"rep":1,"ms":300,"runs":[["adaptive","3c3d",5,23],["blend","3c3d",5,22],["clipped","3c3d",5,22],["tempo","7c7d",5,23],["baseline","7c7d",5,13],["history","7c7d",5,13]]}
{"mode":"quality","id":1,"rep":1,"ms":1000,"runs":[["adaptive","3c3d",6,26],["blend","3c3d",6,22],["clipped","3c3d",6,31],["tempo","7c7d",6,24],["baseline","7c7d",5,13],["history","3c3d",6,14]]}
{"mode":"quality","id":2,"rep":1,"ms":300,"runs":[["blend","7i7h",4,19],["clipped","7i7h",4,19],["tempo","7i7h",4,18],["baseline","7i7h",5,13],["history","7i7h",5,13],["adaptive","7i7h",4,19]]}
{"mode":"quality","id":2,"rep":1,"ms":1000,"runs":[["blend","7i7h",5,33],["clipped","7i7h",5,33],["tempo","7i7h",5,27],["baseline","7i7h",5,13],["history","7i7h",5,13],["adaptive","7i7h",5,33]]}
{"mode":"quality","id":3,"rep":1,"ms":300,"runs":[["clipped","P*8f",3,17],["tempo","P*8f",3,17],["baseline","P*8f",4,12],["history","P*8f",4,12],["adaptive","P*8f",3,17],["blend","P*8f",3,17]]}
{"mode":"quality","id":3,"rep":1,"ms":1000,"runs":[["clipped","P*8f",4,17],["tempo","P*8f",4,17],["baseline","P*8f",5,13],["history","P*8f",5,13],["adaptive","P*8f",4,17],["blend","P*8f",4,17]]}
{"mode":"quality","id":4,"rep":1,"ms":300,"runs":[["tempo","1f1e",5,26],["baseline","P*3d",5,13],["history","P*3d",5,13],["adaptive","1f1e",5,28],["blend","1f1e",5,21],["clipped","1f1e",5,21]]}
{"mode":"quality","id":4,"rep":1,"ms":1000,"runs":[["tempo","1f1e",5,27],["baseline","P*3d",5,13],["history","1f1e",6,14],["adaptive","1f1e",5,28],["blend","1f1e",5,26],["clipped","1f1e",5,26]]}
{"mode":"quality","id":5,"rep":1,"ms":300,"runs":[["baseline","3a2a",5,13],["history","3a2a",6,14],["adaptive","3a2a",5,17],["blend","3a2a",5,17],["clipped","3a2a",5,17],["tempo","3a2a",5,19]]}
{"mode":"quality","id":5,"rep":1,"ms":1000,"runs":[["baseline","3a2a",6,15],["history","3a2a",6,15],["adaptive","3a2a",5,19],["blend","3a2a",6,19],["clipped","3a2a",6,22],["tempo","3a2a",5,21]]}
{"mode":"quality","id":6,"rep":1,"ms":300,"runs":[["history","8c7c",5,12],["adaptive","8c7c",4,18],["blend","8c7c",4,17],["clipped","8c7c",4,17],["tempo","8c7c",4,18],["baseline","8c7c",4,12]]}
{"mode":"quality","id":6,"rep":1,"ms":1000,"runs":[["history","8c7c",5,14],["adaptive","8c7c",5,21],["blend","8c7c",5,21],["clipped","8c7c",5,21],["tempo","8c7c",5,21],["baseline","8c7c",5,14]]}
{"mode":"quality","id":7,"rep":1,"ms":300,"runs":[["adaptive","6b7c",4,15],["blend","6b7c",4,15],["clipped","6b7c",4,15],["tempo","6b7c",4,14],["baseline","6b7c",4,11],["history","6b7c",5,13]]}
{"mode":"quality","id":7,"rep":1,"ms":1000,"runs":[["adaptive","6b7c",5,18],["blend","6b7c",5,18],["clipped","6b7c",5,18],["tempo","6b7c",5,16],["baseline","6b7c",5,13],["history","6b7c",5,13]]}
{"mode":"quality","id":8,"rep":1,"ms":300,"runs":[["blend","8a7c",3,18],["clipped","8a7c",3,18],["tempo","8a7c",3,18],["baseline","8h9i+",4,12],["history","8h9i+",4,12],["adaptive","8a7c",3,18]]}
{"mode":"quality","id":8,"rep":1,"ms":1000,"runs":[["blend","8a7c",4,20],["clipped","8a7c",4,20],["tempo","8a7c",4,20],["baseline","8h9i+",4,12],["history","8a7c",5,13],["adaptive","8a7c",4,21]]}
{"mode":"quality","id":9,"rep":1,"ms":300,"runs":[["clipped","B*7f",3,16],["tempo","B*7f",3,16],["baseline","B*7f",4,12],["history","B*7f",4,12],["adaptive","B*7f",3,18],["blend","B*7f",3,16]]}
{"mode":"quality","id":9,"rep":1,"ms":1000,"runs":[["clipped","B*7f",3,18],["tempo","B*4e",4,20],["baseline","B*7f",4,12],["history","B*7f",4,12],["adaptive","B*7f",3,18],["blend","B*7f",3,18]]}
{"mode":"quality","id":10,"rep":1,"ms":300,"runs":[["tempo","4d1a",4,20],["baseline","4d1a",5,13],["history","4d1a",5,13],["adaptive","4d1a",4,22],["blend","4d3c",4,22],["clipped","4d3c",4,22]]}
{"mode":"quality","id":10,"rep":1,"ms":1000,"runs":[["tempo","4d3c",5,25],["baseline","4d1a",5,13],["history","4d3c",6,14],["adaptive","4d3c",5,25],["blend","4d3c",5,26],["clipped","4d3c",5,26]]}
{"mode":"quality","id":11,"rep":1,"ms":300,"runs":[["baseline","8g8f",4,12],["history","7g8f",5,13],["adaptive","7g8f",4,21],["blend","7g8f",4,24],["clipped","7g8f",4,24],["tempo","7g8f",4,20]]}
{"mode":"quality","id":11,"rep":1,"ms":1000,"runs":[["baseline","7g8f",5,13],["history","7g8f",5,13],["adaptive","8g8f",5,28],["blend","8g8f",5,24],["clipped","8g8f",5,24],["tempo","7g8f",5,24]]}
{"mode":"quality","id":12,"rep":1,"ms":300,"runs":[["history","B*4h",4,12],["adaptive","B*4h",3,20],["blend","B*4h",3,18],["clipped","B*4h",3,18],["tempo","7f7e",4,16],["baseline","B*4h",4,12]]}
{"mode":"quality","id":12,"rep":1,"ms":1000,"runs":[["history","7f7e",5,13],["adaptive","7h8g",4,20],["blend","7h8g",4,24],["clipped","7h8g",4,24],["tempo","7f7e",5,24],["baseline","7f7e",5,13]]}
{"mode":"quality","id":13,"rep":1,"ms":300,"runs":[["adaptive","9f9e",5,22],["blend","9f9e",5,25],["clipped","9f9e",5,25],["tempo","9f9e",5,19],["baseline","9f9e",5,12],["history","9f9e",5,12]]}
{"mode":"quality","id":13,"rep":1,"ms":1000,"runs":[["adaptive","9f9e",5,25],["blend","9f9e",5,27],["clipped","9f9e",5,27],["tempo","9f9e",5,24],["baseline","9f9e",5,13],["history","9f9e",6,14]]}
{"mode":"quality","id":14,"rep":1,"ms":300,"runs":[["blend","8g8f",5,20],["clipped","8g8f",5,20],["tempo","8g8f",5,20],["baseline","5e5d",5,13],["history","8g8f",6,14],["adaptive","8g8f",5,26]]}
{"mode":"quality","id":14,"rep":1,"ms":1000,"runs":[["blend","5e5d",6,25],["clipped","5e5d",6,25],["tempo","5e5d",6,20],["baseline","8g8f",6,14],["history","8g8f",7,15],["adaptive","5e5d",6,26]]}
{"mode":"quality","id":15,"rep":1,"ms":300,"runs":[["clipped","B*4f",3,13],["tempo","B*4f",3,12],["baseline","B*4f",4,12],["history","B*4f",4,12],["adaptive","B*4f",3,14],["blend","B*4f",3,13]]}
{"mode":"quality","id":15,"rep":1,"ms":1000,"runs":[["clipped","B*4f",4,18],["tempo","B*4f",4,19],["baseline","B*4f",5,13],["history","B*4f",5,13],["adaptive","B*4f",4,18],["blend","B*4f",4,18]]}
