{"mode":"dev","id":0,"candidates":[["5i4h","cp",-248],["6g6f","cp",-297],["4i5h","cp",-313]]}
{"mode":"dev","id":1,"candidates":[["8g8f","cp",-221]]}
{"mode":"dev","id":2,"candidates":[["3i4h","cp",-306],["2i3g","cp",-82],["4i5h","cp",-326]]}
{"mode":"dev","id":3,"candidates":[["7g6h","cp",65],["5g5f","cp",32],["6g6f","cp",5]]}
{"mode":"dev","id":4,"candidates":[["P*5g","cp",-297],["4b3b","cp",-232]]}
{"mode":"dev","id":5,"candidates":[["7h7e","cp",347],["6i5h","cp",23]]}
{"mode":"dev","id":6,"candidates":[["7i7h","cp",-305],["5i4h","cp",-163]]}
{"mode":"dev","id":7,"candidates":[["8h7g","cp",282]]}
{"mode":"dev","id":8,"candidates":[["P*2c","cp",7]]}
{"mode":"dev","id":9,"candidates":[["4i5i","cp",-395],["2i3g","cp",-471]]}
{"mode":"dev","id":10,"candidates":[["7e7d","cp",436]]}
{"mode":"dev","id":11,"candidates":[["3i2h","cp",307]]}
{"mode":"dev","id":12,"candidates":[["7h6g","cp",-490]]}
{"mode":"dev","id":13,"candidates":[["2h5h","cp",531]]}
{"mode":"dev","id":14,"candidates":[["7a6b","cp",-144]]}
{"mode":"dev","id":15,"candidates":[["3c4d","cp",-1965],["2d2e","cp",-701]]}
{"mode":"dev","id":16,"candidates":[["5e5d","cp",318]]}
{"mode":"dev","id":17,"candidates":[["2h2d","cp",-125]]}
{"mode":"dev","id":18,"candidates":[["3g3f","cp",222],["7g3c+","cp",232]]}
{"mode":"dev","id":19,"candidates":[["6b6c","cp",31],["8a7c","cp",62]]}
{"mode":"dev","id":20,"candidates":[["5f8f","cp",-830],["8g8f","cp",-212]]}
{"mode":"dev","id":21,"candidates":[["4c4d","cp",-103],["5c5d","cp",24]]}
{"mode":"dev","id":22,"candidates":[["3g3f","cp",-57],["7i6h","cp",-143]]}
{"mode":"dev","id":23,"candidates":[["7c7d","cp",-103]]}
