{"mode":"devfixed","id":0,"rep":0,"name":"base","nodes":5378,"complete":true}
{"mode":"devfixed","id":0,"rep":0,"name":"capture","nodes":5298,"complete":true}
{"mode":"devfixed","id":0,"rep":0,"name":"policy1capture","nodes":4966,"complete":true}
{"mode":"devfixed","id":0,"rep":0,"name":"capturelmr","nodes":3298,"complete":true}
{"mode":"devfixed","id":0,"rep":0,"name":"policy1capturelmr","nodes":2767,"complete":true}
{"mode":"devfixed","id":1,"rep":0,"name":"capture","nodes":4110,"complete":true}
{"mode":"devfixed","id":1,"rep":0,"name":"policy1capture","nodes":3441,"complete":true}
{"mode":"devfixed","id":1,"rep":0,"name":"capturelmr","nodes":2907,"complete":true}
{"mode":"devfixed","id":1,"rep":0,"name":"policy1capturelmr","nodes":2223,"complete":true}
{"mode":"devfixed","id":1,"rep":0,"name":"base","nodes":4107,"complete":true}
{"mode":"devfixed","id":2,"rep":0,"name":"policy1capture","nodes":3000,"complete":true}
{"mode":"devfixed","id":2,"rep":0,"name":"capturelmr","nodes":1649,"complete":true}
{"mode":"devfixed","id":2,"rep":0,"name":"policy1capturelmr","nodes":1280,"complete":true}
{"mode":"devfixed","id":2,"rep":0,"name":"base","nodes":4844,"complete":true}
{"mode":"devfixed","id":2,"rep":0,"name":"capture","nodes":4791,"complete":true}
{"mode":"devfixed","id":3,"rep":0,"name":"capturelmr","nodes":2963,"complete":true}
{"mode":"devfixed","id":3,"rep":0,"name":"policy1capturelmr","nodes":1463,"complete":true}
{"mode":"devfixed","id":3,"rep":0,"name":"base","nodes":4818,"complete":true}
{"mode":"devfixed","id":3,"rep":0,"name":"capture","nodes":4816,"complete":true}
{"mode":"devfixed","id":3,"rep":0,"name":"policy1capture","nodes":3104,"complete":true}
{"mode":"devfixed","id":4,"rep":0,"name":"policy1capturelmr","nodes":4415,"complete":true}
{"mode":"devfixed","id":4,"rep":0,"name":"base","nodes":14367,"complete":true}
{"mode":"devfixed","id":4,"rep":0,"name":"capture","nodes":13978,"complete":true}
{"mode":"devfixed","id":4,"rep":0,"name":"policy1capture","nodes":6390,"complete":true}
{"mode":"devfixed","id":4,"rep":0,"name":"capturelmr","nodes":10066,"complete":true}
{"mode":"devfixed","id":5,"rep":0,"name":"base","nodes":5175,"complete":true}
{"mode":"devfixed","id":5,"rep":0,"name":"capture","nodes":6187,"complete":true}
{"mode":"devfixed","id":5,"rep":0,"name":"policy1capture","nodes":5632,"complete":true}
{"mode":"devfixed","id":5,"rep":0,"name":"capturelmr","nodes":5149,"complete":true}
{"mode":"devfixed","id":5,"rep":0,"name":"policy1capturelmr","nodes":4600,"complete":true}
{"mode":"devfixed","id":6,"rep":0,"name":"capture","nodes":9761,"complete":true}
{"mode":"devfixed","id":6,"rep":0,"name":"policy1capture","nodes":6756,"complete":true}
{"mode":"devfixed","id":6,"rep":0,"name":"capturelmr","nodes":3823,"complete":true}
{"mode":"devfixed","id":6,"rep":0,"name":"policy1capturelmr","nodes":2359,"complete":true}
{"mode":"devfixed","id":6,"rep":0,"name":"base","nodes":10139,"complete":true}
{"mode":"devfixed","id":7,"rep":0,"name":"policy1capture","nodes":2218,"complete":true}
{"mode":"devfixed","id":7,"rep":0,"name":"capturelmr","nodes":1495,"complete":true}
{"mode":"devfixed","id":7,"rep":0,"name":"policy1capturelmr","nodes":1550,"complete":true}
{"mode":"devfixed","id":7,"rep":0,"name":"base","nodes":2579,"complete":true}
{"mode":"devfixed","id":7,"rep":0,"name":"capture","nodes":2163,"complete":true}
{"mode":"devfixed","id":8,"rep":0,"name":"capturelmr","nodes":11472,"complete":true}
{"mode":"devfixed","id":8,"rep":0,"name":"policy1capturelmr","nodes":10571,"complete":true}
{"mode":"devfixed","id":8,"rep":0,"name":"base","nodes":50031,"complete":true}
{"mode":"devfixed","id":8,"rep":0,"name":"capture","nodes":14754,"complete":true}
{"mode":"devfixed","id":8,"rep":0,"name":"policy1capture","nodes":10862,"complete":true}
{"mode":"devfixed","id":9,"rep":0,"name":"policy1capturelmr","nodes":2213,"complete":true}
{"mode":"devfixed","id":9,"rep":0,"name":"base","nodes":6426,"complete":true}
{"mode":"devfixed","id":9,"rep":0,"name":"capture","nodes":6443,"complete":true}
{"mode":"devfixed","id":9,"rep":0,"name":"policy1capture","nodes":5322,"complete":true}
{"mode":"devfixed","id":9,"rep":0,"name":"capturelmr","nodes":3277,"complete":true}
{"mode":"devfixed","id":10,"rep":0,"name":"base","nodes":4681,"complete":true}
{"mode":"devfixed","id":10,"rep":0,"name":"capture","nodes":4925,"complete":true}
{"mode":"devfixed","id":10,"rep":0,"name":"policy1capture","nodes":4943,"complete":true}
{"mode":"devfixed","id":10,"rep":0,"name":"capturelmr","nodes":2694,"complete":true}
{"mode":"devfixed","id":10,"rep":0,"name":"policy1capturelmr","nodes":2696,"complete":true}
{"mode":"devfixed","id":11,"rep":0,"name":"capture","nodes":3679,"complete":true}
{"mode":"devfixed","id":11,"rep":0,"name":"policy1capture","nodes":2585,"complete":true}
{"mode":"devfixed","id":11,"rep":0,"name":"capturelmr","nodes":1849,"complete":true}
{"mode":"devfixed","id":11,"rep":0,"name":"policy1capturelmr","nodes":934,"complete":true}
{"mode":"devfixed","id":11,"rep":0,"name":"base","nodes":3568,"complete":true}
{"mode":"devfixed","id":12,"rep":0,"name":"policy1capture","nodes":2723,"complete":true}
{"mode":"devfixed","id":12,"rep":0,"name":"capturelmr","nodes":1827,"complete":true}
{"mode":"devfixed","id":12,"rep":0,"name":"policy1capturelmr","nodes":1365,"complete":true}
{"mode":"devfixed","id":12,"rep":0,"name":"base","nodes":3059,"complete":true}
{"mode":"devfixed","id":12,"rep":0,"name":"capture","nodes":3142,"complete":true}
{"mode":"devfixed","id":13,"rep":0,"name":"capturelmr","nodes":53743,"complete":true}
{"mode":"devfixed","id":13,"rep":0,"name":"policy1capturelmr","nodes":65450,"complete":true}
{"mode":"devfixed","id":13,"rep":0,"name":"base","nodes":77706,"complete":true}
{"mode":"devfixed","id":13,"rep":0,"name":"capture","nodes":60473,"complete":true}
{"mode":"devfixed","id":13,"rep":0,"name":"policy1capture","nodes":70659,"complete":true}
{"mode":"devfixed","id":14,"rep":0,"name":"policy1capturelmr","nodes":2420,"complete":true}
{"mode":"devfixed","id":14,"rep":0,"name":"base","nodes":5176,"complete":true}
{"mode":"devfixed","id":14,"rep":0,"name":"capture","nodes":5147,"complete":true}
{"mode":"devfixed","id":14,"rep":0,"name":"policy1capture","nodes":3837,"complete":true}
{"mode":"devfixed","id":14,"rep":0,"name":"capturelmr","nodes":3796,"complete":true}
{"mode":"devfixed","id":15,"rep":0,"name":"base","nodes":3874,"complete":true}
{"mode":"devfixed","id":15,"rep":0,"name":"capture","nodes":3130,"complete":true}
{"mode":"devfixed","id":15,"rep":0,"name":"policy1capture","nodes":2851,"complete":true}
{"mode":"devfixed","id":15,"rep":0,"name":"capturelmr","nodes":1951,"complete":true}
{"mode":"devfixed","id":15,"rep":0,"name":"policy1capturelmr","nodes":1552,"complete":true}
{"mode":"devfixed","id":16,"rep":0,"name":"capture","nodes":3826,"complete":true}
{"mode":"devfixed","id":16,"rep":0,"name":"policy1capture","nodes":4242,"complete":true}
{"mode":"devfixed","id":16,"rep":0,"name":"capturelmr","nodes":2820,"complete":true}
{"mode":"devfixed","id":16,"rep":0,"name":"policy1capturelmr","nodes":3223,"complete":true}
{"mode":"devfixed","id":16,"rep":0,"name":"base","nodes":4824,"complete":true}
{"mode":"devfixed","id":17,"rep":0,"name":"policy1capture","nodes":2508,"complete":true}
{"mode":"devfixed","id":17,"rep":0,"name":"capturelmr","nodes":2687,"complete":true}
{"mode":"devfixed","id":17,"rep":0,"name":"policy1capturelmr","nodes":1760,"complete":true}
{"mode":"devfixed","id":17,"rep":0,"name":"base","nodes":3716,"complete":true}
{"mode":"devfixed","id":17,"rep":0,"name":"capture","nodes":3453,"complete":true}
{"mode":"devfixed","id":18,"rep":0,"name":"capturelmr","nodes":1153,"complete":true}
{"mode":"devfixed","id":18,"rep":0,"name":"policy1capturelmr","nodes":1825,"complete":true}
{"mode":"devfixed","id":18,"rep":0,"name":"base","nodes":3496,"complete":true}
{"mode":"devfixed","id":18,"rep":0,"name":"capture","nodes":3348,"complete":true}
{"mode":"devfixed","id":18,"rep":0,"name":"policy1capture","nodes":2620,"complete":true}
{"mode":"devfixed","id":19,"rep":0,"name":"policy1capturelmr","nodes":2659,"complete":true}
{"mode":"devfixed","id":19,"rep":0,"name":"base","nodes":5800,"complete":true}
{"mode":"devfixed","id":19,"rep":0,"name":"capture","nodes":5823,"complete":true}
{"mode":"devfixed","id":19,"rep":0,"name":"policy1capture","nodes":4929,"complete":true}
{"mode":"devfixed","id":19,"rep":0,"name":"capturelmr","nodes":4004,"complete":true}
{"mode":"devfixed","id":20,"rep":0,"name":"base","nodes":2321,"complete":true}
{"mode":"devfixed","id":20,"rep":0,"name":"capture","nodes":2209,"complete":true}
{"mode":"devfixed","id":20,"rep":0,"name":"policy1capture","nodes":2158,"complete":true}
{"mode":"devfixed","id":20,"rep":0,"name":"capturelmr","nodes":1309,"complete":true}
{"mode":"devfixed","id":20,"rep":0,"name":"policy1capturelmr","nodes":1257,"complete":true}
{"mode":"devfixed","id":21,"rep":0,"name":"capture","nodes":6794,"complete":true}
{"mode":"devfixed","id":21,"rep":0,"name":"policy1capture","nodes":6125,"complete":true}
{"mode":"devfixed","id":21,"rep":0,"name":"capturelmr","nodes":5268,"complete":true}
{"mode":"devfixed","id":21,"rep":0,"name":"policy1capturelmr","nodes":4738,"complete":true}
{"mode":"devfixed","id":21,"rep":0,"name":"base","nodes":6797,"complete":true}
{"mode":"devfixed","id":22,"rep":0,"name":"policy1capture","nodes":2123,"complete":true}
{"mode":"devfixed","id":22,"rep":0,"name":"capturelmr","nodes":2511,"complete":true}
{"mode":"devfixed","id":22,"rep":0,"name":"policy1capturelmr","nodes":932,"complete":true}
{"mode":"devfixed","id":22,"rep":0,"name":"base","nodes":4155,"complete":true}
{"mode":"devfixed","id":22,"rep":0,"name":"capture","nodes":4093,"complete":true}
{"mode":"devfixed","id":23,"rep":0,"name":"capturelmr","nodes":4162,"complete":true}
{"mode":"devfixed","id":23,"rep":0,"name":"policy1capturelmr","nodes":3076,"complete":true}
{"mode":"devfixed","id":23,"rep":0,"name":"base","nodes":7740,"complete":true}
{"mode":"devfixed","id":23,"rep":0,"name":"capture","nodes":5965,"complete":true}
{"mode":"devfixed","id":23,"rep":0,"name":"policy1capture","nodes":3832,"complete":true}
