{"mode":"quality","id":0,"candidates":[["6b6c","cp",-624],["5a4a","cp",-178]]}
{"mode":"quality","id":1,"candidates":[["2b1c","cp",-318],["7c7d","cp",-198],["8c8d","cp",-187]]}
{"mode":"quality","id":2,"candidates":[["2f2e","cp",-65],["5i6h","cp",66]]}
{"mode":"quality","id":3,"candidates":[["3c2b","cp",-97],["3c4d","cp",-302]]}
{"mode":"quality","id":4,"candidates":[["2i3g","cp",-47],["3h4g","cp",-57],["4h3i","cp",-4],["5h5i","cp",-76]]}
{"mode":"quality","id":5,"candidates":[["4a4b","cp",-1465],["3c2b","cp",-220],["6a5b","cp",-1465],["P*3d","cp",-31]]}
{"mode":"quality","id":6,"candidates":[["7g6h","cp",-255]]}
{"mode":"quality","id":7,"candidates":[["1c1d","cp",-126],["5a4b","cp",-213],["B*6e","cp",-294]]}
{"mode":"quality","id":8,"candidates":[["7c7d","cp",-217],["7a6b","cp",-196]]}
{"mode":"quality","id":9,"candidates":[["7c6e","cp",245]]}
{"mode":"quality","id":10,"candidates":[["3e3f","cp",-556],["7b6c","cp",-637],["4a3a","cp",-531]]}
{"mode":"quality","id":11,"candidates":[["7h7g","cp",-207]]}
{"mode":"quality","id":12,"candidates":[["2f2e","cp",61]]}
{"mode":"quality","id":13,"candidates":[["6f6e","cp",-813],["7h6g","cp",-578]]}
{"mode":"quality","id":14,"candidates":[["6h7g","cp",-323],["2h3g","cp",-318]]}
{"mode":"quality","id":15,"candidates":[["3g4f","cp",-124],["4i4h","cp",-217],["4i5h","cp",-151]]}
{"mode":"quality","id":16,"candidates":[["7b7e","cp",-601],["6a5b","cp",-401],["4a5b","cp",-546],["P*7g","cp",-257]]}
{"mode":"quality","id":17,"candidates":[["2h2f","cp",-97],["8f7g","cp",-50]]}
{"mode":"quality","id":18,"candidates":[["L*5b","cp",-122],["4b3b","cp",357]]}
{"mode":"quality","id":19,"candidates":[["6h6g","cp",-165],["2h2d","cp",-120]]}
{"mode":"quality","id":20,"candidates":[["3a2b","cp",-280],["8f8g+","cp",-448]]}
